Archive member included because of file (symbol)

/opt/CodeSourcery/bin/../lib/gcc/arm-none-eabi/4.5.1/../../../../arm-none-eabi/lib/libc.a(lib_a-putchar.o)
                              main.o (putchar)
/opt/CodeSourcery/bin/../lib/gcc/arm-none-eabi/4.5.1/../../../../arm-none-eabi/lib/libc.a(lib_a-puts.o)
                              main.o (puts)
/opt/CodeSourcery/bin/../lib/gcc/arm-none-eabi/4.5.1/../../../../arm-none-eabi/lib/libc.a(lib_a-strlen.o)
                              /opt/CodeSourcery/bin/../lib/gcc/arm-none-eabi/4.5.1/../../../../arm-none-eabi/lib/libc.a(lib_a-puts.o) (strlen)
/opt/CodeSourcery/bin/../lib/gcc/arm-none-eabi/4.5.1/../../../../arm-none-eabi/lib/libc.a(lib_a-fvwrite.o)
                              /opt/CodeSourcery/bin/../lib/gcc/arm-none-eabi/4.5.1/../../../../arm-none-eabi/lib/libc.a(lib_a-puts.o) (__sfvwrite_r)
/opt/CodeSourcery/bin/../lib/gcc/arm-none-eabi/4.5.1/../../../../arm-none-eabi/lib/libc.a(lib_a-impure.o)
                              /opt/CodeSourcery/bin/../lib/gcc/arm-none-eabi/4.5.1/../../../../arm-none-eabi/lib/libc.a(lib_a-putchar.o) (_impure_ptr)
/opt/CodeSourcery/bin/../lib/gcc/arm-none-eabi/4.5.1/../../../../arm-none-eabi/lib/libc.a(lib_a-mallocr.o)
                              /opt/CodeSourcery/bin/../lib/gcc/arm-none-eabi/4.5.1/../../../../arm-none-eabi/lib/libc.a(lib_a-fvwrite.o) (_malloc_r)
/opt/CodeSourcery/bin/../lib/gcc/arm-none-eabi/4.5.1/../../../../arm-none-eabi/lib/libc.a(lib_a-memchr.o)
                              /opt/CodeSourcery/bin/../lib/gcc/arm-none-eabi/4.5.1/../../../../arm-none-eabi/lib/libc.a(lib_a-fvwrite.o) (memchr)
/opt/CodeSourcery/bin/../lib/gcc/arm-none-eabi/4.5.1/../../../../arm-none-eabi/lib/libc.a(lib_a-memcpy.o)
                              /opt/CodeSourcery/bin/../lib/gcc/arm-none-eabi/4.5.1/../../../../arm-none-eabi/lib/libc.a(lib_a-fvwrite.o) (memcpy)
/opt/CodeSourcery/bin/../lib/gcc/arm-none-eabi/4.5.1/../../../../arm-none-eabi/lib/libc.a(lib_a-memmove.o)
                              /opt/CodeSourcery/bin/../lib/gcc/arm-none-eabi/4.5.1/../../../../arm-none-eabi/lib/libc.a(lib_a-fvwrite.o) (memmove)
/opt/CodeSourcery/bin/../lib/gcc/arm-none-eabi/4.5.1/../../../../arm-none-eabi/lib/libc.a(lib_a-mlock.o)
                              /opt/CodeSourcery/bin/../lib/gcc/arm-none-eabi/4.5.1/../../../../arm-none-eabi/lib/libc.a(lib_a-mallocr.o) (__malloc_lock)
/opt/CodeSourcery/bin/../lib/gcc/arm-none-eabi/4.5.1/../../../../arm-none-eabi/lib/libc.a(lib_a-putc.o)
                              /opt/CodeSourcery/bin/../lib/gcc/arm-none-eabi/4.5.1/../../../../arm-none-eabi/lib/libc.a(lib_a-putchar.o) (_putc_r)
/opt/CodeSourcery/bin/../lib/gcc/arm-none-eabi/4.5.1/../../../../arm-none-eabi/lib/libc.a(lib_a-reallocr.o)
                              /opt/CodeSourcery/bin/../lib/gcc/arm-none-eabi/4.5.1/../../../../arm-none-eabi/lib/libc.a(lib_a-fvwrite.o) (_realloc_r)
/opt/CodeSourcery/bin/../lib/gcc/arm-none-eabi/4.5.1/../../../../arm-none-eabi/lib/libc.a(lib_a-wbuf.o)
                              /opt/CodeSourcery/bin/../lib/gcc/arm-none-eabi/4.5.1/../../../../arm-none-eabi/lib/libc.a(lib_a-putc.o) (__swbuf_r)
/opt/CodeSourcery/bin/../lib/gcc/arm-none-eabi/4.5.1/../../../../arm-none-eabi/lib/libc.a(lib_a-wsetup.o)
                              /opt/CodeSourcery/bin/../lib/gcc/arm-none-eabi/4.5.1/../../../../arm-none-eabi/lib/libc.a(lib_a-fvwrite.o) (__swsetup_r)
/opt/CodeSourcery/bin/../lib/gcc/arm-none-eabi/4.5.1/../../../../arm-none-eabi/lib/libc.a(lib_a-fflush.o)
                              /opt/CodeSourcery/bin/../lib/gcc/arm-none-eabi/4.5.1/../../../../arm-none-eabi/lib/libc.a(lib_a-fvwrite.o) (_fflush_r)
/opt/CodeSourcery/bin/../lib/gcc/arm-none-eabi/4.5.1/../../../../arm-none-eabi/lib/libc.a(lib_a-findfp.o)
                              /opt/CodeSourcery/bin/../lib/gcc/arm-none-eabi/4.5.1/../../../../arm-none-eabi/lib/libc.a(lib_a-putc.o) (__sinit)
/opt/CodeSourcery/bin/../lib/gcc/arm-none-eabi/4.5.1/../../../../arm-none-eabi/lib/libc.a(lib_a-freer.o)
                              /opt/CodeSourcery/bin/../lib/gcc/arm-none-eabi/4.5.1/../../../../arm-none-eabi/lib/libc.a(lib_a-fvwrite.o) (_free_r)
/opt/CodeSourcery/bin/../lib/gcc/arm-none-eabi/4.5.1/../../../../arm-none-eabi/lib/libc.a(lib_a-fwalk.o)
                              /opt/CodeSourcery/bin/../lib/gcc/arm-none-eabi/4.5.1/../../../../arm-none-eabi/lib/libc.a(lib_a-findfp.o) (_fwalk)
/opt/CodeSourcery/bin/../lib/gcc/arm-none-eabi/4.5.1/../../../../arm-none-eabi/lib/libc.a(lib_a-makebuf.o)
                              /opt/CodeSourcery/bin/../lib/gcc/arm-none-eabi/4.5.1/../../../../arm-none-eabi/lib/libc.a(lib_a-wsetup.o) (__smakebuf_r)
/opt/CodeSourcery/bin/../lib/gcc/arm-none-eabi/4.5.1/../../../../arm-none-eabi/lib/libc.a(lib_a-memset.o)
                              /opt/CodeSourcery/bin/../lib/gcc/arm-none-eabi/4.5.1/../../../../arm-none-eabi/lib/libc.a(lib_a-findfp.o) (memset)
/opt/CodeSourcery/bin/../lib/gcc/arm-none-eabi/4.5.1/../../../../arm-none-eabi/lib/libc.a(lib_a-stdio.o)
                              /opt/CodeSourcery/bin/../lib/gcc/arm-none-eabi/4.5.1/../../../../arm-none-eabi/lib/libc.a(lib_a-findfp.o) (__sread)
/opt/CodeSourcery/bin/../lib/gcc/arm-none-eabi/4.5.1/../../../../arm-none-eabi/lib/libc.a(lib_a-fclose.o)
                              /opt/CodeSourcery/bin/../lib/gcc/arm-none-eabi/4.5.1/../../../../arm-none-eabi/lib/libc.a(lib_a-findfp.o) (fclose)
/opt/CodeSourcery/bin/../lib/gcc/arm-none-eabi/4.5.1/../../../../arm-none-eabi/lib/libc.a(lib_a-isattyr.o)
                              /opt/CodeSourcery/bin/../lib/gcc/arm-none-eabi/4.5.1/../../../../arm-none-eabi/lib/libc.a(lib_a-makebuf.o) (_isatty_r)
/opt/CodeSourcery/bin/../lib/gcc/arm-none-eabi/4.5.1/../../../../arm-none-eabi/lib/libc.a(lib_a-reent.o)
                              /opt/CodeSourcery/bin/../lib/gcc/arm-none-eabi/4.5.1/../../../../arm-none-eabi/lib/libc.a(lib_a-isattyr.o) (errno)
/opt/CodeSourcery/bin/../lib/gcc/arm-none-eabi/4.5.1/libgcc.a(_udivsi3.o)
                              uart.o (__aeabi_uidiv)
/opt/CodeSourcery/bin/../lib/gcc/arm-none-eabi/4.5.1/libgcc.a(_dvmd_tls.o)
                              /opt/CodeSourcery/bin/../lib/gcc/arm-none-eabi/4.5.1/libgcc.a(_udivsi3.o) (__aeabi_idiv0)

Allocating common symbols
Common symbol       size              file

currentpr           0x4               main.o
__exidx_end         0x4               syscalls.o
errno               0x4               /opt/CodeSourcery/bin/../lib/gcc/arm-none-eabi/4.5.1/../../../../arm-none-eabi/lib/libc.a(lib_a-reent.o)
__exidx_start       0x4               syscalls.o
onepr               0x54              main.o
zeropr              0x54              main.o
i2cErr              0x4               main.o

Discarded input sections

 .data          0x00000000        0x0 asmfunc.o
 .bss           0x00000000        0x0 asmfunc.o
 .text          0x00000000        0x0 main.o
 .data          0x00000000        0x0 main.o
 .bss           0x00000000        0x0 main.o
 .text.create_task
                0x00000000        0x8 main.o
 .text.kill_task
                0x00000000        0x8 main.o
 .text.run_task
                0x00000000        0x8 main.o
 .text.issrgetbit
                0x00000000       0xa8 main.o
 .text.TIMER1_handler
                0x00000000       0x3c main.o
 .text.ymzinit  0x00000000       0x30 main.o
 .text.timer1setup
                0x00000000       0x30 main.o
 .text.fiqregist
                0x00000000       0x54 main.o
 .bss.bit.2942  0x00000000        0x4 main.o
 .bss.twel.2943
                0x00000000        0x4 main.o
 .bss.state.2944
                0x00000000        0x4 main.o
 .text          0x00000000        0x0 i2clib.o
 .data          0x00000000        0x0 i2clib.o
 .bss           0x00000000        0x0 i2clib.o
 .text.i2cmasterset
                0x00000000       0x5c i2clib.o
 .text.i2cstart
                0x00000000       0x84 i2clib.o
 .text.i2crestart
                0x00000000       0xe8 i2clib.o
 .text.i2cstop  0x00000000       0x1c i2clib.o
 .text.i2csender
                0x00000000       0xa0 i2clib.o
 .text.SCCBwrite
                0x00000000       0x98 i2clib.o
 .text.SCCBByteWrite
                0x00000000       0x48 i2clib.o
 .text.vi2c     0x00000000       0x58 i2clib.o
 .rodata.OV7670
                0x00000000      0x204 i2clib.o
 .text          0x00000000        0x0 ymz.o
 .data          0x00000000        0x0 ymz.o
 .bss           0x00000000        0x0 ymz.o
 .text.ymzwrite0
                0x00000000       0x64 ymz.o
 .text.ymzwrite1
                0x00000000       0x34 ymz.o
 .text          0x00000000        0x0 uart.o
 .data          0x00000000        0x0 uart.o
 .bss           0x00000000        0x0 uart.o
 .text.UARTInit
                0x00000000       0xcc uart.o
 .text          0x00000000        0x0 target.o
 .data          0x00000000        0x0 target.o
 .bss           0x00000000        0x0 target.o
 .text          0x00000000        0x0 irq.o
 .data          0x00000000        0x0 irq.o
 .bss           0x00000000        0x0 irq.o
 .text.install_irq
                0x00000000       0x40 irq.o
 .text          0x00000000        0x0 syscalls.o
 .data          0x00000000        0x0 syscalls.o
 .bss           0x00000000        0x0 syscalls.o
 .text.isatty   0x00000000        0x8 syscalls.o
 .text._exit    0x00000000        0x4 syscalls.o
 .text._getpid  0x00000000        0x8 syscalls.o
 .text._kill    0x00000000        0x8 syscalls.o
 .text._sbrk    0x00000000       0x30 syscalls.o
 .text._open    0x00000000       0x10 syscalls.o
 .text._close   0x00000000        0x8 syscalls.o
 .text._fstat   0x00000000       0x10 syscalls.o
 .text._lseek   0x00000000        0x8 syscalls.o
 .text._read    0x00000000       0x20 syscalls.o
 .text._write   0x00000000       0x38 syscalls.o
 COMMON         0x00000000        0x8 syscalls.o
 .data          0x00000000        0x0 /opt/CodeSourcery/bin/../lib/gcc/arm-none-eabi/4.5.1/../../../../arm-none-eabi/lib/libc.a(lib_a-putchar.o)
 .bss           0x00000000        0x0 /opt/CodeSourcery/bin/../lib/gcc/arm-none-eabi/4.5.1/../../../../arm-none-eabi/lib/libc.a(lib_a-putchar.o)
 .data          0x00000000        0x0 /opt/CodeSourcery/bin/../lib/gcc/arm-none-eabi/4.5.1/../../../../arm-none-eabi/lib/libc.a(lib_a-puts.o)
 .bss           0x00000000        0x0 /opt/CodeSourcery/bin/../lib/gcc/arm-none-eabi/4.5.1/../../../../arm-none-eabi/lib/libc.a(lib_a-puts.o)
 .data          0x00000000        0x0 /opt/CodeSourcery/bin/../lib/gcc/arm-none-eabi/4.5.1/../../../../arm-none-eabi/lib/libc.a(lib_a-strlen.o)
 .bss           0x00000000        0x0 /opt/CodeSourcery/bin/../lib/gcc/arm-none-eabi/4.5.1/../../../../arm-none-eabi/lib/libc.a(lib_a-strlen.o)
 .data          0x00000000        0x0 /opt/CodeSourcery/bin/../lib/gcc/arm-none-eabi/4.5.1/../../../../arm-none-eabi/lib/libc.a(lib_a-fvwrite.o)
 .bss           0x00000000        0x0 /opt/CodeSourcery/bin/../lib/gcc/arm-none-eabi/4.5.1/../../../../arm-none-eabi/lib/libc.a(lib_a-fvwrite.o)
 .text          0x00000000        0x0 /opt/CodeSourcery/bin/../lib/gcc/arm-none-eabi/4.5.1/../../../../arm-none-eabi/lib/libc.a(lib_a-impure.o)
 .bss           0x00000000        0x0 /opt/CodeSourcery/bin/../lib/gcc/arm-none-eabi/4.5.1/../../../../arm-none-eabi/lib/libc.a(lib_a-impure.o)
 .data          0x00000000        0x0 /opt/CodeSourcery/bin/../lib/gcc/arm-none-eabi/4.5.1/../../../../arm-none-eabi/lib/libc.a(lib_a-memchr.o)
 .bss           0x00000000        0x0 /opt/CodeSourcery/bin/../lib/gcc/arm-none-eabi/4.5.1/../../../../arm-none-eabi/lib/libc.a(lib_a-memchr.o)
 .data          0x00000000        0x0 /opt/CodeSourcery/bin/../lib/gcc/arm-none-eabi/4.5.1/../../../../arm-none-eabi/lib/libc.a(lib_a-memcpy.o)
 .bss           0x00000000        0x0 /opt/CodeSourcery/bin/../lib/gcc/arm-none-eabi/4.5.1/../../../../arm-none-eabi/lib/libc.a(lib_a-memcpy.o)
 .data          0x00000000        0x0 /opt/CodeSourcery/bin/../lib/gcc/arm-none-eabi/4.5.1/../../../../arm-none-eabi/lib/libc.a(lib_a-memmove.o)
 .bss           0x00000000        0x0 /opt/CodeSourcery/bin/../lib/gcc/arm-none-eabi/4.5.1/../../../../arm-none-eabi/lib/libc.a(lib_a-memmove.o)
 .data          0x00000000        0x0 /opt/CodeSourcery/bin/../lib/gcc/arm-none-eabi/4.5.1/../../../../arm-none-eabi/lib/libc.a(lib_a-mlock.o)
 .bss           0x00000000        0x0 /opt/CodeSourcery/bin/../lib/gcc/arm-none-eabi/4.5.1/../../../../arm-none-eabi/lib/libc.a(lib_a-mlock.o)
 .data          0x00000000        0x0 /opt/CodeSourcery/bin/../lib/gcc/arm-none-eabi/4.5.1/../../../../arm-none-eabi/lib/libc.a(lib_a-putc.o)
 .bss           0x00000000        0x0 /opt/CodeSourcery/bin/../lib/gcc/arm-none-eabi/4.5.1/../../../../arm-none-eabi/lib/libc.a(lib_a-putc.o)
 .data          0x00000000        0x0 /opt/CodeSourcery/bin/../lib/gcc/arm-none-eabi/4.5.1/../../../../arm-none-eabi/lib/libc.a(lib_a-reallocr.o)
 .bss           0x00000000        0x0 /opt/CodeSourcery/bin/../lib/gcc/arm-none-eabi/4.5.1/../../../../arm-none-eabi/lib/libc.a(lib_a-reallocr.o)
 .data          0x00000000        0x0 /opt/CodeSourcery/bin/../lib/gcc/arm-none-eabi/4.5.1/../../../../arm-none-eabi/lib/libc.a(lib_a-wbuf.o)
 .bss           0x00000000        0x0 /opt/CodeSourcery/bin/../lib/gcc/arm-none-eabi/4.5.1/../../../../arm-none-eabi/lib/libc.a(lib_a-wbuf.o)
 .data          0x00000000        0x0 /opt/CodeSourcery/bin/../lib/gcc/arm-none-eabi/4.5.1/../../../../arm-none-eabi/lib/libc.a(lib_a-wsetup.o)
 .bss           0x00000000        0x0 /opt/CodeSourcery/bin/../lib/gcc/arm-none-eabi/4.5.1/../../../../arm-none-eabi/lib/libc.a(lib_a-wsetup.o)
 .data          0x00000000        0x0 /opt/CodeSourcery/bin/../lib/gcc/arm-none-eabi/4.5.1/../../../../arm-none-eabi/lib/libc.a(lib_a-fflush.o)
 .bss           0x00000000        0x0 /opt/CodeSourcery/bin/../lib/gcc/arm-none-eabi/4.5.1/../../../../arm-none-eabi/lib/libc.a(lib_a-fflush.o)
 .data          0x00000000        0x0 /opt/CodeSourcery/bin/../lib/gcc/arm-none-eabi/4.5.1/../../../../arm-none-eabi/lib/libc.a(lib_a-findfp.o)
 .bss           0x00000000        0x0 /opt/CodeSourcery/bin/../lib/gcc/arm-none-eabi/4.5.1/../../../../arm-none-eabi/lib/libc.a(lib_a-findfp.o)
 .data          0x00000000        0x0 /opt/CodeSourcery/bin/../lib/gcc/arm-none-eabi/4.5.1/../../../../arm-none-eabi/lib/libc.a(lib_a-freer.o)
 .bss           0x00000000        0x0 /opt/CodeSourcery/bin/../lib/gcc/arm-none-eabi/4.5.1/../../../../arm-none-eabi/lib/libc.a(lib_a-freer.o)
 .data          0x00000000        0x0 /opt/CodeSourcery/bin/../lib/gcc/arm-none-eabi/4.5.1/../../../../arm-none-eabi/lib/libc.a(lib_a-fwalk.o)
 .bss           0x00000000        0x0 /opt/CodeSourcery/bin/../lib/gcc/arm-none-eabi/4.5.1/../../../../arm-none-eabi/lib/libc.a(lib_a-fwalk.o)
 .data          0x00000000        0x0 /opt/CodeSourcery/bin/../lib/gcc/arm-none-eabi/4.5.1/../../../../arm-none-eabi/lib/libc.a(lib_a-makebuf.o)
 .bss           0x00000000        0x0 /opt/CodeSourcery/bin/../lib/gcc/arm-none-eabi/4.5.1/../../../../arm-none-eabi/lib/libc.a(lib_a-makebuf.o)
 .data          0x00000000        0x0 /opt/CodeSourcery/bin/../lib/gcc/arm-none-eabi/4.5.1/../../../../arm-none-eabi/lib/libc.a(lib_a-memset.o)
 .bss           0x00000000        0x0 /opt/CodeSourcery/bin/../lib/gcc/arm-none-eabi/4.5.1/../../../../arm-none-eabi/lib/libc.a(lib_a-memset.o)
 .data          0x00000000        0x0 /opt/CodeSourcery/bin/../lib/gcc/arm-none-eabi/4.5.1/../../../../arm-none-eabi/lib/libc.a(lib_a-stdio.o)
 .bss           0x00000000        0x0 /opt/CodeSourcery/bin/../lib/gcc/arm-none-eabi/4.5.1/../../../../arm-none-eabi/lib/libc.a(lib_a-stdio.o)
 .data          0x00000000        0x0 /opt/CodeSourcery/bin/../lib/gcc/arm-none-eabi/4.5.1/../../../../arm-none-eabi/lib/libc.a(lib_a-fclose.o)
 .bss           0x00000000        0x0 /opt/CodeSourcery/bin/../lib/gcc/arm-none-eabi/4.5.1/../../../../arm-none-eabi/lib/libc.a(lib_a-fclose.o)
 .data          0x00000000        0x0 /opt/CodeSourcery/bin/../lib/gcc/arm-none-eabi/4.5.1/../../../../arm-none-eabi/lib/libc.a(lib_a-isattyr.o)
 .bss           0x00000000        0x0 /opt/CodeSourcery/bin/../lib/gcc/arm-none-eabi/4.5.1/../../../../arm-none-eabi/lib/libc.a(lib_a-isattyr.o)
 .text          0x00000000      0x1a4 /opt/CodeSourcery/bin/../lib/gcc/arm-none-eabi/4.5.1/../../../../arm-none-eabi/lib/libc.a(lib_a-reent.o)
 .data          0x00000000        0x0 /opt/CodeSourcery/bin/../lib/gcc/arm-none-eabi/4.5.1/../../../../arm-none-eabi/lib/libc.a(lib_a-reent.o)
 .bss           0x00000000        0x0 /opt/CodeSourcery/bin/../lib/gcc/arm-none-eabi/4.5.1/../../../../arm-none-eabi/lib/libc.a(lib_a-reent.o)
 .text          0x00000000      0x114 /opt/CodeSourcery/bin/../lib/gcc/arm-none-eabi/4.5.1/libgcc.a(_udivsi3.o)
 .data          0x00000000        0x0 /opt/CodeSourcery/bin/../lib/gcc/arm-none-eabi/4.5.1/libgcc.a(_udivsi3.o)
 .bss           0x00000000        0x0 /opt/CodeSourcery/bin/../lib/gcc/arm-none-eabi/4.5.1/libgcc.a(_udivsi3.o)
 .text          0x00000000        0x4 /opt/CodeSourcery/bin/../lib/gcc/arm-none-eabi/4.5.1/libgcc.a(_dvmd_tls.o)
 .data          0x00000000        0x0 /opt/CodeSourcery/bin/../lib/gcc/arm-none-eabi/4.5.1/libgcc.a(_dvmd_tls.o)
 .bss           0x00000000        0x0 /opt/CodeSourcery/bin/../lib/gcc/arm-none-eabi/4.5.1/libgcc.a(_dvmd_tls.o)

Memory Configuration

Name             Origin             Length             Attributes
ROM              0x00000000         0x0007e000         xr
RAM              0x40000000         0x0000ffe0         w
URAM             0x7fd00000         0x00004000         w
ERAM             0x7fe00000         0x00004000         w
BRAM             0xe0084000         0x00000800         w
*default*        0x00000000         0xffffffff

Linker script and memory map

LOAD asmfunc.o
LOAD main.o
LOAD i2clib.o
LOAD ymz.o
LOAD uart.o
LOAD target.o
LOAD irq.o
LOAD syscalls.o
LOAD /opt/CodeSourcery/bin/../lib/gcc/arm-none-eabi/4.5.1/../../../../arm-none-eabi/lib/libc.a
LOAD /opt/CodeSourcery/bin/../lib/gcc/arm-none-eabi/4.5.1/../../../../arm-none-eabi/lib/libm.a
LOAD /opt/CodeSourcery/bin/../lib/gcc/arm-none-eabi/4.5.1/../../../../arm-none-eabi/lib/libc.a
LOAD /opt/CodeSourcery/bin/../lib/gcc/arm-none-eabi/4.5.1/libgcc.a
START GROUP
LOAD /opt/CodeSourcery/bin/../lib/gcc/arm-none-eabi/4.5.1/libgcc.a
LOAD /opt/CodeSourcery/bin/../lib/gcc/arm-none-eabi/4.5.1/../../../../arm-none-eabi/lib/libc.a
END GROUP

.text           0x00000000     0x3474
 *(.VECTOR)
 .VECTOR        0x00000000       0x40 asmfunc.o
 *(.text .text.*)
 .text          0x00000040      0x45c asmfunc.o
                0x00000324                IrqDisable
                0x0000032c                IrqEnable
                0x00000334                FiqDisable
                0x0000033c                FiqEnable
                0x00000344                ClearVector
                0x0000034c                RegisterVector
                0x00000354                Load_Block
                0x000003c4                Store_Block
 .text.TIMER0_handler
                0x0000049c       0x38 main.o
                0x0000049c                TIMER0_handler
 .text.UARTint  0x000004d4       0x34 main.o
                0x000004d4                UARTint
 .text.Delay    0x00000508       0x2c main.o
                0x00000508                Delay
 .text.func1    0x00000534       0x20 main.o
                0x00000534                func1
 .text.func     0x00000554       0x20 main.o
                0x00000554                func
 .text.timer0setup
                0x00000574       0x2c main.o
                0x00000574                timer0setup
 .text.irqregist
                0x000005a0       0x54 main.o
                0x000005a0                irqregist
 .text.main     0x000005f4       0xb8 main.o
                0x000005f4                main
 .text.i2enable
                0x000006ac       0x14 i2clib.o
                0x000006ac                i2enable
 .text.UARTPutch
                0x000006c0       0x3c uart.o
                0x000006c0                UARTPutch
 .text.UARTGetch
                0x000006fc       0x48 uart.o
                0x000006fc                UARTGetch
 .text.TargetInit
                0x00000744       0x24 target.o
                0x00000744                TargetInit
 .text.GPIOResetInit
                0x00000768       0xdc target.o
                0x00000768                GPIOResetInit
 .text.ConfigurePLL
                0x00000844       0xfc target.o
                0x00000844                ConfigurePLL
 .text.TargetResetInit
                0x00000940       0x58 target.o
                0x00000940                TargetResetInit
 .text.init_VIC
                0x00000998       0x40 irq.o
                0x00000998                init_VIC
 .text._read_r  0x000009d8       0x60 syscalls.o
                0x000009d8                _read_r
 .text._write_r
                0x00000a38       0x4c syscalls.o
                0x00000a38                _write_r
 .text._close_r
                0x00000a84        0x8 syscalls.o
                0x00000a84                _close_r
 .text._lseek_r
                0x00000a8c        0x8 syscalls.o
                0x00000a8c                _lseek_r
 .text._fstat_r
                0x00000a94       0x10 syscalls.o
                0x00000a94                _fstat_r
 .text._sbrk_r  0x00000aa4       0x2c syscalls.o
                0x00000aa4                _sbrk_r
 .text._isatty  0x00000ad0        0x8 syscalls.o
                0x00000ad0                _isatty
 .text          0x00000ad8       0x3c /opt/CodeSourcery/bin/../lib/gcc/arm-none-eabi/4.5.1/../../../../arm-none-eabi/lib/libc.a(lib_a-putchar.o)
                0x00000ad8                _putchar_r
                0x00000aec                putchar
 .text          0x00000b14       0xb4 /opt/CodeSourcery/bin/../lib/gcc/arm-none-eabi/4.5.1/../../../../arm-none-eabi/lib/libc.a(lib_a-puts.o)
                0x00000b14                _puts_r
                0x00000bb4                puts
 .text          0x00000bc8       0x60 /opt/CodeSourcery/bin/../lib/gcc/arm-none-eabi/4.5.1/../../../../arm-none-eabi/lib/libc.a(lib_a-strlen.o)
                0x00000bc8                strlen
 .text          0x00000c28      0x4b0 /opt/CodeSourcery/bin/../lib/gcc/arm-none-eabi/4.5.1/../../../../arm-none-eabi/lib/libc.a(lib_a-fvwrite.o)
                0x00000c28                __sfvwrite_r
 .text          0x000010d8      0x70c /opt/CodeSourcery/bin/../lib/gcc/arm-none-eabi/4.5.1/../../../../arm-none-eabi/lib/libc.a(lib_a-mallocr.o)
                0x000010d8                _malloc_r
 .text          0x000017e4      0x100 /opt/CodeSourcery/bin/../lib/gcc/arm-none-eabi/4.5.1/../../../../arm-none-eabi/lib/libc.a(lib_a-memchr.o)
                0x000017e4                memchr
 .text          0x000018e4      0x1c0 /opt/CodeSourcery/bin/../lib/gcc/arm-none-eabi/4.5.1/../../../../arm-none-eabi/lib/libc.a(lib_a-memcpy.o)
                0x000018e4                memcpy
 .text          0x00001aa4      0x118 /opt/CodeSourcery/bin/../lib/gcc/arm-none-eabi/4.5.1/../../../../arm-none-eabi/lib/libc.a(lib_a-memmove.o)
                0x00001aa4                memmove
 .text          0x00001bbc        0x8 /opt/CodeSourcery/bin/../lib/gcc/arm-none-eabi/4.5.1/../../../../arm-none-eabi/lib/libc.a(lib_a-mlock.o)
                0x00001bbc                __malloc_lock
                0x00001bc0                __malloc_unlock
 .text          0x00001bc4      0x168 /opt/CodeSourcery/bin/../lib/gcc/arm-none-eabi/4.5.1/../../../../arm-none-eabi/lib/libc.a(lib_a-putc.o)
                0x00001bc4                _putc_r
                0x00001c70                putc
 .text          0x00001d2c      0x5c0 /opt/CodeSourcery/bin/../lib/gcc/arm-none-eabi/4.5.1/../../../../arm-none-eabi/lib/libc.a(lib_a-reallocr.o)
                0x00001d2c                _realloc_r
 .text          0x000022ec      0x15c /opt/CodeSourcery/bin/../lib/gcc/arm-none-eabi/4.5.1/../../../../arm-none-eabi/lib/libc.a(lib_a-wbuf.o)
                0x000022ec                __swbuf_r
                0x0000242c                __swbuf
 .text          0x00002448      0x134 /opt/CodeSourcery/bin/../lib/gcc/arm-none-eabi/4.5.1/../../../../arm-none-eabi/lib/libc.a(lib_a-wsetup.o)
                0x00002448                __swsetup_r
 .text          0x0000257c      0x298 /opt/CodeSourcery/bin/../lib/gcc/arm-none-eabi/4.5.1/../../../../arm-none-eabi/lib/libc.a(lib_a-fflush.o)
                0x0000257c                _fflush_r
                0x000027d4                fflush
 .text          0x00002814      0x334 /opt/CodeSourcery/bin/../lib/gcc/arm-none-eabi/4.5.1/../../../../arm-none-eabi/lib/libc.a(lib_a-findfp.o)
                0x00002824                _cleanup_r
                0x0000283c                __sfmoreglue
                0x00002884                _cleanup
                0x00002894                __sinit
                0x000029fc                __sfp
                0x00002af0                __sfp_lock_acquire
                0x00002af4                __sfp_lock_release
                0x00002af8                __sinit_lock_acquire
                0x00002afc                __sinit_lock_release
                0x00002b00                __fp_lock_all
                0x00002b24                __fp_unlock_all
 .text          0x00002b48      0x360 /opt/CodeSourcery/bin/../lib/gcc/arm-none-eabi/4.5.1/../../../../arm-none-eabi/lib/libc.a(lib_a-freer.o)
                0x00002b48                _malloc_trim_r
                0x00002c44                _free_r
 .text          0x00002ea8      0x10c /opt/CodeSourcery/bin/../lib/gcc/arm-none-eabi/4.5.1/../../../../arm-none-eabi/lib/libc.a(lib_a-fwalk.o)
                0x00002ea8                _fwalk
                0x00002f2c                _fwalk_reent
 .text          0x00002fb4      0x164 /opt/CodeSourcery/bin/../lib/gcc/arm-none-eabi/4.5.1/../../../../arm-none-eabi/lib/libc.a(lib_a-makebuf.o)
                0x00002fb4                __smakebuf_r
 .text          0x00003118      0x100 /opt/CodeSourcery/bin/../lib/gcc/arm-none-eabi/4.5.1/../../../../arm-none-eabi/lib/libc.a(lib_a-memset.o)
                0x00003118                memset
 .text          0x00003218       0xdc /opt/CodeSourcery/bin/../lib/gcc/arm-none-eabi/4.5.1/../../../../arm-none-eabi/lib/libc.a(lib_a-stdio.o)
                0x00003218                __sread
                0x0000324c                __seofread
                0x00003254                __swrite
                0x000032ac                __sseek
                0x000032e0                __sclose
 .text          0x000032f4      0x10c /opt/CodeSourcery/bin/../lib/gcc/arm-none-eabi/4.5.1/../../../../arm-none-eabi/lib/libc.a(lib_a-fclose.o)
                0x000032f4                _fclose_r
                0x000033ec                fclose
 .text          0x00003400       0x3c /opt/CodeSourcery/bin/../lib/gcc/arm-none-eabi/4.5.1/../../../../arm-none-eabi/lib/libc.a(lib_a-isattyr.o)
                0x00003400                _isatty_r
 *(.gnu.linkonce.t.*)
 *(.glue_7)
 .glue_7        0x00000000        0x0 linker stubs
 *(.glue_7t)
 .glue_7t       0x00000000        0x0 linker stubs
 *(.gcc_except_table)
 *(.rodata)
 .rodata        0x0000343c        0x4 /opt/CodeSourcery/bin/../lib/gcc/arm-none-eabi/4.5.1/../../../../arm-none-eabi/lib/libc.a(lib_a-impure.o)
                0x0000343c                _global_impure_ptr
 *(.rodata*)
 .rodata.str1.1
                0x00003440       0x2a main.o
 *fill*         0x0000346a        0x2 00
 .rodata.str1.4
                0x0000346c        0x2 /opt/CodeSourcery/bin/../lib/gcc/arm-none-eabi/4.5.1/../../../../arm-none-eabi/lib/libc.a(lib_a-puts.o)
                                  0x4 (size before relaxing)
 *fill*         0x0000346e        0x2 00
 .rodata.str1.4
                0x00003470        0x4 /opt/CodeSourcery/bin/../lib/gcc/arm-none-eabi/4.5.1/../../../../arm-none-eabi/lib/libc.a(lib_a-impure.o)
 *(.gnu.linkonce.r.*)
                0x00003474                . = ALIGN (0x4)

.vfp11_veneer   0x00003474        0x0
 .vfp11_veneer  0x00000000        0x0 linker stubs

.v4_bx          0x00003474        0x0
 .v4_bx         0x00000000        0x0 linker stubs
                0x00003474                . = ALIGN (0x4)
                0x00003474                _etext = .
                0x00003474                PROVIDE (etext, .)

.data           0x40000000      0x840 load address 0x00003474
                0x40000000                _data = .
 *(.data)
 .data          0x40000000      0x430 /opt/CodeSourcery/bin/../lib/gcc/arm-none-eabi/4.5.1/../../../../arm-none-eabi/lib/libc.a(lib_a-impure.o)
                0x40000000                _impure_ptr
 .data          0x40000430      0x410 /opt/CodeSourcery/bin/../lib/gcc/arm-none-eabi/4.5.1/../../../../arm-none-eabi/lib/libc.a(lib_a-mallocr.o)
                0x40000430                __malloc_av_
                0x40000838                __malloc_sbrk_base
                0x4000083c                __malloc_trim_threshold
 *(.data.*)
 *(.gnu.linkonce.d*)
                0x40000840                . = ALIGN (0x4)
                0x40000840                . = ALIGN (0x4)
                0x40000840                _edata = .
                0x40000840                PROVIDE (edata, .)

.bss            0x40000840       0xec load address 0x00003cb4
                0x40000840                __bss_start = .
                0x40000840                __bss_start__ = .
 *(.bss)
 .bss           0x40000840       0x34 /opt/CodeSourcery/bin/../lib/gcc/arm-none-eabi/4.5.1/../../../../arm-none-eabi/lib/libc.a(lib_a-mallocr.o)
                0x40000840                __malloc_top_pad
                0x40000844                __malloc_current_mallinfo
                0x4000086c                __malloc_max_sbrked_mem
                0x40000870                __malloc_max_total_mem
 *(.bss.*)
 .bss.heap_ptr  0x40000874        0x4 syscalls.o
 *(.gnu.linkonce.b*)
 *(COMMON)
 COMMON         0x40000878       0xb0 main.o
                0x40000878                currentpr
                0x4000087c                onepr
                0x400008d0                zeropr
                0x40000924                i2cErr
 COMMON         0x40000928        0x4 /opt/CodeSourcery/bin/../lib/gcc/arm-none-eabi/4.5.1/../../../../arm-none-eabi/lib/libc.a(lib_a-reent.o)
                0x40000928                errno
                0x4000092c                . = ALIGN (0x4)
                0x4000092c                . = ALIGN (0x4)
                0x4000092c                __bss_end__ = .
                0x4000092c                PROVIDE (__bss_end, .)

.stack          0x40000930      0xb00
 *(.stack)
 *(.STACK)
 .STACK         0x40000930      0xb00 asmfunc.o
                0x40001430                PROVIDE (_stack, .)
                0x40001430                . = ALIGN (0x4)
                0x40001430                _end = .
                0x40001430                PROVIDE (end, .)

.usbram         0x7fd00000        0x0
                0x7fd00000                __usbram_start = .
                0x7fd00000                __usbram_start__ = .
 *(.usbram)
                0x7fd00000                . = ALIGN (0x4)

.etherram       0x7fe00000        0x0
                0x7fe00000                __etherram_start = .
                0x7fe00000                __etherram_start__ = .
 *(.etherram)
                0x7fe00000                . = ALIGN (0x4)

.batteryram     0xe0084000        0x0
                0xe0084000                __batteryram_start = .
                0xe0084000                __batteryram_start__ = .
 *(.batteryram)
                0xe0084000                . = ALIGN (0x4)

.stab
 *(.stab)

.stabstr
 *(.stabstr)

.stab.excl
 *(.stab.excl)

.stab.exclstr
 *(.stab.exclstr)

.stab.index
 *(.stab.index)

.stab.indexstr
 *(.stab.indexstr)

.HEAP           0x00000000        0x0
 .HEAP          0x00000000        0x0 asmfunc.o

.ARM.attributes
                0x00000000       0x30
 .ARM.attributes
                0x00000000       0x24 asmfunc.o
 .ARM.attributes
                0x00000024       0x34 main.o
 .ARM.attributes
                0x00000058       0x34 i2clib.o
 .ARM.attributes
                0x0000008c       0x34 ymz.o
 .ARM.attributes
                0x000000c0       0x34 uart.o
 .ARM.attributes
                0x000000f4       0x34 target.o
 .ARM.attributes
                0x00000128       0x34 irq.o
 .ARM.attributes
                0x0000015c       0x34 syscalls.o
 .ARM.attributes
                0x00000190       0x34 /opt/CodeSourcery/bin/../lib/gcc/arm-none-eabi/4.5.1/../../../../arm-none-eabi/lib/libc.a(lib_a-putchar.o)
 .ARM.attributes
                0x000001c4       0x34 /opt/CodeSourcery/bin/../lib/gcc/arm-none-eabi/4.5.1/../../../../arm-none-eabi/lib/libc.a(lib_a-puts.o)
 .ARM.attributes
                0x000001f8       0x34 /opt/CodeSourcery/bin/../lib/gcc/arm-none-eabi/4.5.1/../../../../arm-none-eabi/lib/libc.a(lib_a-strlen.o)
 .ARM.attributes
                0x0000022c       0x34 /opt/CodeSourcery/bin/../lib/gcc/arm-none-eabi/4.5.1/../../../../arm-none-eabi/lib/libc.a(lib_a-fvwrite.o)
 .ARM.attributes
                0x00000260       0x34 /opt/CodeSourcery/bin/../lib/gcc/arm-none-eabi/4.5.1/../../../../arm-none-eabi/lib/libc.a(lib_a-impure.o)
 .ARM.attributes
                0x00000294       0x34 /opt/CodeSourcery/bin/../lib/gcc/arm-none-eabi/4.5.1/../../../../arm-none-eabi/lib/libc.a(lib_a-mallocr.o)
 .ARM.attributes
                0x000002c8       0x34 /opt/CodeSourcery/bin/../lib/gcc/arm-none-eabi/4.5.1/../../../../arm-none-eabi/lib/libc.a(lib_a-memchr.o)
 .ARM.attributes
                0x000002fc       0x34 /opt/CodeSourcery/bin/../lib/gcc/arm-none-eabi/4.5.1/../../../../arm-none-eabi/lib/libc.a(lib_a-memcpy.o)
 .ARM.attributes
                0x00000330       0x34 /opt/CodeSourcery/bin/../lib/gcc/arm-none-eabi/4.5.1/../../../../arm-none-eabi/lib/libc.a(lib_a-memmove.o)
 .ARM.attributes
                0x00000364       0x34 /opt/CodeSourcery/bin/../lib/gcc/arm-none-eabi/4.5.1/../../../../arm-none-eabi/lib/libc.a(lib_a-mlock.o)
 .ARM.attributes
                0x00000398       0x34 /opt/CodeSourcery/bin/../lib/gcc/arm-none-eabi/4.5.1/../../../../arm-none-eabi/lib/libc.a(lib_a-putc.o)
 .ARM.attributes
                0x000003cc       0x34 /opt/CodeSourcery/bin/../lib/gcc/arm-none-eabi/4.5.1/../../../../arm-none-eabi/lib/libc.a(lib_a-reallocr.o)
 .ARM.attributes
                0x00000400       0x34 /opt/CodeSourcery/bin/../lib/gcc/arm-none-eabi/4.5.1/../../../../arm-none-eabi/lib/libc.a(lib_a-wbuf.o)
 .ARM.attributes
                0x00000434       0x34 /opt/CodeSourcery/bin/../lib/gcc/arm-none-eabi/4.5.1/../../../../arm-none-eabi/lib/libc.a(lib_a-wsetup.o)
 .ARM.attributes
                0x00000468       0x34 /opt/CodeSourcery/bin/../lib/gcc/arm-none-eabi/4.5.1/../../../../arm-none-eabi/lib/libc.a(lib_a-fflush.o)
 .ARM.attributes
                0x0000049c       0x34 /opt/CodeSourcery/bin/../lib/gcc/arm-none-eabi/4.5.1/../../../../arm-none-eabi/lib/libc.a(lib_a-findfp.o)
 .ARM.attributes
                0x000004d0       0x34 /opt/CodeSourcery/bin/../lib/gcc/arm-none-eabi/4.5.1/../../../../arm-none-eabi/lib/libc.a(lib_a-freer.o)
 .ARM.attributes
                0x00000504       0x34 /opt/CodeSourcery/bin/../lib/gcc/arm-none-eabi/4.5.1/../../../../arm-none-eabi/lib/libc.a(lib_a-fwalk.o)
 .ARM.attributes
                0x00000538       0x34 /opt/CodeSourcery/bin/../lib/gcc/arm-none-eabi/4.5.1/../../../../arm-none-eabi/lib/libc.a(lib_a-makebuf.o)
 .ARM.attributes
                0x0000056c       0x34 /opt/CodeSourcery/bin/../lib/gcc/arm-none-eabi/4.5.1/../../../../arm-none-eabi/lib/libc.a(lib_a-memset.o)
 .ARM.attributes
                0x000005a0       0x34 /opt/CodeSourcery/bin/../lib/gcc/arm-none-eabi/4.5.1/../../../../arm-none-eabi/lib/libc.a(lib_a-stdio.o)
 .ARM.attributes
                0x000005d4       0x34 /opt/CodeSourcery/bin/../lib/gcc/arm-none-eabi/4.5.1/../../../../arm-none-eabi/lib/libc.a(lib_a-fclose.o)
 .ARM.attributes
                0x00000608       0x34 /opt/CodeSourcery/bin/../lib/gcc/arm-none-eabi/4.5.1/../../../../arm-none-eabi/lib/libc.a(lib_a-isattyr.o)
 .ARM.attributes
                0x0000063c       0x34 /opt/CodeSourcery/bin/../lib/gcc/arm-none-eabi/4.5.1/../../../../arm-none-eabi/lib/libc.a(lib_a-reent.o)
 .ARM.attributes
                0x00000670       0x1a /opt/CodeSourcery/bin/../lib/gcc/arm-none-eabi/4.5.1/libgcc.a(_udivsi3.o)
 .ARM.attributes
                0x0000068a       0x18 /opt/CodeSourcery/bin/../lib/gcc/arm-none-eabi/4.5.1/libgcc.a(_dvmd_tls.o)

.comment        0x00000000       0x2a
 *(.comment)
 .comment       0x00000000       0x2a main.o
                                 0x2b (size before relaxing)
 .comment       0x00000000       0x2b i2clib.o
 .comment       0x00000000       0x2b ymz.o
 .comment       0x00000000       0x2b uart.o
 .comment       0x00000000       0x2b target.o
 .comment       0x00000000       0x2b irq.o
 .comment       0x00000000       0x2b syscalls.o

.debug
 *(.debug)

.line
 *(.line)

.debug_srcinfo
 *(.debug_srcinfo)

.debug_sfnames
 *(.debug_sfnames)

.debug_aranges  0x00000000      0x280
 *(.debug_aranges)
 .debug_aranges
                0x00000000       0x28 asmfunc.o
 .debug_aranges
                0x00000028       0x98 main.o
 .debug_aranges
                0x000000c0       0x60 i2clib.o
 .debug_aranges
                0x00000120       0x28 ymz.o
 .debug_aranges
                0x00000148       0x30 uart.o
 .debug_aranges
                0x00000178       0x38 target.o
 .debug_aranges
                0x000001b0       0x28 irq.o
 .debug_aranges
                0x000001d8       0xa8 syscalls.o

.debug_pubnames
                0x00000000      0x3a5
 *(.debug_pubnames)
 .debug_pubnames
                0x00000000      0x11a main.o
 .debug_pubnames
                0x0000011a       0x9a i2clib.o
 .debug_pubnames
                0x000001b4       0x2e ymz.o
 .debug_pubnames
                0x000001e2       0x3b uart.o
 .debug_pubnames
                0x0000021d       0x58 target.o
 .debug_pubnames
                0x00000275       0x2f irq.o
 .debug_pubnames
                0x000002a4      0x101 syscalls.o

.debug_info     0x00000000     0x1ade
 *(.debug_info .gnu.linkonce.wi.*)
 .debug_info    0x00000000       0x51 asmfunc.o
 .debug_info    0x00000051      0x40d main.o
 .debug_info    0x0000045e      0x26e i2clib.o
 .debug_info    0x000006cc       0xb1 ymz.o
 .debug_info    0x0000077d      0x138 uart.o
 .debug_info    0x000008b5      0x10b target.o
 .debug_info    0x000009c0      0x127 irq.o
 .debug_info    0x00000ae7      0xff7 syscalls.o

.debug_abbrev   0x00000000      0x813
 *(.debug_abbrev)
 .debug_abbrev  0x00000000       0x12 asmfunc.o
 .debug_abbrev  0x00000012      0x1c8 main.o
 .debug_abbrev  0x000001da      0x151 i2clib.o
 .debug_abbrev  0x0000032b       0x8d ymz.o
 .debug_abbrev  0x000003b8       0xbc uart.o
 .debug_abbrev  0x00000474       0xb6 target.o
 .debug_abbrev  0x0000052a       0xc0 irq.o
 .debug_abbrev  0x000005ea      0x229 syscalls.o

.debug_line     0x00000000      0x9e3
 *(.debug_line)
 .debug_line    0x00000000      0x161 asmfunc.o
 .debug_line    0x00000161      0x1b0 main.o
 .debug_line    0x00000311      0x17c i2clib.o
 .debug_line    0x0000048d       0x61 ymz.o
 .debug_line    0x000004ee       0xa8 uart.o
 .debug_line    0x00000596       0xe5 target.o
 .debug_line    0x0000067b       0x7b irq.o
 .debug_line    0x000006f6      0x2ed syscalls.o

.debug_frame    0x00000000      0xb5c
 *(.debug_frame)
 .debug_frame   0x00000000      0x168 main.o
 .debug_frame   0x00000168       0xc8 i2clib.o
 .debug_frame   0x00000230       0x38 ymz.o
 .debug_frame   0x00000268       0x4c uart.o
 .debug_frame   0x000002b4       0x60 target.o
 .debug_frame   0x00000314       0x38 irq.o
 .debug_frame   0x0000034c      0x168 syscalls.o
 .debug_frame   0x000004b4       0x40 /opt/CodeSourcery/bin/../lib/gcc/arm-none-eabi/4.5.1/../../../../arm-none-eabi/lib/libc.a(lib_a-putchar.o)
 .debug_frame   0x000004f4       0x40 /opt/CodeSourcery/bin/../lib/gcc/arm-none-eabi/4.5.1/../../../../arm-none-eabi/lib/libc.a(lib_a-puts.o)
 .debug_frame   0x00000534       0x20 /opt/CodeSourcery/bin/../lib/gcc/arm-none-eabi/4.5.1/../../../../arm-none-eabi/lib/libc.a(lib_a-strlen.o)
 .debug_frame   0x00000554       0x3c /opt/CodeSourcery/bin/../lib/gcc/arm-none-eabi/4.5.1/../../../../arm-none-eabi/lib/libc.a(lib_a-fvwrite.o)
 .debug_frame   0x00000590       0x3c /opt/CodeSourcery/bin/../lib/gcc/arm-none-eabi/4.5.1/../../../../arm-none-eabi/lib/libc.a(lib_a-mallocr.o)
 .debug_frame   0x000005cc       0x2c /opt/CodeSourcery/bin/../lib/gcc/arm-none-eabi/4.5.1/../../../../arm-none-eabi/lib/libc.a(lib_a-memchr.o)
 .debug_frame   0x000005f8       0x30 /opt/CodeSourcery/bin/../lib/gcc/arm-none-eabi/4.5.1/../../../../arm-none-eabi/lib/libc.a(lib_a-memcpy.o)
 .debug_frame   0x00000628       0x2c /opt/CodeSourcery/bin/../lib/gcc/arm-none-eabi/4.5.1/../../../../arm-none-eabi/lib/libc.a(lib_a-memmove.o)
 .debug_frame   0x00000654       0x30 /opt/CodeSourcery/bin/../lib/gcc/arm-none-eabi/4.5.1/../../../../arm-none-eabi/lib/libc.a(lib_a-mlock.o)
 .debug_frame   0x00000684       0x48 /opt/CodeSourcery/bin/../lib/gcc/arm-none-eabi/4.5.1/../../../../arm-none-eabi/lib/libc.a(lib_a-putc.o)
 .debug_frame   0x000006cc       0x3c /opt/CodeSourcery/bin/../lib/gcc/arm-none-eabi/4.5.1/../../../../arm-none-eabi/lib/libc.a(lib_a-reallocr.o)
 .debug_frame   0x00000708       0x3c /opt/CodeSourcery/bin/../lib/gcc/arm-none-eabi/4.5.1/../../../../arm-none-eabi/lib/libc.a(lib_a-wbuf.o)
 .debug_frame   0x00000744       0x2c /opt/CodeSourcery/bin/../lib/gcc/arm-none-eabi/4.5.1/../../../../arm-none-eabi/lib/libc.a(lib_a-wsetup.o)
 .debug_frame   0x00000770       0x48 /opt/CodeSourcery/bin/../lib/gcc/arm-none-eabi/4.5.1/../../../../arm-none-eabi/lib/libc.a(lib_a-fflush.o)
 .debug_frame   0x000007b8      0x12c /opt/CodeSourcery/bin/../lib/gcc/arm-none-eabi/4.5.1/../../../../arm-none-eabi/lib/libc.a(lib_a-findfp.o)
 .debug_frame   0x000008e4       0x50 /opt/CodeSourcery/bin/../lib/gcc/arm-none-eabi/4.5.1/../../../../arm-none-eabi/lib/libc.a(lib_a-freer.o)
 .debug_frame   0x00000934       0x54 /opt/CodeSourcery/bin/../lib/gcc/arm-none-eabi/4.5.1/../../../../arm-none-eabi/lib/libc.a(lib_a-fwalk.o)
 .debug_frame   0x00000988       0x34 /opt/CodeSourcery/bin/../lib/gcc/arm-none-eabi/4.5.1/../../../../arm-none-eabi/lib/libc.a(lib_a-makebuf.o)
 .debug_frame   0x000009bc       0x28 /opt/CodeSourcery/bin/../lib/gcc/arm-none-eabi/4.5.1/../../../../arm-none-eabi/lib/libc.a(lib_a-memset.o)
 .debug_frame   0x000009e4       0x88 /opt/CodeSourcery/bin/../lib/gcc/arm-none-eabi/4.5.1/../../../../arm-none-eabi/lib/libc.a(lib_a-stdio.o)
 .debug_frame   0x00000a6c       0x3c /opt/CodeSourcery/bin/../lib/gcc/arm-none-eabi/4.5.1/../../../../arm-none-eabi/lib/libc.a(lib_a-fclose.o)
 .debug_frame   0x00000aa8       0x2c /opt/CodeSourcery/bin/../lib/gcc/arm-none-eabi/4.5.1/../../../../arm-none-eabi/lib/libc.a(lib_a-isattyr.o)
 .debug_frame   0x00000ad4       0x68 /opt/CodeSourcery/bin/../lib/gcc/arm-none-eabi/4.5.1/../../../../arm-none-eabi/lib/libc.a(lib_a-reent.o)
 .debug_frame   0x00000b3c       0x20 /opt/CodeSourcery/bin/../lib/gcc/arm-none-eabi/4.5.1/libgcc.a(_udivsi3.o)

.debug_str      0x00000000      0x865
 *(.debug_str)
 .debug_str     0x00000000      0x196 main.o
                                0x1e7 (size before relaxing)
 .debug_str     0x00000196       0x8f i2clib.o
                                 0xe1 (size before relaxing)
 .debug_str     0x00000225       0x28 ymz.o
                                 0x5c (size before relaxing)
 .debug_str     0x0000024d       0x4c uart.o
                                0x10e (size before relaxing)
 .debug_str     0x00000299       0x4d target.o
                                0x113 (size before relaxing)
 .debug_str     0x000002e6       0x4e irq.o
                                0x10b (size before relaxing)
 .debug_str     0x00000334      0x531 syscalls.o
                                0x63f (size before relaxing)

.debug_loc      0x00000000      0xa3b
 *(.debug_loc)
 .debug_loc     0x00000000      0x254 main.o
 .debug_loc     0x00000254      0x1f9 i2clib.o
 .debug_loc     0x0000044d       0xa3 ymz.o
 .debug_loc     0x000004f0       0x98 uart.o
 .debug_loc     0x00000588       0x66 target.o
 .debug_loc     0x000005ee       0x7d irq.o
 .debug_loc     0x0000066b      0x3d0 syscalls.o

.debug_macinfo
 *(.debug_macinfo)

.debug_weaknames
 *(.debug_weaknames)

.debug_funcnames
 *(.debug_funcnames)

.debug_typenames
 *(.debug_typenames)

.debug_varnames
 *(.debug_varnames)
OUTPUT(main.elf elf32-littlearm)

.debug_ranges   0x00000000      0x208
 .debug_ranges  0x00000000       0x20 asmfunc.o
 .debug_ranges  0x00000020       0x88 main.o
 .debug_ranges  0x000000a8       0x50 i2clib.o
 .debug_ranges  0x000000f8       0x18 ymz.o
 .debug_ranges  0x00000110       0x20 uart.o
 .debug_ranges  0x00000130       0x28 target.o
 .debug_ranges  0x00000158       0x18 irq.o
 .debug_ranges  0x00000170       0x98 syscalls.o

.debug_pubtypes
                0x00000000      0x229
 .debug_pubtypes
                0x00000000       0x3d main.o
 .debug_pubtypes
                0x0000003d       0x25 uart.o
 .debug_pubtypes
                0x00000062       0x1c target.o
 .debug_pubtypes
                0x0000007e       0x1c irq.o
 .debug_pubtypes
                0x0000009a      0x18f syscalls.o

Cross Reference Table

Symbol                                            File
ClearVector                                       asmfunc.o
ConfigurePLL                                      target.o
Delay                                             main.o
                                                  i2clib.o
FiqDisable                                        asmfunc.o
                                                  main.o
FiqEnable                                         asmfunc.o
                                                  main.o
GPIOResetInit                                     target.o
                                                  main.o
IrqDisable                                        asmfunc.o
                                                  main.o
IrqEnable                                         asmfunc.o
                                                  main.o
Load_Block                                        asmfunc.o
OV7670                                            i2clib.o
RegisterVector                                    asmfunc.o
                                                  main.o
SCCBByteWrite                                     i2clib.o
SCCBwrite                                         i2clib.o
Store_Block                                       asmfunc.o
TIMER0_handler                                    main.o
TIMER1_handler                                    main.o
TargetInit                                        target.o
TargetResetInit                                   target.o
                                                  main.o
UARTGetch                                         uart.o
                                                  syscalls.o
UARTInit                                          uart.o
UARTPutch                                         uart.o
                                                  syscalls.o
UARTint                                           main.o
__aeabi_idiv0                                     /opt/CodeSourcery/bin/../lib/gcc/arm-none-eabi/4.5.1/libgcc.a(_dvmd_tls.o)
                                                  /opt/CodeSourcery/bin/../lib/gcc/arm-none-eabi/4.5.1/libgcc.a(_udivsi3.o)
__aeabi_ldiv0                                     /opt/CodeSourcery/bin/../lib/gcc/arm-none-eabi/4.5.1/libgcc.a(_dvmd_tls.o)
__aeabi_uidiv                                     /opt/CodeSourcery/bin/../lib/gcc/arm-none-eabi/4.5.1/libgcc.a(_udivsi3.o)
                                                  uart.o
__aeabi_uidivmod                                  /opt/CodeSourcery/bin/../lib/gcc/arm-none-eabi/4.5.1/libgcc.a(_udivsi3.o)
__bss_end__                                       asmfunc.o
__bss_start__                                     asmfunc.o
__exidx_end                                       syscalls.o
__exidx_start                                     syscalls.o
__fp_lock_all                                     /opt/CodeSourcery/bin/../lib/gcc/arm-none-eabi/4.5.1/../../../../arm-none-eabi/lib/libc.a(lib_a-findfp.o)
__fp_unlock_all                                   /opt/CodeSourcery/bin/../lib/gcc/arm-none-eabi/4.5.1/../../../../arm-none-eabi/lib/libc.a(lib_a-findfp.o)
__malloc_av_                                      /opt/CodeSourcery/bin/../lib/gcc/arm-none-eabi/4.5.1/../../../../arm-none-eabi/lib/libc.a(lib_a-mallocr.o)
                                                  /opt/CodeSourcery/bin/../lib/gcc/arm-none-eabi/4.5.1/../../../../arm-none-eabi/lib/libc.a(lib_a-freer.o)
                                                  /opt/CodeSourcery/bin/../lib/gcc/arm-none-eabi/4.5.1/../../../../arm-none-eabi/lib/libc.a(lib_a-reallocr.o)
__malloc_current_mallinfo                         /opt/CodeSourcery/bin/../lib/gcc/arm-none-eabi/4.5.1/../../../../arm-none-eabi/lib/libc.a(lib_a-mallocr.o)
                                                  /opt/CodeSourcery/bin/../lib/gcc/arm-none-eabi/4.5.1/../../../../arm-none-eabi/lib/libc.a(lib_a-freer.o)
__malloc_lock                                     /opt/CodeSourcery/bin/../lib/gcc/arm-none-eabi/4.5.1/../../../../arm-none-eabi/lib/libc.a(lib_a-mlock.o)
                                                  /opt/CodeSourcery/bin/../lib/gcc/arm-none-eabi/4.5.1/../../../../arm-none-eabi/lib/libc.a(lib_a-freer.o)
                                                  /opt/CodeSourcery/bin/../lib/gcc/arm-none-eabi/4.5.1/../../../../arm-none-eabi/lib/libc.a(lib_a-reallocr.o)
                                                  /opt/CodeSourcery/bin/../lib/gcc/arm-none-eabi/4.5.1/../../../../arm-none-eabi/lib/libc.a(lib_a-mallocr.o)
__malloc_max_sbrked_mem                           /opt/CodeSourcery/bin/../lib/gcc/arm-none-eabi/4.5.1/../../../../arm-none-eabi/lib/libc.a(lib_a-mallocr.o)
__malloc_max_total_mem                            /opt/CodeSourcery/bin/../lib/gcc/arm-none-eabi/4.5.1/../../../../arm-none-eabi/lib/libc.a(lib_a-mallocr.o)
__malloc_sbrk_base                                /opt/CodeSourcery/bin/../lib/gcc/arm-none-eabi/4.5.1/../../../../arm-none-eabi/lib/libc.a(lib_a-mallocr.o)
                                                  /opt/CodeSourcery/bin/../lib/gcc/arm-none-eabi/4.5.1/../../../../arm-none-eabi/lib/libc.a(lib_a-freer.o)
__malloc_top_pad                                  /opt/CodeSourcery/bin/../lib/gcc/arm-none-eabi/4.5.1/../../../../arm-none-eabi/lib/libc.a(lib_a-mallocr.o)
                                                  /opt/CodeSourcery/bin/../lib/gcc/arm-none-eabi/4.5.1/../../../../arm-none-eabi/lib/libc.a(lib_a-freer.o)
__malloc_trim_threshold                           /opt/CodeSourcery/bin/../lib/gcc/arm-none-eabi/4.5.1/../../../../arm-none-eabi/lib/libc.a(lib_a-mallocr.o)
                                                  /opt/CodeSourcery/bin/../lib/gcc/arm-none-eabi/4.5.1/../../../../arm-none-eabi/lib/libc.a(lib_a-freer.o)
__malloc_unlock                                   /opt/CodeSourcery/bin/../lib/gcc/arm-none-eabi/4.5.1/../../../../arm-none-eabi/lib/libc.a(lib_a-mlock.o)
                                                  /opt/CodeSourcery/bin/../lib/gcc/arm-none-eabi/4.5.1/../../../../arm-none-eabi/lib/libc.a(lib_a-freer.o)
                                                  /opt/CodeSourcery/bin/../lib/gcc/arm-none-eabi/4.5.1/../../../../arm-none-eabi/lib/libc.a(lib_a-reallocr.o)
                                                  /opt/CodeSourcery/bin/../lib/gcc/arm-none-eabi/4.5.1/../../../../arm-none-eabi/lib/libc.a(lib_a-mallocr.o)
__sclose                                          /opt/CodeSourcery/bin/../lib/gcc/arm-none-eabi/4.5.1/../../../../arm-none-eabi/lib/libc.a(lib_a-stdio.o)
                                                  /opt/CodeSourcery/bin/../lib/gcc/arm-none-eabi/4.5.1/../../../../arm-none-eabi/lib/libc.a(lib_a-findfp.o)
__seofread                                        /opt/CodeSourcery/bin/../lib/gcc/arm-none-eabi/4.5.1/../../../../arm-none-eabi/lib/libc.a(lib_a-stdio.o)
__sfmoreglue                                      /opt/CodeSourcery/bin/../lib/gcc/arm-none-eabi/4.5.1/../../../../arm-none-eabi/lib/libc.a(lib_a-findfp.o)
__sfp                                             /opt/CodeSourcery/bin/../lib/gcc/arm-none-eabi/4.5.1/../../../../arm-none-eabi/lib/libc.a(lib_a-findfp.o)
__sfp_lock_acquire                                /opt/CodeSourcery/bin/../lib/gcc/arm-none-eabi/4.5.1/../../../../arm-none-eabi/lib/libc.a(lib_a-findfp.o)
                                                  /opt/CodeSourcery/bin/../lib/gcc/arm-none-eabi/4.5.1/../../../../arm-none-eabi/lib/libc.a(lib_a-fclose.o)
                                                  /opt/CodeSourcery/bin/../lib/gcc/arm-none-eabi/4.5.1/../../../../arm-none-eabi/lib/libc.a(lib_a-fwalk.o)
__sfp_lock_release                                /opt/CodeSourcery/bin/../lib/gcc/arm-none-eabi/4.5.1/../../../../arm-none-eabi/lib/libc.a(lib_a-findfp.o)
                                                  /opt/CodeSourcery/bin/../lib/gcc/arm-none-eabi/4.5.1/../../../../arm-none-eabi/lib/libc.a(lib_a-fclose.o)
                                                  /opt/CodeSourcery/bin/../lib/gcc/arm-none-eabi/4.5.1/../../../../arm-none-eabi/lib/libc.a(lib_a-fwalk.o)
__sfvwrite_r                                      /opt/CodeSourcery/bin/../lib/gcc/arm-none-eabi/4.5.1/../../../../arm-none-eabi/lib/libc.a(lib_a-fvwrite.o)
                                                  /opt/CodeSourcery/bin/../lib/gcc/arm-none-eabi/4.5.1/../../../../arm-none-eabi/lib/libc.a(lib_a-puts.o)
__sinit                                           /opt/CodeSourcery/bin/../lib/gcc/arm-none-eabi/4.5.1/../../../../arm-none-eabi/lib/libc.a(lib_a-findfp.o)
                                                  /opt/CodeSourcery/bin/../lib/gcc/arm-none-eabi/4.5.1/../../../../arm-none-eabi/lib/libc.a(lib_a-fclose.o)
                                                  /opt/CodeSourcery/bin/../lib/gcc/arm-none-eabi/4.5.1/../../../../arm-none-eabi/lib/libc.a(lib_a-fflush.o)
                                                  /opt/CodeSourcery/bin/../lib/gcc/arm-none-eabi/4.5.1/../../../../arm-none-eabi/lib/libc.a(lib_a-wsetup.o)
                                                  /opt/CodeSourcery/bin/../lib/gcc/arm-none-eabi/4.5.1/../../../../arm-none-eabi/lib/libc.a(lib_a-wbuf.o)
                                                  /opt/CodeSourcery/bin/../lib/gcc/arm-none-eabi/4.5.1/../../../../arm-none-eabi/lib/libc.a(lib_a-putc.o)
__sinit_lock_acquire                              /opt/CodeSourcery/bin/../lib/gcc/arm-none-eabi/4.5.1/../../../../arm-none-eabi/lib/libc.a(lib_a-findfp.o)
__sinit_lock_release                              /opt/CodeSourcery/bin/../lib/gcc/arm-none-eabi/4.5.1/../../../../arm-none-eabi/lib/libc.a(lib_a-findfp.o)
__smakebuf_r                                      /opt/CodeSourcery/bin/../lib/gcc/arm-none-eabi/4.5.1/../../../../arm-none-eabi/lib/libc.a(lib_a-makebuf.o)
                                                  /opt/CodeSourcery/bin/../lib/gcc/arm-none-eabi/4.5.1/../../../../arm-none-eabi/lib/libc.a(lib_a-wsetup.o)
__sread                                           /opt/CodeSourcery/bin/../lib/gcc/arm-none-eabi/4.5.1/../../../../arm-none-eabi/lib/libc.a(lib_a-stdio.o)
                                                  /opt/CodeSourcery/bin/../lib/gcc/arm-none-eabi/4.5.1/../../../../arm-none-eabi/lib/libc.a(lib_a-findfp.o)
__sseek                                           /opt/CodeSourcery/bin/../lib/gcc/arm-none-eabi/4.5.1/../../../../arm-none-eabi/lib/libc.a(lib_a-stdio.o)
                                                  /opt/CodeSourcery/bin/../lib/gcc/arm-none-eabi/4.5.1/../../../../arm-none-eabi/lib/libc.a(lib_a-makebuf.o)
                                                  /opt/CodeSourcery/bin/../lib/gcc/arm-none-eabi/4.5.1/../../../../arm-none-eabi/lib/libc.a(lib_a-findfp.o)
__swbuf                                           /opt/CodeSourcery/bin/../lib/gcc/arm-none-eabi/4.5.1/../../../../arm-none-eabi/lib/libc.a(lib_a-wbuf.o)
__swbuf_r                                         /opt/CodeSourcery/bin/../lib/gcc/arm-none-eabi/4.5.1/../../../../arm-none-eabi/lib/libc.a(lib_a-wbuf.o)
                                                  /opt/CodeSourcery/bin/../lib/gcc/arm-none-eabi/4.5.1/../../../../arm-none-eabi/lib/libc.a(lib_a-putc.o)
__swrite                                          /opt/CodeSourcery/bin/../lib/gcc/arm-none-eabi/4.5.1/../../../../arm-none-eabi/lib/libc.a(lib_a-stdio.o)
                                                  /opt/CodeSourcery/bin/../lib/gcc/arm-none-eabi/4.5.1/../../../../arm-none-eabi/lib/libc.a(lib_a-findfp.o)
__swsetup_r                                       /opt/CodeSourcery/bin/../lib/gcc/arm-none-eabi/4.5.1/../../../../arm-none-eabi/lib/libc.a(lib_a-wsetup.o)
                                                  /opt/CodeSourcery/bin/../lib/gcc/arm-none-eabi/4.5.1/../../../../arm-none-eabi/lib/libc.a(lib_a-wbuf.o)
                                                  /opt/CodeSourcery/bin/../lib/gcc/arm-none-eabi/4.5.1/../../../../arm-none-eabi/lib/libc.a(lib_a-fvwrite.o)
__udivsi3                                         /opt/CodeSourcery/bin/../lib/gcc/arm-none-eabi/4.5.1/libgcc.a(_udivsi3.o)
_cleanup                                          /opt/CodeSourcery/bin/../lib/gcc/arm-none-eabi/4.5.1/../../../../arm-none-eabi/lib/libc.a(lib_a-findfp.o)
_cleanup_r                                        /opt/CodeSourcery/bin/../lib/gcc/arm-none-eabi/4.5.1/../../../../arm-none-eabi/lib/libc.a(lib_a-findfp.o)
                                                  /opt/CodeSourcery/bin/../lib/gcc/arm-none-eabi/4.5.1/../../../../arm-none-eabi/lib/libc.a(lib_a-makebuf.o)
_close                                            syscalls.o
_close_r                                          syscalls.o
                                                  /opt/CodeSourcery/bin/../lib/gcc/arm-none-eabi/4.5.1/../../../../arm-none-eabi/lib/libc.a(lib_a-stdio.o)
_data                                             asmfunc.o
_edata                                            asmfunc.o
_etext                                            asmfunc.o
_exit                                             syscalls.o
_fclose_r                                         /opt/CodeSourcery/bin/../lib/gcc/arm-none-eabi/4.5.1/../../../../arm-none-eabi/lib/libc.a(lib_a-fclose.o)
_fflush_r                                         /opt/CodeSourcery/bin/../lib/gcc/arm-none-eabi/4.5.1/../../../../arm-none-eabi/lib/libc.a(lib_a-fflush.o)
                                                  /opt/CodeSourcery/bin/../lib/gcc/arm-none-eabi/4.5.1/../../../../arm-none-eabi/lib/libc.a(lib_a-fclose.o)
                                                  /opt/CodeSourcery/bin/../lib/gcc/arm-none-eabi/4.5.1/../../../../arm-none-eabi/lib/libc.a(lib_a-wbuf.o)
                                                  /opt/CodeSourcery/bin/../lib/gcc/arm-none-eabi/4.5.1/../../../../arm-none-eabi/lib/libc.a(lib_a-fvwrite.o)
_free_r                                           /opt/CodeSourcery/bin/../lib/gcc/arm-none-eabi/4.5.1/../../../../arm-none-eabi/lib/libc.a(lib_a-freer.o)
                                                  /opt/CodeSourcery/bin/../lib/gcc/arm-none-eabi/4.5.1/../../../../arm-none-eabi/lib/libc.a(lib_a-reent.o)
                                                  /opt/CodeSourcery/bin/../lib/gcc/arm-none-eabi/4.5.1/../../../../arm-none-eabi/lib/libc.a(lib_a-fclose.o)
                                                  /opt/CodeSourcery/bin/../lib/gcc/arm-none-eabi/4.5.1/../../../../arm-none-eabi/lib/libc.a(lib_a-fflush.o)
                                                  /opt/CodeSourcery/bin/../lib/gcc/arm-none-eabi/4.5.1/../../../../arm-none-eabi/lib/libc.a(lib_a-wsetup.o)
                                                  /opt/CodeSourcery/bin/../lib/gcc/arm-none-eabi/4.5.1/../../../../arm-none-eabi/lib/libc.a(lib_a-reallocr.o)
                                                  /opt/CodeSourcery/bin/../lib/gcc/arm-none-eabi/4.5.1/../../../../arm-none-eabi/lib/libc.a(lib_a-mallocr.o)
                                                  /opt/CodeSourcery/bin/../lib/gcc/arm-none-eabi/4.5.1/../../../../arm-none-eabi/lib/libc.a(lib_a-fvwrite.o)
_fstat                                            syscalls.o
_fstat_r                                          syscalls.o
                                                  /opt/CodeSourcery/bin/../lib/gcc/arm-none-eabi/4.5.1/../../../../arm-none-eabi/lib/libc.a(lib_a-makebuf.o)
_fwalk                                            /opt/CodeSourcery/bin/../lib/gcc/arm-none-eabi/4.5.1/../../../../arm-none-eabi/lib/libc.a(lib_a-fwalk.o)
                                                  /opt/CodeSourcery/bin/../lib/gcc/arm-none-eabi/4.5.1/../../../../arm-none-eabi/lib/libc.a(lib_a-findfp.o)
_fwalk_reent                                      /opt/CodeSourcery/bin/../lib/gcc/arm-none-eabi/4.5.1/../../../../arm-none-eabi/lib/libc.a(lib_a-fwalk.o)
                                                  /opt/CodeSourcery/bin/../lib/gcc/arm-none-eabi/4.5.1/../../../../arm-none-eabi/lib/libc.a(lib_a-fflush.o)
_getpid                                           syscalls.o
_global_impure_ptr                                /opt/CodeSourcery/bin/../lib/gcc/arm-none-eabi/4.5.1/../../../../arm-none-eabi/lib/libc.a(lib_a-impure.o)
                                                  /opt/CodeSourcery/bin/../lib/gcc/arm-none-eabi/4.5.1/../../../../arm-none-eabi/lib/libc.a(lib_a-findfp.o)
                                                  /opt/CodeSourcery/bin/../lib/gcc/arm-none-eabi/4.5.1/../../../../arm-none-eabi/lib/libc.a(lib_a-fflush.o)
_impure_ptr                                       /opt/CodeSourcery/bin/../lib/gcc/arm-none-eabi/4.5.1/../../../../arm-none-eabi/lib/libc.a(lib_a-impure.o)
                                                  /opt/CodeSourcery/bin/../lib/gcc/arm-none-eabi/4.5.1/../../../../arm-none-eabi/lib/libc.a(lib_a-reent.o)
                                                  /opt/CodeSourcery/bin/../lib/gcc/arm-none-eabi/4.5.1/../../../../arm-none-eabi/lib/libc.a(lib_a-fclose.o)
                                                  /opt/CodeSourcery/bin/../lib/gcc/arm-none-eabi/4.5.1/../../../../arm-none-eabi/lib/libc.a(lib_a-findfp.o)
                                                  /opt/CodeSourcery/bin/../lib/gcc/arm-none-eabi/4.5.1/../../../../arm-none-eabi/lib/libc.a(lib_a-fflush.o)
                                                  /opt/CodeSourcery/bin/../lib/gcc/arm-none-eabi/4.5.1/../../../../arm-none-eabi/lib/libc.a(lib_a-wsetup.o)
                                                  /opt/CodeSourcery/bin/../lib/gcc/arm-none-eabi/4.5.1/../../../../arm-none-eabi/lib/libc.a(lib_a-wbuf.o)
                                                  /opt/CodeSourcery/bin/../lib/gcc/arm-none-eabi/4.5.1/../../../../arm-none-eabi/lib/libc.a(lib_a-putc.o)
                                                  /opt/CodeSourcery/bin/../lib/gcc/arm-none-eabi/4.5.1/../../../../arm-none-eabi/lib/libc.a(lib_a-puts.o)
                                                  /opt/CodeSourcery/bin/../lib/gcc/arm-none-eabi/4.5.1/../../../../arm-none-eabi/lib/libc.a(lib_a-putchar.o)
_isatty                                           syscalls.o
                                                  /opt/CodeSourcery/bin/../lib/gcc/arm-none-eabi/4.5.1/../../../../arm-none-eabi/lib/libc.a(lib_a-isattyr.o)
_isatty_r                                         /opt/CodeSourcery/bin/../lib/gcc/arm-none-eabi/4.5.1/../../../../arm-none-eabi/lib/libc.a(lib_a-isattyr.o)
                                                  /opt/CodeSourcery/bin/../lib/gcc/arm-none-eabi/4.5.1/../../../../arm-none-eabi/lib/libc.a(lib_a-makebuf.o)
_kill                                             syscalls.o
_lseek                                            syscalls.o
_lseek_r                                          syscalls.o
                                                  /opt/CodeSourcery/bin/../lib/gcc/arm-none-eabi/4.5.1/../../../../arm-none-eabi/lib/libc.a(lib_a-stdio.o)
_malloc_r                                         /opt/CodeSourcery/bin/../lib/gcc/arm-none-eabi/4.5.1/../../../../arm-none-eabi/lib/libc.a(lib_a-mallocr.o)
                                                  /opt/CodeSourcery/bin/../lib/gcc/arm-none-eabi/4.5.1/../../../../arm-none-eabi/lib/libc.a(lib_a-makebuf.o)
                                                  /opt/CodeSourcery/bin/../lib/gcc/arm-none-eabi/4.5.1/../../../../arm-none-eabi/lib/libc.a(lib_a-findfp.o)
                                                  /opt/CodeSourcery/bin/../lib/gcc/arm-none-eabi/4.5.1/../../../../arm-none-eabi/lib/libc.a(lib_a-reallocr.o)
                                                  /opt/CodeSourcery/bin/../lib/gcc/arm-none-eabi/4.5.1/../../../../arm-none-eabi/lib/libc.a(lib_a-fvwrite.o)
_malloc_trim_r                                    /opt/CodeSourcery/bin/../lib/gcc/arm-none-eabi/4.5.1/../../../../arm-none-eabi/lib/libc.a(lib_a-freer.o)
_open                                             syscalls.o
_putc_r                                           /opt/CodeSourcery/bin/../lib/gcc/arm-none-eabi/4.5.1/../../../../arm-none-eabi/lib/libc.a(lib_a-putc.o)
                                                  /opt/CodeSourcery/bin/../lib/gcc/arm-none-eabi/4.5.1/../../../../arm-none-eabi/lib/libc.a(lib_a-putchar.o)
_putchar_r                                        /opt/CodeSourcery/bin/../lib/gcc/arm-none-eabi/4.5.1/../../../../arm-none-eabi/lib/libc.a(lib_a-putchar.o)
_puts_r                                           /opt/CodeSourcery/bin/../lib/gcc/arm-none-eabi/4.5.1/../../../../arm-none-eabi/lib/libc.a(lib_a-puts.o)
_read                                             syscalls.o
_read_r                                           syscalls.o
                                                  /opt/CodeSourcery/bin/../lib/gcc/arm-none-eabi/4.5.1/../../../../arm-none-eabi/lib/libc.a(lib_a-stdio.o)
_realloc_r                                        /opt/CodeSourcery/bin/../lib/gcc/arm-none-eabi/4.5.1/../../../../arm-none-eabi/lib/libc.a(lib_a-reallocr.o)
                                                  /opt/CodeSourcery/bin/../lib/gcc/arm-none-eabi/4.5.1/../../../../arm-none-eabi/lib/libc.a(lib_a-fvwrite.o)
_reclaim_reent                                    /opt/CodeSourcery/bin/../lib/gcc/arm-none-eabi/4.5.1/../../../../arm-none-eabi/lib/libc.a(lib_a-reent.o)
_sbrk                                             syscalls.o
_sbrk_r                                           syscalls.o
                                                  /opt/CodeSourcery/bin/../lib/gcc/arm-none-eabi/4.5.1/../../../../arm-none-eabi/lib/libc.a(lib_a-freer.o)
                                                  /opt/CodeSourcery/bin/../lib/gcc/arm-none-eabi/4.5.1/../../../../arm-none-eabi/lib/libc.a(lib_a-mallocr.o)
_wrapup_reent                                     /opt/CodeSourcery/bin/../lib/gcc/arm-none-eabi/4.5.1/../../../../arm-none-eabi/lib/libc.a(lib_a-reent.o)
_write                                            syscalls.o
_write_r                                          syscalls.o
                                                  /opt/CodeSourcery/bin/../lib/gcc/arm-none-eabi/4.5.1/../../../../arm-none-eabi/lib/libc.a(lib_a-stdio.o)
cleanup_glue                                      /opt/CodeSourcery/bin/../lib/gcc/arm-none-eabi/4.5.1/../../../../arm-none-eabi/lib/libc.a(lib_a-reent.o)
create_task                                       main.o
currentpr                                         main.o
                                                  asmfunc.o
end                                               syscalls.o
errno                                             /opt/CodeSourcery/bin/../lib/gcc/arm-none-eabi/4.5.1/../../../../arm-none-eabi/lib/libc.a(lib_a-reent.o)
                                                  /opt/CodeSourcery/bin/../lib/gcc/arm-none-eabi/4.5.1/../../../../arm-none-eabi/lib/libc.a(lib_a-isattyr.o)
fclose                                            /opt/CodeSourcery/bin/../lib/gcc/arm-none-eabi/4.5.1/../../../../arm-none-eabi/lib/libc.a(lib_a-fclose.o)
                                                  /opt/CodeSourcery/bin/../lib/gcc/arm-none-eabi/4.5.1/../../../../arm-none-eabi/lib/libc.a(lib_a-findfp.o)
fflush                                            /opt/CodeSourcery/bin/../lib/gcc/arm-none-eabi/4.5.1/../../../../arm-none-eabi/lib/libc.a(lib_a-fflush.o)
fiqregist                                         main.o
func                                              main.o
func1                                             main.o
i2cErr                                            i2clib.o
                                                  main.o
i2cmasterset                                      i2clib.o
i2crestart                                        i2clib.o
i2csender                                         i2clib.o
i2cstart                                          i2clib.o
i2cstop                                           i2clib.o
i2enable                                          i2clib.o
                                                  target.o
init_VIC                                          irq.o
                                                  target.o
install_irq                                       irq.o
irqregist                                         main.o
isatty                                            syscalls.o
issrgetbit                                        main.o
kill_task                                         main.o
main                                              main.o
                                                  asmfunc.o
memchr                                            /opt/CodeSourcery/bin/../lib/gcc/arm-none-eabi/4.5.1/../../../../arm-none-eabi/lib/libc.a(lib_a-memchr.o)
                                                  /opt/CodeSourcery/bin/../lib/gcc/arm-none-eabi/4.5.1/../../../../arm-none-eabi/lib/libc.a(lib_a-fvwrite.o)
memcpy                                            /opt/CodeSourcery/bin/../lib/gcc/arm-none-eabi/4.5.1/../../../../arm-none-eabi/lib/libc.a(lib_a-memcpy.o)
                                                  /opt/CodeSourcery/bin/../lib/gcc/arm-none-eabi/4.5.1/../../../../arm-none-eabi/lib/libc.a(lib_a-fvwrite.o)
memmove                                           /opt/CodeSourcery/bin/../lib/gcc/arm-none-eabi/4.5.1/../../../../arm-none-eabi/lib/libc.a(lib_a-memmove.o)
                                                  /opt/CodeSourcery/bin/../lib/gcc/arm-none-eabi/4.5.1/../../../../arm-none-eabi/lib/libc.a(lib_a-reallocr.o)
                                                  /opt/CodeSourcery/bin/../lib/gcc/arm-none-eabi/4.5.1/../../../../arm-none-eabi/lib/libc.a(lib_a-fvwrite.o)
memset                                            /opt/CodeSourcery/bin/../lib/gcc/arm-none-eabi/4.5.1/../../../../arm-none-eabi/lib/libc.a(lib_a-memset.o)
                                                  /opt/CodeSourcery/bin/../lib/gcc/arm-none-eabi/4.5.1/../../../../arm-none-eabi/lib/libc.a(lib_a-findfp.o)
onepr                                             main.o
putc                                              /opt/CodeSourcery/bin/../lib/gcc/arm-none-eabi/4.5.1/../../../../arm-none-eabi/lib/libc.a(lib_a-putc.o)
putchar                                           /opt/CodeSourcery/bin/../lib/gcc/arm-none-eabi/4.5.1/../../../../arm-none-eabi/lib/libc.a(lib_a-putchar.o)
                                                  main.o
puts                                              /opt/CodeSourcery/bin/../lib/gcc/arm-none-eabi/4.5.1/../../../../arm-none-eabi/lib/libc.a(lib_a-puts.o)
                                                  main.o
run_task                                          main.o
strlen                                            /opt/CodeSourcery/bin/../lib/gcc/arm-none-eabi/4.5.1/../../../../arm-none-eabi/lib/libc.a(lib_a-strlen.o)
                                                  /opt/CodeSourcery/bin/../lib/gcc/arm-none-eabi/4.5.1/../../../../arm-none-eabi/lib/libc.a(lib_a-puts.o)
timer0setup                                       main.o
timer1setup                                       main.o
vi2c                                              i2clib.o
ymzinit                                           main.o
ymzwrite0                                         ymz.o
ymzwrite1                                         ymz.o
                                                  main.o
zeropr                                            main.o
