Archive member included because of file (symbol)

/opt/CodeSourcery/bin/../lib/gcc/arm-none-eabi/4.5.1/../../../../arm-none-eabi/lib/libc.a(lib_a-printf.o)
                              main.o (printf)
/opt/CodeSourcery/bin/../lib/gcc/arm-none-eabi/4.5.1/../../../../arm-none-eabi/lib/libc.a(lib_a-putchar.o)
                              main.o (putchar)
/opt/CodeSourcery/bin/../lib/gcc/arm-none-eabi/4.5.1/../../../../arm-none-eabi/lib/libc.a(lib_a-puts.o)
                              main.o (puts)
/opt/CodeSourcery/bin/../lib/gcc/arm-none-eabi/4.5.1/../../../../arm-none-eabi/lib/libc.a(lib_a-strlen.o)
                              /opt/CodeSourcery/bin/../lib/gcc/arm-none-eabi/4.5.1/../../../../arm-none-eabi/lib/libc.a(lib_a-puts.o) (strlen)
/opt/CodeSourcery/bin/../lib/gcc/arm-none-eabi/4.5.1/../../../../arm-none-eabi/lib/libc.a(lib_a-vfprintf.o)
                              /opt/CodeSourcery/bin/../lib/gcc/arm-none-eabi/4.5.1/../../../../arm-none-eabi/lib/libc.a(lib_a-printf.o) (_vfprintf_r)
/opt/CodeSourcery/bin/../lib/gcc/arm-none-eabi/4.5.1/../../../../arm-none-eabi/lib/libc.a(lib_a-wsetup.o)
                              /opt/CodeSourcery/bin/../lib/gcc/arm-none-eabi/4.5.1/../../../../arm-none-eabi/lib/libc.a(lib_a-vfprintf.o) (__swsetup_r)
/opt/CodeSourcery/bin/../lib/gcc/arm-none-eabi/4.5.1/../../../../arm-none-eabi/lib/libc.a(lib_a-dtoa.o)
                              /opt/CodeSourcery/bin/../lib/gcc/arm-none-eabi/4.5.1/../../../../arm-none-eabi/lib/libc.a(lib_a-vfprintf.o) (_dtoa_r)
/opt/CodeSourcery/bin/../lib/gcc/arm-none-eabi/4.5.1/../../../../arm-none-eabi/lib/libc.a(lib_a-fflush.o)
                              /opt/CodeSourcery/bin/../lib/gcc/arm-none-eabi/4.5.1/../../../../arm-none-eabi/lib/libc.a(lib_a-vfprintf.o) (_fflush_r)
/opt/CodeSourcery/bin/../lib/gcc/arm-none-eabi/4.5.1/../../../../arm-none-eabi/lib/libc.a(lib_a-findfp.o)
                              /opt/CodeSourcery/bin/../lib/gcc/arm-none-eabi/4.5.1/../../../../arm-none-eabi/lib/libc.a(lib_a-vfprintf.o) (__sinit)
/opt/CodeSourcery/bin/../lib/gcc/arm-none-eabi/4.5.1/../../../../arm-none-eabi/lib/libc.a(lib_a-freer.o)
                              /opt/CodeSourcery/bin/../lib/gcc/arm-none-eabi/4.5.1/../../../../arm-none-eabi/lib/libc.a(lib_a-wsetup.o) (_free_r)
/opt/CodeSourcery/bin/../lib/gcc/arm-none-eabi/4.5.1/../../../../arm-none-eabi/lib/libc.a(lib_a-fvwrite.o)
                              /opt/CodeSourcery/bin/../lib/gcc/arm-none-eabi/4.5.1/../../../../arm-none-eabi/lib/libc.a(lib_a-puts.o) (__sfvwrite_r)
/opt/CodeSourcery/bin/../lib/gcc/arm-none-eabi/4.5.1/../../../../arm-none-eabi/lib/libc.a(lib_a-fwalk.o)
                              /opt/CodeSourcery/bin/../lib/gcc/arm-none-eabi/4.5.1/../../../../arm-none-eabi/lib/libc.a(lib_a-findfp.o) (_fwalk)
/opt/CodeSourcery/bin/../lib/gcc/arm-none-eabi/4.5.1/../../../../arm-none-eabi/lib/libc.a(lib_a-impure.o)
                              /opt/CodeSourcery/bin/../lib/gcc/arm-none-eabi/4.5.1/../../../../arm-none-eabi/lib/libc.a(lib_a-printf.o) (_impure_ptr)
/opt/CodeSourcery/bin/../lib/gcc/arm-none-eabi/4.5.1/../../../../arm-none-eabi/lib/libc.a(lib_a-locale.o)
                              /opt/CodeSourcery/bin/../lib/gcc/arm-none-eabi/4.5.1/../../../../arm-none-eabi/lib/libc.a(lib_a-vfprintf.o) (_localeconv_r)
/opt/CodeSourcery/bin/../lib/gcc/arm-none-eabi/4.5.1/../../../../arm-none-eabi/lib/libc.a(lib_a-makebuf.o)
                              /opt/CodeSourcery/bin/../lib/gcc/arm-none-eabi/4.5.1/../../../../arm-none-eabi/lib/libc.a(lib_a-wsetup.o) (__smakebuf_r)
/opt/CodeSourcery/bin/../lib/gcc/arm-none-eabi/4.5.1/../../../../arm-none-eabi/lib/libc.a(lib_a-mallocr.o)
                              /opt/CodeSourcery/bin/../lib/gcc/arm-none-eabi/4.5.1/../../../../arm-none-eabi/lib/libc.a(lib_a-findfp.o) (_malloc_r)
/opt/CodeSourcery/bin/../lib/gcc/arm-none-eabi/4.5.1/../../../../arm-none-eabi/lib/libc.a(lib_a-memchr.o)
                              /opt/CodeSourcery/bin/../lib/gcc/arm-none-eabi/4.5.1/../../../../arm-none-eabi/lib/libc.a(lib_a-vfprintf.o) (memchr)
/opt/CodeSourcery/bin/../lib/gcc/arm-none-eabi/4.5.1/../../../../arm-none-eabi/lib/libc.a(lib_a-memcpy.o)
                              /opt/CodeSourcery/bin/../lib/gcc/arm-none-eabi/4.5.1/../../../../arm-none-eabi/lib/libc.a(lib_a-dtoa.o) (memcpy)
/opt/CodeSourcery/bin/../lib/gcc/arm-none-eabi/4.5.1/../../../../arm-none-eabi/lib/libc.a(lib_a-memmove.o)
                              /opt/CodeSourcery/bin/../lib/gcc/arm-none-eabi/4.5.1/../../../../arm-none-eabi/lib/libc.a(lib_a-fvwrite.o) (memmove)
/opt/CodeSourcery/bin/../lib/gcc/arm-none-eabi/4.5.1/../../../../arm-none-eabi/lib/libc.a(lib_a-memset.o)
                              /opt/CodeSourcery/bin/../lib/gcc/arm-none-eabi/4.5.1/../../../../arm-none-eabi/lib/libc.a(lib_a-findfp.o) (memset)
/opt/CodeSourcery/bin/../lib/gcc/arm-none-eabi/4.5.1/../../../../arm-none-eabi/lib/libc.a(lib_a-mlock.o)
[...]
Memory Configuration

Name             Origin             Length             Attributes
ROM              0x00000000         0x0007e000         xr
RAM              0x40000000         0x0000ffe0         w
URAM             0x7fd00000         0x00004000         w
ERAM             0x7fe00000         0x00004000         w
BRAM             0xe0084000         0x00000800         w
*default*        0x00000000         0xffffffff

Linker script and memory map

LOAD asmfunc.o
LOAD main.o
LOAD i2clib.o
LOAD ymz.o
LOAD uart.o
LOAD target.o
LOAD irq.o
LOAD syscalls.o
LOAD /opt/CodeSourcery/bin/../lib/gcc/arm-none-eabi/4.5.1/../../../../arm-none-eabi/lib/libc.a
LOAD /opt/CodeSourcery/bin/../lib/gcc/arm-none-eabi/4.5.1/../../../../arm-none-eabi/lib/libm.a
LOAD /opt/CodeSourcery/bin/../lib/gcc/arm-none-eabi/4.5.1/../../../../arm-none-eabi/lib/libc.a
LOAD /opt/CodeSourcery/bin/../lib/gcc/arm-none-eabi/4.5.1/libgcc.a
START GROUP
LOAD /opt/CodeSourcery/bin/../lib/gcc/arm-none-eabi/4.5.1/libgcc.a
LOAD /opt/CodeSourcery/bin/../lib/gcc/arm-none-eabi/4.5.1/../../../../arm-none-eabi/lib/libc.a
END GROUP

.text           0x00000000     0xad98
 *(.VECTOR)
 .VECTOR        0x00000000       0x40 asmfunc.o
 *(.text .text.*)
 .text          0x00000040      0x368 asmfunc.o
                0x00000234                IrqDisable
                0x0000023c                IrqEnable
                0x00000244                FiqDisable
                0x0000024c                FiqEnable
                0x00000254                ClearVector
                0x0000025c                RegisterVector
                0x00000264                Load_Block
                0x000002d4                Store_Block
 .text.TIMER1_handler
                0x000003a8       0x38 main.o
                0x000003a8                TIMER1_handler
 .text.TIMER0_handler
                0x000003e0       0x38 main.o
                0x000003e0                TIMER0_handler
 .text.UARTint  0x00000418       0x34 main.o
                0x00000418                UARTint
 .text.timer0setup
                0x0000044c       0x2c main.o
                0x0000044c                timer0setup
 .text.timer1setup
                0x00000478       0x30 main.o
                0x00000478                timer1setup
 .text.irqregist
                0x000004a8       0x54 main.o
                0x000004a8                irqregist
 .text.main     0x000004fc       0x9c main.o
                0x000004fc                main
 .text.i2enable
                0x00000598       0x14 i2clib.o
                0x00000598                i2enable
 .text.UARTPutch
                0x000005ac       0x3c uart.o
                0x000005ac                UARTPutch
 .text.UARTGetch
                0x000005e8       0x48 uart.o
                0x000005e8                UARTGetch
 .text.TargetInit
                0x00000630       0x24 target.o
                0x00000630                TargetInit
 .text.GPIOResetInit
                0x00000654       0xdc target.o
                0x00000654                GPIOResetInit
 .text.ConfigurePLL
                0x00000730       0xfc target.o
                0x00000730                ConfigurePLL
 .text.TargetResetInit
                0x0000082c       0x58 target.o
                0x0000082c                TargetResetInit
 .text.init_VIC
                0x00000884       0x40 irq.o
                0x00000884                init_VIC
 .text._read_r  0x000008c4       0x60 syscalls.o
                0x000008c4                _read_r
 .text._write_r
                0x00000924       0x4c syscalls.o
                0x00000924                _write_r
 .text._close_r
                0x00000970        0x8 syscalls.o
                0x00000970                _close_r
 .text._lseek_r
                0x00000978        0x8 syscalls.o
                0x00000978                _lseek_r
 .text._fstat_r
                0x00000980       0x10 syscalls.o
                0x00000980                _fstat_r
 .text._sbrk_r  0x00000990       0x2c syscalls.o
                0x00000990                _sbrk_r
 .text._isatty  0x000009bc        0x8 syscalls.o
                0x000009bc                _isatty
 .text          0x000009c4       0x74 /opt/CodeSourcery/bin/../lib/gcc/arm-none-eabi/4.5.1/../../../../arm-none-eabi/lib/libc.a(lib_a-printf.o)
                0x000009c4                _printf_r
                0x000009f8                printf
 .text          0x00000a38       0x3c /opt/CodeSourcery/bin/../lib/gcc/arm-none-eabi/4.5.1/../../../../arm-none-eabi/lib/libc.a(lib_a-putchar.o)
                0x00000a38                _putchar_r
                0x00000a4c                putchar
 .text          0x00000a74       0xb4 /opt/CodeSourcery/bin/../lib/gcc/arm-none-eabi/4.5.1/../../../../arm-none-eabi/lib/libc.a(lib_a-puts.o)
                0x00000a74                _puts_r
                0x00000b14                puts
 .text          0x00000b28       0x60 /opt/CodeSourcery/bin/../lib/gcc/arm-none-eabi/4.5.1/../../../../arm-none-eabi/lib/libc.a(lib_a-strlen.o)
                0x00000b28                strlen
 .text          0x00000b88     0x22e8 /opt/CodeSourcery/bin/../lib/gcc/arm-none-eabi/4.5.1/../../../../arm-none-eabi/lib/libc.a(lib_a-vfprintf.o)
                0x00000b88                _vfprintf_r
                0x00002e44                vfprintf
 .text          0x00002e70      0x134 /opt/CodeSourcery/bin/../lib/gcc/arm-none-eabi/4.5.1/../../../../arm-none-eabi/lib/libc.a(lib_a-wsetup.o)
                0x00002e70                __swsetup_r
 *fill*         0x00002fa4        0x4 00
 .text          0x00002fa8     0x17c0 /opt/CodeSourcery/bin/../lib/gcc/arm-none-eabi/4.5.1/../../../../arm-none-eabi/lib/libc.a(lib_a-dtoa.o)
                0x00003178                _dtoa_r
 .text          0x00004768      0x298 /opt/CodeSourcery/bin/../lib/gcc/arm-none-eabi/4.5.1/../../../../arm-none-eabi/lib/libc.a(lib_a-fflush.o)
                0x00004768                _fflush_r
                0x000049c0                fflush
 .text          0x00004a00      0x334 /opt/CodeSourcery/bin/../lib/gcc/arm-none-eabi/4.5.1/../../../../arm-none-eabi/lib/libc.a(lib_a-findfp.o)
                0x00004a10                _cleanup_r
                0x00004a28                __sfmoreglue
                0x00004a70                _cleanup
                0x00004a80                __sinit
                0x00004be8                __sfp
                0x00004cdc                __sfp_lock_acquire
                0x00004ce0                __sfp_lock_release
                0x00004ce4                __sinit_lock_acquire
                0x00004ce8                __sinit_lock_release
                0x00004cec                __fp_lock_all
                0x00004d10                __fp_unlock_all
 .text          0x00004d34      0x360 /opt/CodeSourcery/bin/../lib/gcc/arm-none-eabi/4.5.1/../../../../arm-none-eabi/lib/libc.a(lib_a-freer.o)
                0x00004d34                _malloc_trim_r
                0x00004e30                _free_r
 .text          0x00005094      0x4b0 /opt/CodeSourcery/bin/../lib/gcc/arm-none-eabi/4.5.1/../../../../arm-none-eabi/lib/libc.a(lib_a-fvwrite.o)
                0x00005094                __sfvwrite_r
 .text          0x00005544      0x10c /opt/CodeSourcery/bin/../lib/gcc/arm-none-eabi/4.5.1/../../../../arm-none-eabi/lib/libc.a(lib_a-fwalk.o)
                0x00005544                _fwalk
                0x000055c8                _fwalk_reent
 .text          0x00005650       0xd0 /opt/CodeSourcery/bin/../lib/gcc/arm-none-eabi/4.5.1/../../../../arm-none-eabi/lib/libc.a(lib_a-locale.o)
                0x00005650                _setlocale_r
                0x000056bc                __locale_charset
                0x000056c8                __locale_mb_cur_max
                0x000056d8                __locale_msgcharset
                0x000056e4                __locale_cjk_lang
                0x000056ec                _localeconv_r
                0x000056f8                setlocale
                0x00005714                localeconv
 .text          0x00005720      0x164 /opt/CodeSourcery/bin/../lib/gcc/arm-none-eabi/4.5.1/../../../../arm-none-eabi/lib/libc.a(lib_a-makebuf.o)
                0x00005720                __smakebuf_r
 .text          0x00005884      0x70c /opt/CodeSourcery/bin/../lib/gcc/arm-none-eabi/4.5.1/../../../../arm-none-eabi/lib/libc.a(lib_a-mallocr.o)
                0x00005884                _malloc_r
 .text          0x00005f90      0x100 /opt/CodeSourcery/bin/../lib/gcc/arm-none-eabi/4.5.1/../../../../arm-none-eabi/lib/libc.a(lib_a-memchr.o)
                0x00005f90                memchr
 .text          0x00006090      0x1c0 /opt/CodeSourcery/bin/../lib/gcc/arm-none-eabi/4.5.1/../../../../arm-none-eabi/lib/libc.a(lib_a-memcpy.o)
                0x00006090                memcpy
 .text          0x00006250      0x118 /opt/CodeSourcery/bin/../lib/gcc/arm-none-eabi/4.5.1/../../../../arm-none-eabi/lib/libc.a(lib_a-memmove.o)
                0x00006250                memmove
 .text          0x00006368      0x100 /opt/CodeSourcery/bin/../lib/gcc/arm-none-eabi/4.5.1/../../../../arm-none-eabi/lib/libc.a(lib_a-memset.o)
                0x00006368                memset
 .text          0x00006468        0x8 /opt/CodeSourcery/bin/../lib/gcc/arm-none-eabi/4.5.1/../../../../arm-none-eabi/lib/libc.a(lib_a-mlock.o)
                0x00006468                __malloc_lock
                0x0000646c                __malloc_unlock
 .text          0x00006470      0xd1c /opt/CodeSourcery/bin/../lib/gcc/arm-none-eabi/4.5.1/../../../../arm-none-eabi/lib/libc.a(lib_a-mprec.o)
                0x00006470                _Balloc
                0x000064f8                _Bfree
                0x00006514                __multadd
                0x000065f0                __s2b
                0x000066d8                __hi0bits
                0x00006728                __lo0bits
                0x000067b8                __i2b
                0x000067dc                __multiply
                0x000069cc                __pow5mult
                0x00006ac0                __lshift
                0x00006bc4                __mcmp
                0x00006c24                __mdiff
                0x00006d7c                __ulp
                0x00006ddc                __b2d
                0x00006ea4                __d2b
                0x00006fac                __ratio
                0x0000703c                _mprec_log10
                0x00007090                __copybits
                0x00007104                __any_on
 .text          0x0000718c      0x168 /opt/CodeSourcery/bin/../lib/gcc/arm-none-eabi/4.5.1/../../../../arm-none-eabi/lib/libc.a(lib_a-putc.o)
                0x0000718c                _putc_r
                0x00007238                putc
 .text          0x000072f4      0x5c0 /opt/CodeSourcery/bin/../lib/gcc/arm-none-eabi/4.5.1/../../../../arm-none-eabi/lib/libc.a(lib_a-reallocr.o)
                0x000072f4                _realloc_r
 .text          0x000078b4       0x8c /opt/CodeSourcery/bin/../lib/gcc/arm-none-eabi/4.5.1/../../../../arm-none-eabi/lib/libc.a(lib_a-s_fpclassify.o)
                0x000078b4                __fpclassifyd
 .text          0x00007940       0xdc /opt/CodeSourcery/bin/../lib/gcc/arm-none-eabi/4.5.1/../../../../arm-none-eabi/lib/libc.a(lib_a-stdio.o)
                0x00007940                __sread
                0x00007974                __seofread
                0x0000797c                __swrite
                0x000079d4                __sseek
                0x00007a08                __sclose
 .text          0x00007a1c      0x230 /opt/CodeSourcery/bin/../lib/gcc/arm-none-eabi/4.5.1/../../../../arm-none-eabi/lib/libc.a(lib_a-strcmp.o)
                0x00007a1c                strcmp
 .text          0x00007c4c     0x1360 /opt/CodeSourcery/bin/../lib/gcc/arm-none-eabi/4.5.1/../../../../arm-none-eabi/lib/libc.a(lib_a-vfiprintf.o)
                0x00007c4c                __sprint_r
                0x00007d0c                _vfiprintf_r
                0x00008f80                vfiprintf
 .text          0x00008fac      0x15c /opt/CodeSourcery/bin/../lib/gcc/arm-none-eabi/4.5.1/../../../../arm-none-eabi/lib/libc.a(lib_a-wbuf.o)
                0x00008fac                __swbuf_r
                0x000090ec                __swbuf
 .text          0x00009108       0x9c /opt/CodeSourcery/bin/../lib/gcc/arm-none-eabi/4.5.1/../../../../arm-none-eabi/lib/libc.a(lib_a-callocr.o)
                0x00009108                _calloc_r
 .text          0x000091a4      0x10c /opt/CodeSourcery/bin/../lib/gcc/arm-none-eabi/4.5.1/../../../../arm-none-eabi/lib/libc.a(lib_a-fclose.o)
                0x000091a4                _fclose_r
                0x0000929c                fclose
 .text          0x000092b0      0x1a8 /opt/CodeSourcery/bin/../lib/gcc/arm-none-eabi/4.5.1/../../../../arm-none-eabi/lib/libc.a(lib_a-fputwc.o)
                0x000092b0                _fputwc_r
                0x0000940c                fputwc
 .text          0x00009458       0x3c /opt/CodeSourcery/bin/../lib/gcc/arm-none-eabi/4.5.1/../../../../arm-none-eabi/lib/libc.a(lib_a-isattyr.o)
                0x00009458                _isatty_r
 .text          0x00009494      0x13c /opt/CodeSourcery/bin/../lib/gcc/arm-none-eabi/4.5.1/../../../../arm-none-eabi/lib/libc.a(lib_a-wcrtomb.o)
                0x00009494                _wcrtomb_r
                0x00009528                wcrtomb
 .text          0x000095d0       0x7c /opt/CodeSourcery/bin/../lib/gcc/arm-none-eabi/4.5.1/../../../../arm-none-eabi/lib/libc.a(lib_a-wctomb_r.o)
                0x000095d0                __ascii_wctomb
                0x000095fc                _wctomb_r
 .text          0x0000964c      0x114 /opt/CodeSourcery/bin/../lib/gcc/arm-none-eabi/4.5.1/libgcc.a(_udivsi3.o)
                0x0000964c                __udivsi3
                0x0000964c                __aeabi_uidiv
                0x00009740                __aeabi_uidivmod
 .text          0x00009760        0x4 /opt/CodeSourcery/bin/../lib/gcc/arm-none-eabi/4.5.1/libgcc.a(_dvmd_tls.o)
                0x00009760                __aeabi_ldiv0
                0x00009760                __aeabi_idiv0
 .text          0x00009764      0x41c /opt/CodeSourcery/bin/../lib/gcc/arm-none-eabi/4.5.1/libgcc.a(_arm_addsubdf3.o)
                0x00009764                __aeabi_drsub
                0x0000976c                __aeabi_dsub
                0x0000976c                __subdf3
                0x00009770                __adddf3
                0x00009770                __aeabi_dadd
                0x00009a80                __aeabi_ui2d
                0x00009a80                __floatunsidf
                0x00009aa4                __floatsidf
                0x00009aa4                __aeabi_i2d
                0x00009acc                __extendsfdf2
                0x00009acc                __aeabi_f2d
                0x00009b0c                __aeabi_ul2d
                0x00009b0c                __floatundidf
                0x00009b20                __floatdidf
                0x00009b20                __aeabi_l2d
 .text          0x00009b80      0x49c /opt/CodeSourcery/bin/../lib/gcc/arm-none-eabi/4.5.1/libgcc.a(_arm_muldivdf3.o)
                0x00009b80                __aeabi_dmul
                0x00009b80                __muldf3
                0x00009e10                __aeabi_ddiv
                0x00009e10                __divdf3
 .text          0x0000a01c      0x144 /opt/CodeSourcery/bin/../lib/gcc/arm-none-eabi/4.5.1/libgcc.a(_arm_cmpdf2.o)
                0x0000a01c                __gtdf2
                0x0000a01c                __gedf2
                0x0000a024                __ltdf2
                0x0000a024                __ledf2
                0x0000a02c                __cmpdf2
                0x0000a02c                __eqdf2
                0x0000a02c                __nedf2
                0x0000a0b4                __aeabi_cdrcmple
                0x0000a0d0                __aeabi_cdcmple
                0x0000a0d0                __aeabi_cdcmpeq
                0x0000a0e8                __aeabi_dcmpeq
                0x0000a100                __aeabi_dcmplt
                0x0000a118                __aeabi_dcmple
                0x0000a130                __aeabi_dcmpge
                0x0000a148                __aeabi_dcmpgt
 .text          0x0000a160       0x5c /opt/CodeSourcery/bin/../lib/gcc/arm-none-eabi/4.5.1/libgcc.a(_arm_fixdfsi.o)
                0x0000a160                __fixdfsi
                0x0000a160                __aeabi_d2iz
 .text          0x0000a1bc       0x3c /opt/CodeSourcery/bin/../lib/gcc/arm-none-eabi/4.5.1/libgcc.a(_aeabi_uldivmod.o)
                0x0000a1bc                __aeabi_uldivmod
 .text          0x0000a1f8       0x80 /opt/CodeSourcery/bin/../lib/gcc/arm-none-eabi/4.5.1/libgcc.a(bpabi.o)
                0x0000a1f8                __gnu_ldivmod_helper
                0x0000a238                __gnu_uldivmod_helper
 .text          0x0000a278      0x4a8 /opt/CodeSourcery/bin/../lib/gcc/arm-none-eabi/4.5.1/libgcc.a(_divdi3.o)
                0x0000a278                __divdi3
 .text          0x0000a720      0x438 /opt/CodeSourcery/bin/../lib/gcc/arm-none-eabi/4.5.1/libgcc.a(_udivdi3.o)
                0x0000a720                __udivdi3
 .text          0x0000ab58       0x48 /opt/CodeSourcery/bin/../lib/gcc/arm-none-eabi/4.5.1/libgcc.a(_clzsi2.o)
                0x0000ab58                __clzsi2
 *(.gnu.linkonce.t.*)
 *(.glue_7)
 .glue_7        0x00000000        0x0 linker stubs
 *(.glue_7t)
 .glue_7t       0x00000000        0x0 linker stubs
 *(.gcc_except_table)
 *(.rodata)
 .rodata        0x0000aba0       0x20 /opt/CodeSourcery/bin/../lib/gcc/arm-none-eabi/4.5.1/../../../../arm-none-eabi/lib/libc.a(lib_a-vfprintf.o)
 .rodata        0x0000abc0        0x4 /opt/CodeSourcery/bin/../lib/gcc/arm-none-eabi/4.5.1/../../../../arm-none-eabi/lib/libc.a(lib_a-impure.o)
                0x0000abc0                _global_impure_ptr
 *fill*         0x0000abc4        0x4 00
 .rodata        0x0000abc8      0x128 /opt/CodeSourcery/bin/../lib/gcc/arm-none-eabi/4.5.1/../../../../arm-none-eabi/lib/libc.a(lib_a-mprec.o)
                0x0000abd8                __mprec_tens
                0x0000aca0                __mprec_bigtens
                0x0000acc8                __mprec_tinytens
 .rodata        0x0000acf0       0x20 /opt/CodeSourcery/bin/../lib/gcc/arm-none-eabi/4.5.1/../../../../arm-none-eabi/lib/libc.a(lib_a-vfiprintf.o)
 *(.rodata*)
 .rodata.str1.1
                0x0000ad10       0x1f main.o
 *fill*         0x0000ad2f        0x1 00
 .rodata.str1.4
                0x0000ad30        0x2 /opt/CodeSourcery/bin/../lib/gcc/arm-none-eabi/4.5.1/../../../../arm-none-eabi/lib/libc.a(lib_a-puts.o)
                                  0x4 (size before relaxing)
 *fill*         0x0000ad32        0x2 00
 .rodata.str1.4
                0x0000ad34       0x42 /opt/CodeSourcery/bin/../lib/gcc/arm-none-eabi/4.5.1/../../../../arm-none-eabi/lib/libc.a(lib_a-vfprintf.o)
                                 0x44 (size before relaxing)
 *fill*         0x0000ad76        0x2 00
 .rodata.str1.4
                0x0000ad78       0x10 /opt/CodeSourcery/bin/../lib/gcc/arm-none-eabi/4.5.1/../../../../arm-none-eabi/lib/libc.a(lib_a-dtoa.o)
                                 0x14 (size before relaxing)
 .rodata.str1.4
                0x0000ad88        0x2 /opt/CodeSourcery/bin/../lib/gcc/arm-none-eabi/4.5.1/../../../../arm-none-eabi/lib/libc.a(lib_a-impure.o)
                                  0x4 (size before relaxing)
 *fill*         0x0000ad8a        0x2 00
 .rodata.str1.4
                0x0000ad8c        0xc /opt/CodeSourcery/bin/../lib/gcc/arm-none-eabi/4.5.1/../../../../arm-none-eabi/lib/libc.a(lib_a-locale.o)
                                 0x14 (size before relaxing)
 .rodata.str1.4
                0x00000000       0x30 /opt/CodeSourcery/bin/../lib/gcc/arm-none-eabi/4.5.1/../../../../arm-none-eabi/lib/libc.a(lib_a-vfiprintf.o)
 *(.gnu.linkonce.r.*)
                0x0000ad98                . = ALIGN (0x4)

.vfp11_veneer   0x0000ad98        0x0
 .vfp11_veneer  0x00000000        0x0 linker stubs

.v4_bx          0x0000ad98        0x0
 .v4_bx         0x00000000        0x0 linker stubs

.ARM.exidx      0x0000ad98        0x8
 .ARM.exidx     0x0000ad98        0x8 /opt/CodeSourcery/bin/../lib/gcc/arm-none-eabi/4.5.1/libgcc.a(_divdi3.o)
 .ARM.exidx     0x0000ada0        0x0 /opt/CodeSourcery/bin/../lib/gcc/arm-none-eabi/4.5.1/libgcc.a(_udivdi3.o)
                                  0x8 (size before relaxing)
                0x0000ada0                . = ALIGN (0x4)
                0x0000ada0                _etext = .
                0x0000ada0                PROVIDE (etext, .)

.data           0x40000000      0x8c0 load address 0x0000ada0
                0x40000000                _data = .
 *(.data)
 .data          0x40000000      0x430 /opt/CodeSourcery/bin/../lib/gcc/arm-none-eabi/4.5.1/../../../../arm-none-eabi/lib/libc.a(lib_a-impure.o)
                0x40000000                _impure_ptr
 .data          0x40000430       0x7c /opt/CodeSourcery/bin/../lib/gcc/arm-none-eabi/4.5.1/../../../../arm-none-eabi/lib/libc.a(lib_a-locale.o)
                0x40000450                __mb_cur_max
 .data          0x400004ac      0x410 /opt/CodeSourcery/bin/../lib/gcc/arm-none-eabi/4.5.1/../../../../arm-none-eabi/lib/libc.a(lib_a-mallocr.o)
                0x400004ac                __malloc_av_
                0x400008b4                __malloc_sbrk_base
                0x400008b8                __malloc_trim_threshold
 .data          0x400008bc        0x4 /opt/CodeSourcery/bin/../lib/gcc/arm-none-eabi/4.5.1/../../../../arm-none-eabi/lib/libc.a(lib_a-wctomb_r.o)
                0x400008bc                __wctomb
 *(.data.*)
 *(.gnu.linkonce.d*)
                0x400008c0                . = ALIGN (0x4)
                0x400008c0                . = ALIGN (0x4)
                0x400008c0                _edata = .
                0x400008c0                PROVIDE (edata, .)

.bss            0x400008c0       0x3c load address 0x0000b660
                0x400008c0                __bss_start = .
                0x400008c0                __bss_start__ = .
 *(.bss)
 .bss           0x400008c0       0x34 /opt/CodeSourcery/bin/../lib/gcc/arm-none-eabi/4.5.1/../../../../arm-none-eabi/lib/libc.a(lib_a-mallocr.o)
                0x400008c0                __malloc_top_pad
                0x400008c4                __malloc_current_mallinfo
                0x400008ec                __malloc_max_sbrked_mem
                0x400008f0                __malloc_max_total_mem
 *(.bss.*)
 .bss.heap_ptr  0x400008f4        0x4 syscalls.o
 *(.gnu.linkonce.b*)
 *(COMMON)
 COMMON         0x400008f8        0x4 /opt/CodeSourcery/bin/../lib/gcc/arm-none-eabi/4.5.1/../../../../arm-none-eabi/lib/libc.a(lib_a-reent.o)
                0x400008f8                errno
                0x400008fc                . = ALIGN (0x4)
                0x400008fc                . = ALIGN (0x4)
                0x400008fc                __bss_end__ = .
                0x400008fc                PROVIDE (__bss_end, .)

.stack          0x40000900      0xb00
 *(.stack)
 *(.STACK)
 .STACK         0x40000900      0xb00 asmfunc.o
                0x40001400                PROVIDE (_stack, .)
                0x40001400                . = ALIGN (0x4)
                0x40001400                _end = .
                0x40001400                PROVIDE (end, .)

.usbram         0x7fd00000        0x0
                0x7fd00000                __usbram_start = .
                0x7fd00000                __usbram_start__ = .
 *(.usbram)
                0x7fd00000                . = ALIGN (0x4)

.etherram       0x7fe00000        0x0
                0x7fe00000                __etherram_start = .
                0x7fe00000                __etherram_start__ = .
 *(.etherram)
                0x7fe00000                . = ALIGN (0x4)

.batteryram     0xe0084000        0x0
                0xe0084000                __batteryram_start = .
                0xe0084000                __batteryram_start__ = .
 *(.batteryram)
                0xe0084000                . = ALIGN (0x4)

.stab
 *(.stab)

.stabstr
 *(.stabstr)

.stab.excl
 *(.stab.excl)

.stab.exclstr
 *(.stab.exclstr)

.stab.index
 *(.stab.index)

.stab.indexstr
 *(.stab.indexstr)

.HEAP           0x00000000        0x0
 .HEAP          0x00000000        0x0 asmfunc.o

.ARM.attributes
                0x00000000       0x30
 .ARM.attributes
                0x00000000       0x24 asmfunc.o
 .ARM.attributes
                0x00000024       0x34 main.o
 .ARM.attributes
                0x00000058       0x34 i2clib.o
 .ARM.attributes
                0x0000008c       0x34 ymz.o
 .ARM.attributes
                0x000000c0       0x34 uart.o
 .ARM.attributes
                0x000000f4       0x34 target.o
 .ARM.attributes
                0x00000128       0x34 irq.o
 .ARM.attributes
                0x0000015c       0x34 syscalls.o
 .ARM.attributes
                0x00000190       0x34 /opt/CodeSourcery/bin/../lib/gcc/arm-none-eabi/4.5.1/../../../../arm-none-eabi/lib/libc.a(lib_a-printf.o)
 .ARM.attributes
                0x000001c4       0x34 /opt/CodeSourcery/bin/../lib/gcc/arm-none-eabi/4.5.1/../../../../arm-none-eabi/lib/libc.a(lib_a-putchar.o)
 .ARM.attributes
                0x000001f8       0x34 /opt/CodeSourcery/bin/../lib/gcc/arm-none-eabi/4.5.1/../../../../arm-none-eabi/lib/libc.a(lib_a-puts.o)
 .ARM.attributes
                0x0000022c       0x34 /opt/CodeSourcery/bin/../lib/gcc/arm-none-eabi/4.5.1/../../../../arm-none-eabi/lib/libc.a(lib_a-strlen.o)
 .ARM.attributes
                0x00000260       0x34 /opt/CodeSourcery/bin/../lib/gcc/arm-none-eabi/4.5.1/../../../../arm-none-eabi/lib/libc.a(lib_a-vfprintf.o)
 .ARM.attributes
                0x00000294       0x34 /opt/CodeSourcery/bin/../lib/gcc/arm-none-eabi/4.5.1/../../../../arm-none-eabi/lib/libc.a(lib_a-wsetup.o)
 .ARM.attributes
                0x000002c8       0x34 /opt/CodeSourcery/bin/../lib/gcc/arm-none-eabi/4.5.1/../../../../arm-none-eabi/lib/libc.a(lib_a-dtoa.o)
 .ARM.attributes
                0x000002fc       0x34 /opt/CodeSourcery/bin/../lib/gcc/arm-none-eabi/4.5.1/../../../../arm-none-eabi/lib/libc.a(lib_a-fflush.o)
 .ARM.attributes
                0x00000330       0x34 /opt/CodeSourcery/bin/../lib/gcc/arm-none-eabi/4.5.1/../../../../arm-none-eabi/lib/libc.a(lib_a-findfp.o)
 .ARM.attributes
                0x00000364       0x34 /opt/CodeSourcery/bin/../lib/gcc/arm-none-eabi/4.5.1/../../../../arm-none-eabi/lib/libc.a(lib_a-freer.o)
 .ARM.attributes
                0x00000398       0x34 /opt/CodeSourcery/bin/../lib/gcc/arm-none-eabi/4.5.1/../../../../arm-none-eabi/lib/libc.a(lib_a-fvwrite.o)
 .ARM.attributes
                0x000003cc       0x34 /opt/CodeSourcery/bin/../lib/gcc/arm-none-eabi/4.5.1/../../../../arm-none-eabi/lib/libc.a(lib_a-fwalk.o)
 .ARM.attributes
                0x00000400       0x34 /opt/CodeSourcery/bin/../lib/gcc/arm-none-eabi/4.5.1/../../../../arm-none-eabi/lib/libc.a(lib_a-impure.o)
 .ARM.attributes
                0x00000434       0x34 /opt/CodeSourcery/bin/../lib/gcc/arm-none-eabi/4.5.1/../../../../arm-none-eabi/lib/libc.a(lib_a-locale.o)
 .ARM.attributes
                0x00000468       0x34 /opt/CodeSourcery/bin/../lib/gcc/arm-none-eabi/4.5.1/../../../../arm-none-eabi/lib/libc.a(lib_a-makebuf.o)
 .ARM.attributes
                0x0000049c       0x34 /opt/CodeSourcery/bin/../lib/gcc/arm-none-eabi/4.5.1/../../../../arm-none-eabi/lib/libc.a(lib_a-mallocr.o)
 .ARM.attributes
                0x000004d0       0x34 /opt/CodeSourcery/bin/../lib/gcc/arm-none-eabi/4.5.1/../../../../arm-none-eabi/lib/libc.a(lib_a-memchr.o)
 .ARM.attributes
                0x00000504       0x34 /opt/CodeSourcery/bin/../lib/gcc/arm-none-eabi/4.5.1/../../../../arm-none-eabi/lib/libc.a(lib_a-memcpy.o)
 .ARM.attributes
                0x00000538       0x34 /opt/CodeSourcery/bin/../lib/gcc/arm-none-eabi/4.5.1/../../../../arm-none-eabi/lib/libc.a(lib_a-memmove.o)
 .ARM.attributes
                0x0000056c       0x34 /opt/CodeSourcery/bin/../lib/gcc/arm-none-eabi/4.5.1/../../../../arm-none-eabi/lib/libc.a(lib_a-memset.o)
 .ARM.attributes
                0x000005a0       0x34 /opt/CodeSourcery/bin/../lib/gcc/arm-none-eabi/4.5.1/../../../../arm-none-eabi/lib/libc.a(lib_a-mlock.o)
 .ARM.attributes
                0x000005d4       0x34 /opt/CodeSourcery/bin/../lib/gcc/arm-none-eabi/4.5.1/../../../../arm-none-eabi/lib/libc.a(lib_a-mprec.o)
 .ARM.attributes
                0x00000608       0x34 /opt/CodeSourcery/bin/../lib/gcc/arm-none-eabi/4.5.1/../../../../arm-none-eabi/lib/libc.a(lib_a-putc.o)
 .ARM.attributes
                0x0000063c       0x34 /opt/CodeSourcery/bin/../lib/gcc/arm-none-eabi/4.5.1/../../../../arm-none-eabi/lib/libc.a(lib_a-reallocr.o)
 .ARM.attributes
                0x00000670       0x34 /opt/CodeSourcery/bin/../lib/gcc/arm-none-eabi/4.5.1/../../../../arm-none-eabi/lib/libc.a(lib_a-s_fpclassify.o)
 .ARM.attributes
                0x000006a4       0x34 /opt/CodeSourcery/bin/../lib/gcc/arm-none-eabi/4.5.1/../../../../arm-none-eabi/lib/libc.a(lib_a-stdio.o)
 .ARM.attributes
                0x000006d8       0x34 /opt/CodeSourcery/bin/../lib/gcc/arm-none-eabi/4.5.1/../../../../arm-none-eabi/lib/libc.a(lib_a-strcmp.o)
 .ARM.attributes
                0x0000070c       0x34 /opt/CodeSourcery/bin/../lib/gcc/arm-none-eabi/4.5.1/../../../../arm-none-eabi/lib/libc.a(lib_a-vfiprintf.o)
 .ARM.attributes
                0x00000740       0x34 /opt/CodeSourcery/bin/../lib/gcc/arm-none-eabi/4.5.1/../../../../arm-none-eabi/lib/libc.a(lib_a-wbuf.o)
 .ARM.attributes
                0x00000774       0x34 /opt/CodeSourcery/bin/../lib/gcc/arm-none-eabi/4.5.1/../../../../arm-none-eabi/lib/libc.a(lib_a-callocr.o)
 .ARM.attributes
                0x000007a8       0x34 /opt/CodeSourcery/bin/../lib/gcc/arm-none-eabi/4.5.1/../../../../arm-none-eabi/lib/libc.a(lib_a-fclose.o)
 .ARM.attributes
                0x000007dc       0x34 /opt/CodeSourcery/bin/../lib/gcc/arm-none-eabi/4.5.1/../../../../arm-none-eabi/lib/libc.a(lib_a-fputwc.o)
 .ARM.attributes
                0x00000810       0x34 /opt/CodeSourcery/bin/../lib/gcc/arm-none-eabi/4.5.1/../../../../arm-none-eabi/lib/libc.a(lib_a-isattyr.o)
 .ARM.attributes
                0x00000844       0x34 /opt/CodeSourcery/bin/../lib/gcc/arm-none-eabi/4.5.1/../../../../arm-none-eabi/lib/libc.a(lib_a-reent.o)
 .ARM.attributes
                0x00000878       0x34 /opt/CodeSourcery/bin/../lib/gcc/arm-none-eabi/4.5.1/../../../../arm-none-eabi/lib/libc.a(lib_a-wcrtomb.o)
 .ARM.attributes
                0x000008ac       0x34 /opt/CodeSourcery/bin/../lib/gcc/arm-none-eabi/4.5.1/../../../../arm-none-eabi/lib/libc.a(lib_a-wctomb_r.o)
 .ARM.attributes
                0x000008e0       0x1a /opt/CodeSourcery/bin/../lib/gcc/arm-none-eabi/4.5.1/libgcc.a(_udivsi3.o)
 .ARM.attributes
                0x000008fa       0x18 /opt/CodeSourcery/bin/../lib/gcc/arm-none-eabi/4.5.1/libgcc.a(_dvmd_tls.o)
 .ARM.attributes
                0x00000912       0x1a /opt/CodeSourcery/bin/../lib/gcc/arm-none-eabi/4.5.1/libgcc.a(_arm_addsubdf3.o)
 .ARM.attributes
                0x0000092c       0x1a /opt/CodeSourcery/bin/../lib/gcc/arm-none-eabi/4.5.1/libgcc.a(_arm_muldivdf3.o)
 .ARM.attributes
                0x00000946       0x1a /opt/CodeSourcery/bin/../lib/gcc/arm-none-eabi/4.5.1/libgcc.a(_arm_cmpdf2.o)
 .ARM.attributes
                0x00000960       0x1a /opt/CodeSourcery/bin/../lib/gcc/arm-none-eabi/4.5.1/libgcc.a(_arm_fixdfsi.o)
 .ARM.attributes
                0x0000097a       0x1a /opt/CodeSourcery/bin/../lib/gcc/arm-none-eabi/4.5.1/libgcc.a(_aeabi_uldivmod.o)
 .ARM.attributes
                0x00000994       0x34 /opt/CodeSourcery/bin/../lib/gcc/arm-none-eabi/4.5.1/libgcc.a(bpabi.o)
 .ARM.attributes
                0x000009c8       0x34 /opt/CodeSourcery/bin/../lib/gcc/arm-none-eabi/4.5.1/libgcc.a(_divdi3.o)
 .ARM.attributes
                0x000009fc       0x34 /opt/CodeSourcery/bin/../lib/gcc/arm-none-eabi/4.5.1/libgcc.a(_udivdi3.o)
 .ARM.attributes
                0x00000a30       0x1a /opt/CodeSourcery/bin/../lib/gcc/arm-none-eabi/4.5.1/libgcc.a(_clzsi2.o)

.comment        0x00000000       0x2a
 *(.comment)
 .comment       0x00000000       0x2a main.o
                                 0x2b (size before relaxing)
 .comment       0x00000000       0x2b i2clib.o
 .comment       0x00000000       0x2b ymz.o
 .comment       0x00000000       0x2b uart.o
 .comment       0x00000000       0x2b target.o
 .comment       0x00000000       0x2b irq.o
 .comment       0x00000000       0x2b syscalls.o

.debug
 *(.debug)

.line
 *(.line)

.debug_srcinfo
 *(.debug_srcinfo)

.debug_sfnames
 *(.debug_sfnames)

.debug_aranges  0x00000000      0x270
 *(.debug_aranges)
 .debug_aranges
                0x00000000       0x28 asmfunc.o
 .debug_aranges
                0x00000028       0x88 main.o
 .debug_aranges
                0x000000b0       0x60 i2clib.o
 .debug_aranges
                0x00000110       0x28 ymz.o
 .debug_aranges
                0x00000138       0x30 uart.o
 .debug_aranges
                0x00000168       0x38 target.o
 .debug_aranges
                0x000001a0       0x28 irq.o
 .debug_aranges
                0x000001c8       0xa8 syscalls.o

.debug_pubnames
                0x00000000      0x36f
 *(.debug_pubnames)
 .debug_pubnames
                0x00000000       0xe4 main.o
 .debug_pubnames
                0x000000e4       0x9a i2clib.o
 .debug_pubnames
                0x0000017e       0x2e ymz.o
 .debug_pubnames
                0x000001ac       0x3b uart.o
 .debug_pubnames
                0x000001e7       0x58 target.o
 .debug_pubnames
                0x0000023f       0x2f irq.o
 .debug_pubnames
                0x0000026e      0x101 syscalls.o

.debug_info     0x00000000     0x19bf
 *(.debug_info .gnu.linkonce.wi.*)
 .debug_info    0x00000000       0x51 asmfunc.o
 .debug_info    0x00000051      0x2ee main.o
 .debug_info    0x0000033f      0x26e i2clib.o
 .debug_info    0x000005ad       0xb1 ymz.o
 .debug_info    0x0000065e      0x138 uart.o
 .debug_info    0x00000796      0x10b target.o
 .debug_info    0x000008a1      0x127 irq.o
 .debug_info    0x000009c8      0xff7 syscalls.o

.debug_abbrev   0x00000000      0x7a8
 *(.debug_abbrev)
 .debug_abbrev  0x00000000       0x12 asmfunc.o
 .debug_abbrev  0x00000012      0x15d main.o
 .debug_abbrev  0x0000016f      0x151 i2clib.o
 .debug_abbrev  0x000002c0       0x8d ymz.o
 .debug_abbrev  0x0000034d       0xbc uart.o
 .debug_abbrev  0x00000409       0xb6 target.o
 .debug_abbrev  0x000004bf       0xc0 irq.o
 .debug_abbrev  0x0000057f      0x229 syscalls.o

.debug_line     0x00000000      0x979
 *(.debug_line)
 .debug_line    0x00000000      0x125 asmfunc.o
 .debug_line    0x00000125      0x182 main.o
 .debug_line    0x000002a7      0x17c i2clib.o
 .debug_line    0x00000423       0x61 ymz.o
 .debug_line    0x00000484       0xa8 uart.o
 .debug_line    0x0000052c       0xe5 target.o
 .debug_line    0x00000611       0x7b irq.o
 .debug_line    0x0000068c      0x2ed syscalls.o

.debug_frame    0x00000000     0x11b8
 *(.debug_frame)
 .debug_frame   0x00000000      0x138 main.o
 .debug_frame   0x00000138       0xc8 i2clib.o
 .debug_frame   0x00000200       0x38 ymz.o
 .debug_frame   0x00000238       0x4c uart.o
 .debug_frame   0x00000284       0x60 target.o
 .debug_frame   0x000002e4       0x38 irq.o
 .debug_frame   0x0000031c      0x168 syscalls.o
 .debug_frame   0x00000484       0x58 /opt/CodeSourcery/bin/../lib/gcc/arm-none-eabi/4.5.1/../../../../arm-none-eabi/lib/libc.a(lib_a-printf.o)
 .debug_frame   0x000004dc       0x40 /opt/CodeSourcery/bin/../lib/gcc/arm-none-eabi/4.5.1/../../../../arm-none-eabi/lib/libc.a(lib_a-putchar.o)
 .debug_frame   0x0000051c       0x40 /opt/CodeSourcery/bin/../lib/gcc/arm-none-eabi/4.5.1/../../../../arm-none-eabi/lib/libc.a(lib_a-puts.o)
 .debug_frame   0x0000055c       0x20 /opt/CodeSourcery/bin/../lib/gcc/arm-none-eabi/4.5.1/../../../../arm-none-eabi/lib/libc.a(lib_a-strlen.o)
 .debug_frame   0x0000057c       0x58 /opt/CodeSourcery/bin/../lib/gcc/arm-none-eabi/4.5.1/../../../../arm-none-eabi/lib/libc.a(lib_a-vfprintf.o)
 .debug_frame   0x000005d4       0x2c /opt/CodeSourcery/bin/../lib/gcc/arm-none-eabi/4.5.1/../../../../arm-none-eabi/lib/libc.a(lib_a-wsetup.o)
 .debug_frame   0x00000600       0x64 /opt/CodeSourcery/bin/../lib/gcc/arm-none-eabi/4.5.1/../../../../arm-none-eabi/lib/libc.a(lib_a-dtoa.o)
 .debug_frame   0x00000664       0x48 /opt/CodeSourcery/bin/../lib/gcc/arm-none-eabi/4.5.1/../../../../arm-none-eabi/lib/libc.a(lib_a-fflush.o)
 .debug_frame   0x000006ac      0x12c /opt/CodeSourcery/bin/../lib/gcc/arm-none-eabi/4.5.1/../../../../arm-none-eabi/lib/libc.a(lib_a-findfp.o)
 .debug_frame   0x000007d8       0x50 /opt/CodeSourcery/bin/../lib/gcc/arm-none-eabi/4.5.1/../../../../arm-none-eabi/lib/libc.a(lib_a-freer.o)
 .debug_frame   0x00000828       0x3c /opt/CodeSourcery/bin/../lib/gcc/arm-none-eabi/4.5.1/../../../../arm-none-eabi/lib/libc.a(lib_a-fvwrite.o)
 .debug_frame   0x00000864       0x54 /opt/CodeSourcery/bin/../lib/gcc/arm-none-eabi/4.5.1/../../../../arm-none-eabi/lib/libc.a(lib_a-fwalk.o)
 .debug_frame   0x000008b8       0x98 /opt/CodeSourcery/bin/../lib/gcc/arm-none-eabi/4.5.1/../../../../arm-none-eabi/lib/libc.a(lib_a-locale.o)
 .debug_frame   0x00000950       0x34 /opt/CodeSourcery/bin/../lib/gcc/arm-none-eabi/4.5.1/../../../../arm-none-eabi/lib/libc.a(lib_a-makebuf.o)
 .debug_frame   0x00000984       0x3c /opt/CodeSourcery/bin/../lib/gcc/arm-none-eabi/4.5.1/../../../../arm-none-eabi/lib/libc.a(lib_a-mallocr.o)
 .debug_frame   0x000009c0       0x2c /opt/CodeSourcery/bin/../lib/gcc/arm-none-eabi/4.5.1/../../../../arm-none-eabi/lib/libc.a(lib_a-memchr.o)
 .debug_frame   0x000009ec       0x30 /opt/CodeSourcery/bin/../lib/gcc/arm-none-eabi/4.5.1/../../../../arm-none-eabi/lib/libc.a(lib_a-memcpy.o)
 .debug_frame   0x00000a1c       0x2c /opt/CodeSourcery/bin/../lib/gcc/arm-none-eabi/4.5.1/../../../../arm-none-eabi/lib/libc.a(lib_a-memmove.o)
 .debug_frame   0x00000a48       0x28 /opt/CodeSourcery/bin/../lib/gcc/arm-none-eabi/4.5.1/../../../../arm-none-eabi/lib/libc.a(lib_a-memset.o)
 .debug_frame   0x00000a70       0x30 /opt/CodeSourcery/bin/../lib/gcc/arm-none-eabi/4.5.1/../../../../arm-none-eabi/lib/libc.a(lib_a-mlock.o)
 .debug_frame   0x00000aa0      0x228 /opt/CodeSourcery/bin/../lib/gcc/arm-none-eabi/4.5.1/../../../../arm-none-eabi/lib/libc.a(lib_a-mprec.o)
 .debug_frame   0x00000cc8       0x48 /opt/CodeSourcery/bin/../lib/gcc/arm-none-eabi/4.5.1/../../../../arm-none-eabi/lib/libc.a(lib_a-putc.o)
 .debug_frame   0x00000d10       0x3c /opt/CodeSourcery/bin/../lib/gcc/arm-none-eabi/4.5.1/../../../../arm-none-eabi/lib/libc.a(lib_a-reallocr.o)
 .debug_frame   0x00000d4c       0x28 /opt/CodeSourcery/bin/../lib/gcc/arm-none-eabi/4.5.1/../../../../arm-none-eabi/lib/libc.a(lib_a-s_fpclassify.o)
 .debug_frame   0x00000d74       0x88 /opt/CodeSourcery/bin/../lib/gcc/arm-none-eabi/4.5.1/../../../../arm-none-eabi/lib/libc.a(lib_a-stdio.o)
 .debug_frame   0x00000dfc       0x30 /opt/CodeSourcery/bin/../lib/gcc/arm-none-eabi/4.5.1/../../../../arm-none-eabi/lib/libc.a(lib_a-strcmp.o)
 .debug_frame   0x00000e2c       0x7c /opt/CodeSourcery/bin/../lib/gcc/arm-none-eabi/4.5.1/../../../../arm-none-eabi/lib/libc.a(lib_a-vfiprintf.o)
 .debug_frame   0x00000ea8       0x3c /opt/CodeSourcery/bin/../lib/gcc/arm-none-eabi/4.5.1/../../../../arm-none-eabi/lib/libc.a(lib_a-wbuf.o)
 .debug_frame   0x00000ee4       0x28 /opt/CodeSourcery/bin/../lib/gcc/arm-none-eabi/4.5.1/../../../../arm-none-eabi/lib/libc.a(lib_a-callocr.o)
 .debug_frame   0x00000f0c       0x3c /opt/CodeSourcery/bin/../lib/gcc/arm-none-eabi/4.5.1/../../../../arm-none-eabi/lib/libc.a(lib_a-fclose.o)
 .debug_frame   0x00000f48       0x54 /opt/CodeSourcery/bin/../lib/gcc/arm-none-eabi/4.5.1/../../../../arm-none-eabi/lib/libc.a(lib_a-fputwc.o)
 .debug_frame   0x00000f9c       0x2c /opt/CodeSourcery/bin/../lib/gcc/arm-none-eabi/4.5.1/../../../../arm-none-eabi/lib/libc.a(lib_a-isattyr.o)
 .debug_frame   0x00000fc8       0x68 /opt/CodeSourcery/bin/../lib/gcc/arm-none-eabi/4.5.1/../../../../arm-none-eabi/lib/libc.a(lib_a-reent.o)
 .debug_frame   0x00001030       0x5c /opt/CodeSourcery/bin/../lib/gcc/arm-none-eabi/4.5.1/../../../../arm-none-eabi/lib/libc.a(lib_a-wcrtomb.o)
 .debug_frame   0x0000108c       0x44 /opt/CodeSourcery/bin/../lib/gcc/arm-none-eabi/4.5.1/../../../../arm-none-eabi/lib/libc.a(lib_a-wctomb_r.o)
 .debug_frame   0x000010d0       0x20 /opt/CodeSourcery/bin/../lib/gcc/arm-none-eabi/4.5.1/libgcc.a(_udivsi3.o)
 .debug_frame   0x000010f0       0x50 /opt/CodeSourcery/bin/../lib/gcc/arm-none-eabi/4.5.1/libgcc.a(bpabi.o)
 .debug_frame   0x00001140       0x3c /opt/CodeSourcery/bin/../lib/gcc/arm-none-eabi/4.5.1/libgcc.a(_divdi3.o)
 .debug_frame   0x0000117c       0x3c /opt/CodeSourcery/bin/../lib/gcc/arm-none-eabi/4.5.1/libgcc.a(_udivdi3.o)

.debug_str      0x00000000      0x81b
 *(.debug_str)
 .debug_str     0x00000000      0x14c main.o
                                0x193 (size before relaxing)
 .debug_str     0x0000014c       0x8f i2clib.o
                                 0xe1 (size before relaxing)
 .debug_str     0x000001db       0x28 ymz.o
                                 0x5c (size before relaxing)
 .debug_str     0x00000203       0x4c uart.o
                                0x10e (size before relaxing)
 .debug_str     0x0000024f       0x4d target.o
                                0x113 (size before relaxing)
 .debug_str     0x0000029c       0x4e irq.o
                                0x10b (size before relaxing)
 .debug_str     0x000002ea      0x531 syscalls.o
                                0x63f (size before relaxing)

.debug_loc      0x00000000      0xa0e
 *(.debug_loc)
 .debug_loc     0x00000000      0x227 main.o
 .debug_loc     0x00000227      0x1f9 i2clib.o
 .debug_loc     0x00000420       0xa3 ymz.o
 .debug_loc     0x000004c3       0x98 uart.o
 .debug_loc     0x0000055b       0x66 target.o
 .debug_loc     0x000005c1       0x7d irq.o
 .debug_loc     0x0000063e      0x3d0 syscalls.o

.debug_macinfo
 *(.debug_macinfo)

.debug_weaknames
 *(.debug_weaknames)

.debug_funcnames
 *(.debug_funcnames)

.debug_typenames
 *(.debug_typenames)

.debug_varnames
 *(.debug_varnames)
OUTPUT(main.elf elf32-littlearm)

.debug_ranges   0x00000000      0x1f8
 .debug_ranges  0x00000000       0x20 asmfunc.o
 .debug_ranges  0x00000020       0x78 main.o
 .debug_ranges  0x00000098       0x50 i2clib.o
 .debug_ranges  0x000000e8       0x18 ymz.o
 .debug_ranges  0x00000100       0x20 uart.o
 .debug_ranges  0x00000120       0x28 target.o
 .debug_ranges  0x00000148       0x18 irq.o
 .debug_ranges  0x00000160       0x98 syscalls.o

.debug_pubtypes
                0x00000000      0x208
 .debug_pubtypes
                0x00000000       0x1c main.o
 .debug_pubtypes
                0x0000001c       0x25 uart.o
 .debug_pubtypes
                0x00000041       0x1c target.o
 .debug_pubtypes
                0x0000005d       0x1c irq.o
 .debug_pubtypes
                0x00000079      0x18f syscalls.o

Cross Reference Table

Symbol                                            File
ClearVector                                       asmfunc.o
ConfigurePLL                                      target.o
Delay                                             main.o
                                                  i2clib.o
FiqDisable                                        asmfunc.o
                                                  main.o
FiqEnable                                         asmfunc.o
                                                  main.o
GPIOResetInit                                     target.o
                                                  main.o
IrqDisable                                        asmfunc.o
                                                  main.o
IrqEnable                                         asmfunc.o
                                                  main.o
Load_Block                                        asmfunc.o
OV7670                                            i2clib.o
RegisterVector                                    asmfunc.o
                                                  main.o
SCCBByteWrite                                     i2clib.o
SCCBwrite                                         i2clib.o
Store_Block                                       asmfunc.o
TIMER0_handler                                    main.o
TIMER1_handler                                    main.o
TargetInit                                        target.o
TargetResetInit                                   target.o
                                                  main.o
UARTGetch                                         uart.o
                                                  syscalls.o
UARTInit                                          uart.o
UARTPutch                                         uart.o
                                                  syscalls.o
UARTint                                           main.o
_Balloc                                           /opt/CodeSourcery/bin/../lib/gcc/arm-none-eabi/4.5.1/../../../../arm-none-eabi/lib/libc.a(lib_a-mprec.o)
                                                  /opt/CodeSourcery/bin/../lib/gcc/arm-none-eabi/4.5.1/../../../../arm-none-eabi/lib/libc.a(lib_a-dtoa.o)
_Bfree                                            /opt/CodeSourcery/bin/../lib/gcc/arm-none-eabi/4.5.1/../../../../arm-none-eabi/lib/libc.a(lib_a-mprec.o)
                                                  /opt/CodeSourcery/bin/../lib/gcc/arm-none-eabi/4.5.1/../../../../arm-none-eabi/lib/libc.a(lib_a-dtoa.o)
_PathLocale                                       /opt/CodeSourcery/bin/../lib/gcc/arm-none-eabi/4.5.1/../../../../arm-none-eabi/lib/libc.a(lib_a-locale.o)
__adddf3                                          /opt/CodeSourcery/bin/../lib/gcc/arm-none-eabi/4.5.1/libgcc.a(_arm_addsubdf3.o)
__aeabi_cdcmpeq                                   /opt/CodeSourcery/bin/../lib/gcc/arm-none-eabi/4.5.1/libgcc.a(_arm_cmpdf2.o)
__aeabi_cdcmple                                   /opt/CodeSourcery/bin/../lib/gcc/arm-none-eabi/4.5.1/libgcc.a(_arm_cmpdf2.o)
__aeabi_cdrcmple                                  /opt/CodeSourcery/bin/../lib/gcc/arm-none-eabi/4.5.1/libgcc.a(_arm_cmpdf2.o)
__aeabi_d2iz                                      /opt/CodeSourcery/bin/../lib/gcc/arm-none-eabi/4.5.1/libgcc.a(_arm_fixdfsi.o)
                                                  /opt/CodeSourcery/bin/../lib/gcc/arm-none-eabi/4.5.1/../../../../arm-none-eabi/lib/libc.a(lib_a-dtoa.o)
__aeabi_dadd                                      /opt/CodeSourcery/bin/../lib/gcc/arm-none-eabi/4.5.1/libgcc.a(_arm_addsubdf3.o)
                                                  /opt/CodeSourcery/bin/../lib/gcc/arm-none-eabi/4.5.1/../../../../arm-none-eabi/lib/libc.a(lib_a-dtoa.o)
__aeabi_dcmpeq                                    /opt/CodeSourcery/bin/../lib/gcc/arm-none-eabi/4.5.1/libgcc.a(_arm_cmpdf2.o)
                                                  /opt/CodeSourcery/bin/../lib/gcc/arm-none-eabi/4.5.1/../../../../arm-none-eabi/lib/libc.a(lib_a-dtoa.o)
                                                  /opt/CodeSourcery/bin/../lib/gcc/arm-none-eabi/4.5.1/../../../../arm-none-eabi/lib/libc.a(lib_a-vfprintf.o)
__aeabi_dcmpge                                    /opt/CodeSourcery/bin/../lib/gcc/arm-none-eabi/4.5.1/libgcc.a(_arm_cmpdf2.o)
                                                  /opt/CodeSourcery/bin/../lib/gcc/arm-none-eabi/4.5.1/../../../../arm-none-eabi/lib/libc.a(lib_a-dtoa.o)
__aeabi_dcmpgt                                    /opt/CodeSourcery/bin/../lib/gcc/arm-none-eabi/4.5.1/libgcc.a(_arm_cmpdf2.o)
                                                  /opt/CodeSourcery/bin/../lib/gcc/arm-none-eabi/4.5.1/../../../../arm-none-eabi/lib/libc.a(lib_a-dtoa.o)
__aeabi_dcmple                                    /opt/CodeSourcery/bin/../lib/gcc/arm-none-eabi/4.5.1/libgcc.a(_arm_cmpdf2.o)
__aeabi_dcmplt                                    /opt/CodeSourcery/bin/../lib/gcc/arm-none-eabi/4.5.1/libgcc.a(_arm_cmpdf2.o)
                                                  /opt/CodeSourcery/bin/../lib/gcc/arm-none-eabi/4.5.1/../../../../arm-none-eabi/lib/libc.a(lib_a-dtoa.o)
                                                  /opt/CodeSourcery/bin/../lib/gcc/arm-none-eabi/4.5.1/../../../../arm-none-eabi/lib/libc.a(lib_a-vfprintf.o)
__aeabi_ddiv                                      /opt/CodeSourcery/bin/../lib/gcc/arm-none-eabi/4.5.1/libgcc.a(_arm_muldivdf3.o)
                                                  /opt/CodeSourcery/bin/../lib/gcc/arm-none-eabi/4.5.1/../../../../arm-none-eabi/lib/libc.a(lib_a-mprec.o)
                                                  /opt/CodeSourcery/bin/../lib/gcc/arm-none-eabi/4.5.1/../../../../arm-none-eabi/lib/libc.a(lib_a-dtoa.o)
__aeabi_dmul                                      /opt/CodeSourcery/bin/../lib/gcc/arm-none-eabi/4.5.1/libgcc.a(_arm_muldivdf3.o)
                                                  /opt/CodeSourcery/bin/../lib/gcc/arm-none-eabi/4.5.1/../../../../arm-none-eabi/lib/libc.a(lib_a-mprec.o)
                                                  /opt/CodeSourcery/bin/../lib/gcc/arm-none-eabi/4.5.1/../../../../arm-none-eabi/lib/libc.a(lib_a-dtoa.o)
__aeabi_drsub                                     /opt/CodeSourcery/bin/../lib/gcc/arm-none-eabi/4.5.1/libgcc.a(_arm_addsubdf3.o)
__aeabi_dsub                                      /opt/CodeSourcery/bin/../lib/gcc/arm-none-eabi/4.5.1/libgcc.a(_arm_addsubdf3.o)
                                                  /opt/CodeSourcery/bin/../lib/gcc/arm-none-eabi/4.5.1/../../../../arm-none-eabi/lib/libc.a(lib_a-dtoa.o)
__aeabi_f2d                                       /opt/CodeSourcery/bin/../lib/gcc/arm-none-eabi/4.5.1/libgcc.a(_arm_addsubdf3.o)
__aeabi_i2d                                       /opt/CodeSourcery/bin/../lib/gcc/arm-none-eabi/4.5.1/libgcc.a(_arm_addsubdf3.o)
                                                  /opt/CodeSourcery/bin/../lib/gcc/arm-none-eabi/4.5.1/../../../../arm-none-eabi/lib/libc.a(lib_a-dtoa.o)
__aeabi_idiv0                                     /opt/CodeSourcery/bin/../lib/gcc/arm-none-eabi/4.5.1/libgcc.a(_dvmd_tls.o)
                                                  /opt/CodeSourcery/bin/../lib/gcc/arm-none-eabi/4.5.1/libgcc.a(_udivsi3.o)
__aeabi_l2d                                       /opt/CodeSourcery/bin/../lib/gcc/arm-none-eabi/4.5.1/libgcc.a(_arm_addsubdf3.o)
__aeabi_ldiv0                                     /opt/CodeSourcery/bin/../lib/gcc/arm-none-eabi/4.5.1/libgcc.a(_dvmd_tls.o)
                                                  /opt/CodeSourcery/bin/../lib/gcc/arm-none-eabi/4.5.1/libgcc.a(_aeabi_uldivmod.o)
__aeabi_ui2d                                      /opt/CodeSourcery/bin/../lib/gcc/arm-none-eabi/4.5.1/libgcc.a(_arm_addsubdf3.o)
                                                  /opt/CodeSourcery/bin/../lib/gcc/arm-none-eabi/4.5.1/../../../../arm-none-eabi/lib/libc.a(lib_a-dtoa.o)
__aeabi_uidiv                                     /opt/CodeSourcery/bin/../lib/gcc/arm-none-eabi/4.5.1/libgcc.a(_udivsi3.o)
                                                  /opt/CodeSourcery/bin/../lib/gcc/arm-none-eabi/4.5.1/libgcc.a(_udivdi3.o)
                                                  /opt/CodeSourcery/bin/../lib/gcc/arm-none-eabi/4.5.1/libgcc.a(_divdi3.o)
                                                  /opt/CodeSourcery/bin/../lib/gcc/arm-none-eabi/4.5.1/../../../../arm-none-eabi/lib/libc.a(lib_a-dtoa.o)
                                                  uart.o
__aeabi_uidivmod                                  /opt/CodeSourcery/bin/../lib/gcc/arm-none-eabi/4.5.1/libgcc.a(_udivsi3.o)
                                                  /opt/CodeSourcery/bin/../lib/gcc/arm-none-eabi/4.5.1/libgcc.a(_udivdi3.o)
                                                  /opt/CodeSourcery/bin/../lib/gcc/arm-none-eabi/4.5.1/libgcc.a(_divdi3.o)
__aeabi_ul2d                                      /opt/CodeSourcery/bin/../lib/gcc/arm-none-eabi/4.5.1/libgcc.a(_arm_addsubdf3.o)
__aeabi_uldivmod                                  /opt/CodeSourcery/bin/../lib/gcc/arm-none-eabi/4.5.1/libgcc.a(_aeabi_uldivmod.o)
                                                  /opt/CodeSourcery/bin/../lib/gcc/arm-none-eabi/4.5.1/../../../../arm-none-eabi/lib/libc.a(lib_a-vfiprintf.o)
                                                  /opt/CodeSourcery/bin/../lib/gcc/arm-none-eabi/4.5.1/../../../../arm-none-eabi/lib/libc.a(lib_a-vfprintf.o)
__any_on                                          /opt/CodeSourcery/bin/../lib/gcc/arm-none-eabi/4.5.1/../../../../arm-none-eabi/lib/libc.a(lib_a-mprec.o)
__ascii_wctomb                                    /opt/CodeSourcery/bin/../lib/gcc/arm-none-eabi/4.5.1/../../../../arm-none-eabi/lib/libc.a(lib_a-wctomb_r.o)
__b2d                                             /opt/CodeSourcery/bin/../lib/gcc/arm-none-eabi/4.5.1/../../../../arm-none-eabi/lib/libc.a(lib_a-mprec.o)
__bss_end__                                       asmfunc.o
__bss_start__                                     asmfunc.o
__clzsi2                                          /opt/CodeSourcery/bin/../lib/gcc/arm-none-eabi/4.5.1/libgcc.a(_clzsi2.o)
                                                  /opt/CodeSourcery/bin/../lib/gcc/arm-none-eabi/4.5.1/libgcc.a(_udivdi3.o)
                                                  /opt/CodeSourcery/bin/../lib/gcc/arm-none-eabi/4.5.1/libgcc.a(_divdi3.o)
__cmpdf2                                          /opt/CodeSourcery/bin/../lib/gcc/arm-none-eabi/4.5.1/libgcc.a(_arm_cmpdf2.o)
__copybits                                        /opt/CodeSourcery/bin/../lib/gcc/arm-none-eabi/4.5.1/../../../../arm-none-eabi/lib/libc.a(lib_a-mprec.o)
__d2b                                             /opt/CodeSourcery/bin/../lib/gcc/arm-none-eabi/4.5.1/../../../../arm-none-eabi/lib/libc.a(lib_a-mprec.o)
                                                  /opt/CodeSourcery/bin/../lib/gcc/arm-none-eabi/4.5.1/../../../../arm-none-eabi/lib/libc.a(lib_a-dtoa.o)
__divdf3                                          /opt/CodeSourcery/bin/../lib/gcc/arm-none-eabi/4.5.1/libgcc.a(_arm_muldivdf3.o)
__divdi3                                          /opt/CodeSourcery/bin/../lib/gcc/arm-none-eabi/4.5.1/libgcc.a(_divdi3.o)
                                                  /opt/CodeSourcery/bin/../lib/gcc/arm-none-eabi/4.5.1/libgcc.a(bpabi.o)
__eqdf2                                           /opt/CodeSourcery/bin/../lib/gcc/arm-none-eabi/4.5.1/libgcc.a(_arm_cmpdf2.o)
__exidx_end                                       syscalls.o
__exidx_start                                     syscalls.o
__extendsfdf2                                     /opt/CodeSourcery/bin/../lib/gcc/arm-none-eabi/4.5.1/libgcc.a(_arm_addsubdf3.o)
__fixdfsi                                         /opt/CodeSourcery/bin/../lib/gcc/arm-none-eabi/4.5.1/libgcc.a(_arm_fixdfsi.o)
__floatdidf                                       /opt/CodeSourcery/bin/../lib/gcc/arm-none-eabi/4.5.1/libgcc.a(_arm_addsubdf3.o)
__floatsidf                                       /opt/CodeSourcery/bin/../lib/gcc/arm-none-eabi/4.5.1/libgcc.a(_arm_addsubdf3.o)
__floatundidf                                     /opt/CodeSourcery/bin/../lib/gcc/arm-none-eabi/4.5.1/libgcc.a(_arm_addsubdf3.o)
__floatunsidf                                     /opt/CodeSourcery/bin/../lib/gcc/arm-none-eabi/4.5.1/libgcc.a(_arm_addsubdf3.o)
__fp_lock_all                                     /opt/CodeSourcery/bin/../lib/gcc/arm-none-eabi/4.5.1/../../../../arm-none-eabi/lib/libc.a(lib_a-findfp.o)
__fp_unlock_all                                   /opt/CodeSourcery/bin/../lib/gcc/arm-none-eabi/4.5.1/../../../../arm-none-eabi/lib/libc.a(lib_a-findfp.o)
__fpclassifyd                                     /opt/CodeSourcery/bin/../lib/gcc/arm-none-eabi/4.5.1/../../../../arm-none-eabi/lib/libc.a(lib_a-s_fpclassify.o)
                                                  /opt/CodeSourcery/bin/../lib/gcc/arm-none-eabi/4.5.1/../../../../arm-none-eabi/lib/libc.a(lib_a-vfprintf.o)
__gedf2                                           /opt/CodeSourcery/bin/../lib/gcc/arm-none-eabi/4.5.1/libgcc.a(_arm_cmpdf2.o)
__gnu_ldivmod_helper                              /opt/CodeSourcery/bin/../lib/gcc/arm-none-eabi/4.5.1/libgcc.a(bpabi.o)
__gnu_uldivmod_helper                             /opt/CodeSourcery/bin/../lib/gcc/arm-none-eabi/4.5.1/libgcc.a(bpabi.o)
                                                  /opt/CodeSourcery/bin/../lib/gcc/arm-none-eabi/4.5.1/libgcc.a(_aeabi_uldivmod.o)
__gtdf2                                           /opt/CodeSourcery/bin/../lib/gcc/arm-none-eabi/4.5.1/libgcc.a(_arm_cmpdf2.o)
__hi0bits                                         /opt/CodeSourcery/bin/../lib/gcc/arm-none-eabi/4.5.1/../../../../arm-none-eabi/lib/libc.a(lib_a-mprec.o)
                                                  /opt/CodeSourcery/bin/../lib/gcc/arm-none-eabi/4.5.1/../../../../arm-none-eabi/lib/libc.a(lib_a-dtoa.o)
__i2b                                             /opt/CodeSourcery/bin/../lib/gcc/arm-none-eabi/4.5.1/../../../../arm-none-eabi/lib/libc.a(lib_a-mprec.o)
                                                  /opt/CodeSourcery/bin/../lib/gcc/arm-none-eabi/4.5.1/../../../../arm-none-eabi/lib/libc.a(lib_a-dtoa.o)
__ledf2                                           /opt/CodeSourcery/bin/../lib/gcc/arm-none-eabi/4.5.1/libgcc.a(_arm_cmpdf2.o)
__lo0bits                                         /opt/CodeSourcery/bin/../lib/gcc/arm-none-eabi/4.5.1/../../../../arm-none-eabi/lib/libc.a(lib_a-mprec.o)
__locale_charset                                  /opt/CodeSourcery/bin/../lib/gcc/arm-none-eabi/4.5.1/../../../../arm-none-eabi/lib/libc.a(lib_a-locale.o)
                                                  /opt/CodeSourcery/bin/../lib/gcc/arm-none-eabi/4.5.1/../../../../arm-none-eabi/lib/libc.a(lib_a-wctomb_r.o)
                                                  /opt/CodeSourcery/bin/../lib/gcc/arm-none-eabi/4.5.1/../../../../arm-none-eabi/lib/libc.a(lib_a-wcrtomb.o)
__locale_cjk_lang                                 /opt/CodeSourcery/bin/../lib/gcc/arm-none-eabi/4.5.1/../../../../arm-none-eabi/lib/libc.a(lib_a-locale.o)
__locale_mb_cur_max                               /opt/CodeSourcery/bin/../lib/gcc/arm-none-eabi/4.5.1/../../../../arm-none-eabi/lib/libc.a(lib_a-locale.o)
                                                  /opt/CodeSourcery/bin/../lib/gcc/arm-none-eabi/4.5.1/../../../../arm-none-eabi/lib/libc.a(lib_a-fputwc.o)
__locale_msgcharset                               /opt/CodeSourcery/bin/../lib/gcc/arm-none-eabi/4.5.1/../../../../arm-none-eabi/lib/libc.a(lib_a-locale.o)
__lshift                                          /opt/CodeSourcery/bin/../lib/gcc/arm-none-eabi/4.5.1/../../../../arm-none-eabi/lib/libc.a(lib_a-mprec.o)
                                                  /opt/CodeSourcery/bin/../lib/gcc/arm-none-eabi/4.5.1/../../../../arm-none-eabi/lib/libc.a(lib_a-dtoa.o)
__ltdf2                                           /opt/CodeSourcery/bin/../lib/gcc/arm-none-eabi/4.5.1/libgcc.a(_arm_cmpdf2.o)
__malloc_av_                                      /opt/CodeSourcery/bin/../lib/gcc/arm-none-eabi/4.5.1/../../../../arm-none-eabi/lib/libc.a(lib_a-mallocr.o)
                                                  /opt/CodeSourcery/bin/../lib/gcc/arm-none-eabi/4.5.1/../../../../arm-none-eabi/lib/libc.a(lib_a-reallocr.o)
                                                  /opt/CodeSourcery/bin/../lib/gcc/arm-none-eabi/4.5.1/../../../../arm-none-eabi/lib/libc.a(lib_a-freer.o)
__malloc_current_mallinfo                         /opt/CodeSourcery/bin/../lib/gcc/arm-none-eabi/4.5.1/../../../../arm-none-eabi/lib/libc.a(lib_a-mallocr.o)
                                                  /opt/CodeSourcery/bin/../lib/gcc/arm-none-eabi/4.5.1/../../../../arm-none-eabi/lib/libc.a(lib_a-freer.o)
__malloc_lock                                     /opt/CodeSourcery/bin/../lib/gcc/arm-none-eabi/4.5.1/../../../../arm-none-eabi/lib/libc.a(lib_a-mlock.o)
                                                  /opt/CodeSourcery/bin/../lib/gcc/arm-none-eabi/4.5.1/../../../../arm-none-eabi/lib/libc.a(lib_a-reallocr.o)
                                                  /opt/CodeSourcery/bin/../lib/gcc/arm-none-eabi/4.5.1/../../../../arm-none-eabi/lib/libc.a(lib_a-mallocr.o)
                                                  /opt/CodeSourcery/bin/../lib/gcc/arm-none-eabi/4.5.1/../../../../arm-none-eabi/lib/libc.a(lib_a-freer.o)
__malloc_max_sbrked_mem                           /opt/CodeSourcery/bin/../lib/gcc/arm-none-eabi/4.5.1/../../../../arm-none-eabi/lib/libc.a(lib_a-mallocr.o)
__malloc_max_total_mem                            /opt/CodeSourcery/bin/../lib/gcc/arm-none-eabi/4.5.1/../../../../arm-none-eabi/lib/libc.a(lib_a-mallocr.o)
__malloc_sbrk_base                                /opt/CodeSourcery/bin/../lib/gcc/arm-none-eabi/4.5.1/../../../../arm-none-eabi/lib/libc.a(lib_a-mallocr.o)
                                                  /opt/CodeSourcery/bin/../lib/gcc/arm-none-eabi/4.5.1/../../../../arm-none-eabi/lib/libc.a(lib_a-freer.o)
__malloc_top_pad                                  /opt/CodeSourcery/bin/../lib/gcc/arm-none-eabi/4.5.1/../../../../arm-none-eabi/lib/libc.a(lib_a-mallocr.o)
                                                  /opt/CodeSourcery/bin/../lib/gcc/arm-none-eabi/4.5.1/../../../../arm-none-eabi/lib/libc.a(lib_a-freer.o)
__malloc_trim_threshold                           /opt/CodeSourcery/bin/../lib/gcc/arm-none-eabi/4.5.1/../../../../arm-none-eabi/lib/libc.a(lib_a-mallocr.o)
                                                  /opt/CodeSourcery/bin/../lib/gcc/arm-none-eabi/4.5.1/../../../../arm-none-eabi/lib/libc.a(lib_a-freer.o)
__malloc_unlock                                   /opt/CodeSourcery/bin/../lib/gcc/arm-none-eabi/4.5.1/../../../../arm-none-eabi/lib/libc.a(lib_a-mlock.o)
                                                  /opt/CodeSourcery/bin/../lib/gcc/arm-none-eabi/4.5.1/../../../../arm-none-eabi/lib/libc.a(lib_a-reallocr.o)
                                                  /opt/CodeSourcery/bin/../lib/gcc/arm-none-eabi/4.5.1/../../../../arm-none-eabi/lib/libc.a(lib_a-mallocr.o)
                                                  /opt/CodeSourcery/bin/../lib/gcc/arm-none-eabi/4.5.1/../../../../arm-none-eabi/lib/libc.a(lib_a-freer.o)
__mb_cur_max                                      /opt/CodeSourcery/bin/../lib/gcc/arm-none-eabi/4.5.1/../../../../arm-none-eabi/lib/libc.a(lib_a-locale.o)
__mcmp                                            /opt/CodeSourcery/bin/../lib/gcc/arm-none-eabi/4.5.1/../../../../arm-none-eabi/lib/libc.a(lib_a-mprec.o)
                                                  /opt/CodeSourcery/bin/../lib/gcc/arm-none-eabi/4.5.1/../../../../arm-none-eabi/lib/libc.a(lib_a-dtoa.o)
__mdiff                                           /opt/CodeSourcery/bin/../lib/gcc/arm-none-eabi/4.5.1/../../../../arm-none-eabi/lib/libc.a(lib_a-mprec.o)
                                                  /opt/CodeSourcery/bin/../lib/gcc/arm-none-eabi/4.5.1/../../../../arm-none-eabi/lib/libc.a(lib_a-dtoa.o)
__mlocale_changed                                 /opt/CodeSourcery/bin/../lib/gcc/arm-none-eabi/4.5.1/../../../../arm-none-eabi/lib/libc.a(lib_a-locale.o)
__mprec_bigtens                                   /opt/CodeSourcery/bin/../lib/gcc/arm-none-eabi/4.5.1/../../../../arm-none-eabi/lib/libc.a(lib_a-mprec.o)
                                                  /opt/CodeSourcery/bin/../lib/gcc/arm-none-eabi/4.5.1/../../../../arm-none-eabi/lib/libc.a(lib_a-dtoa.o)
__mprec_tens                                      /opt/CodeSourcery/bin/../lib/gcc/arm-none-eabi/4.5.1/../../../../arm-none-eabi/lib/libc.a(lib_a-mprec.o)
                                                  /opt/CodeSourcery/bin/../lib/gcc/arm-none-eabi/4.5.1/../../../../arm-none-eabi/lib/libc.a(lib_a-dtoa.o)
__mprec_tinytens                                  /opt/CodeSourcery/bin/../lib/gcc/arm-none-eabi/4.5.1/../../../../arm-none-eabi/lib/libc.a(lib_a-mprec.o)
__muldf3                                          /opt/CodeSourcery/bin/../lib/gcc/arm-none-eabi/4.5.1/libgcc.a(_arm_muldivdf3.o)
__multadd                                         /opt/CodeSourcery/bin/../lib/gcc/arm-none-eabi/4.5.1/../../../../arm-none-eabi/lib/libc.a(lib_a-mprec.o)
                                                  /opt/CodeSourcery/bin/../lib/gcc/arm-none-eabi/4.5.1/../../../../arm-none-eabi/lib/libc.a(lib_a-dtoa.o)
__multiply                                        /opt/CodeSourcery/bin/../lib/gcc/arm-none-eabi/4.5.1/../../../../arm-none-eabi/lib/libc.a(lib_a-mprec.o)
                                                  /opt/CodeSourcery/bin/../lib/gcc/arm-none-eabi/4.5.1/../../../../arm-none-eabi/lib/libc.a(lib_a-dtoa.o)
__nedf2                                           /opt/CodeSourcery/bin/../lib/gcc/arm-none-eabi/4.5.1/libgcc.a(_arm_cmpdf2.o)
__nlocale_changed                                 /opt/CodeSourcery/bin/../lib/gcc/arm-none-eabi/4.5.1/../../../../arm-none-eabi/lib/libc.a(lib_a-locale.o)
__pow5mult                                        /opt/CodeSourcery/bin/../lib/gcc/arm-none-eabi/4.5.1/../../../../arm-none-eabi/lib/libc.a(lib_a-mprec.o)
                                                  /opt/CodeSourcery/bin/../lib/gcc/arm-none-eabi/4.5.1/../../../../arm-none-eabi/lib/libc.a(lib_a-dtoa.o)
__ratio                                           /opt/CodeSourcery/bin/../lib/gcc/arm-none-eabi/4.5.1/../../../../arm-none-eabi/lib/libc.a(lib_a-mprec.o)
__s2b                                             /opt/CodeSourcery/bin/../lib/gcc/arm-none-eabi/4.5.1/../../../../arm-none-eabi/lib/libc.a(lib_a-mprec.o)
__sclose                                          /opt/CodeSourcery/bin/../lib/gcc/arm-none-eabi/4.5.1/../../../../arm-none-eabi/lib/libc.a(lib_a-stdio.o)
                                                  /opt/CodeSourcery/bin/../lib/gcc/arm-none-eabi/4.5.1/../../../../arm-none-eabi/lib/libc.a(lib_a-findfp.o)
__seofread                                        /opt/CodeSourcery/bin/../lib/gcc/arm-none-eabi/4.5.1/../../../../arm-none-eabi/lib/libc.a(lib_a-stdio.o)
__sfmoreglue                                      /opt/CodeSourcery/bin/../lib/gcc/arm-none-eabi/4.5.1/../../../../arm-none-eabi/lib/libc.a(lib_a-findfp.o)
__sfp                                             /opt/CodeSourcery/bin/../lib/gcc/arm-none-eabi/4.5.1/../../../../arm-none-eabi/lib/libc.a(lib_a-findfp.o)
__sfp_lock_acquire                                /opt/CodeSourcery/bin/../lib/gcc/arm-none-eabi/4.5.1/../../../../arm-none-eabi/lib/libc.a(lib_a-findfp.o)
                                                  /opt/CodeSourcery/bin/../lib/gcc/arm-none-eabi/4.5.1/../../../../arm-none-eabi/lib/libc.a(lib_a-fclose.o)
                                                  /opt/CodeSourcery/bin/../lib/gcc/arm-none-eabi/4.5.1/../../../../arm-none-eabi/lib/libc.a(lib_a-fwalk.o)
__sfp_lock_release                                /opt/CodeSourcery/bin/../lib/gcc/arm-none-eabi/4.5.1/../../../../arm-none-eabi/lib/libc.a(lib_a-findfp.o)
                                                  /opt/CodeSourcery/bin/../lib/gcc/arm-none-eabi/4.5.1/../../../../arm-none-eabi/lib/libc.a(lib_a-fclose.o)
                                                  /opt/CodeSourcery/bin/../lib/gcc/arm-none-eabi/4.5.1/../../../../arm-none-eabi/lib/libc.a(lib_a-fwalk.o)
__sfvwrite_r                                      /opt/CodeSourcery/bin/../lib/gcc/arm-none-eabi/4.5.1/../../../../arm-none-eabi/lib/libc.a(lib_a-fvwrite.o)
                                                  /opt/CodeSourcery/bin/../lib/gcc/arm-none-eabi/4.5.1/../../../../arm-none-eabi/lib/libc.a(lib_a-vfiprintf.o)
                                                  /opt/CodeSourcery/bin/../lib/gcc/arm-none-eabi/4.5.1/../../../../arm-none-eabi/lib/libc.a(lib_a-puts.o)
__sinit                                           /opt/CodeSourcery/bin/../lib/gcc/arm-none-eabi/4.5.1/../../../../arm-none-eabi/lib/libc.a(lib_a-findfp.o)
                                                  /opt/CodeSourcery/bin/../lib/gcc/arm-none-eabi/4.5.1/../../../../arm-none-eabi/lib/libc.a(lib_a-fputwc.o)
                                                  /opt/CodeSourcery/bin/../lib/gcc/arm-none-eabi/4.5.1/../../../../arm-none-eabi/lib/libc.a(lib_a-fclose.o)
                                                  /opt/CodeSourcery/bin/../lib/gcc/arm-none-eabi/4.5.1/../../../../arm-none-eabi/lib/libc.a(lib_a-wbuf.o)
                                                  /opt/CodeSourcery/bin/../lib/gcc/arm-none-eabi/4.5.1/../../../../arm-none-eabi/lib/libc.a(lib_a-vfiprintf.o)
                                                  /opt/CodeSourcery/bin/../lib/gcc/arm-none-eabi/4.5.1/../../../../arm-none-eabi/lib/libc.a(lib_a-putc.o)
                                                  /opt/CodeSourcery/bin/../lib/gcc/arm-none-eabi/4.5.1/../../../../arm-none-eabi/lib/libc.a(lib_a-fflush.o)
                                                  /opt/CodeSourcery/bin/../lib/gcc/arm-none-eabi/4.5.1/../../../../arm-none-eabi/lib/libc.a(lib_a-wsetup.o)
                                                  /opt/CodeSourcery/bin/../lib/gcc/arm-none-eabi/4.5.1/../../../../arm-none-eabi/lib/libc.a(lib_a-vfprintf.o)
__sinit_lock_acquire                              /opt/CodeSourcery/bin/../lib/gcc/arm-none-eabi/4.5.1/../../../../arm-none-eabi/lib/libc.a(lib_a-findfp.o)
__sinit_lock_release                              /opt/CodeSourcery/bin/../lib/gcc/arm-none-eabi/4.5.1/../../../../arm-none-eabi/lib/libc.a(lib_a-findfp.o)
__smakebuf_r                                      /opt/CodeSourcery/bin/../lib/gcc/arm-none-eabi/4.5.1/../../../../arm-none-eabi/lib/libc.a(lib_a-makebuf.o)
                                                  /opt/CodeSourcery/bin/../lib/gcc/arm-none-eabi/4.5.1/../../../../arm-none-eabi/lib/libc.a(lib_a-wsetup.o)
__sprint_r                                        /opt/CodeSourcery/bin/../lib/gcc/arm-none-eabi/4.5.1/../../../../arm-none-eabi/lib/libc.a(lib_a-vfiprintf.o)
                                                  /opt/CodeSourcery/bin/../lib/gcc/arm-none-eabi/4.5.1/../../../../arm-none-eabi/lib/libc.a(lib_a-vfprintf.o)
__sread                                           /opt/CodeSourcery/bin/../lib/gcc/arm-none-eabi/4.5.1/../../../../arm-none-eabi/lib/libc.a(lib_a-stdio.o)
                                                  /opt/CodeSourcery/bin/../lib/gcc/arm-none-eabi/4.5.1/../../../../arm-none-eabi/lib/libc.a(lib_a-findfp.o)
__sseek                                           /opt/CodeSourcery/bin/../lib/gcc/arm-none-eabi/4.5.1/../../../../arm-none-eabi/lib/libc.a(lib_a-stdio.o)
                                                  /opt/CodeSourcery/bin/../lib/gcc/arm-none-eabi/4.5.1/../../../../arm-none-eabi/lib/libc.a(lib_a-makebuf.o)
                                                  /opt/CodeSourcery/bin/../lib/gcc/arm-none-eabi/4.5.1/../../../../arm-none-eabi/lib/libc.a(lib_a-findfp.o)
__subdf3                                          /opt/CodeSourcery/bin/../lib/gcc/arm-none-eabi/4.5.1/libgcc.a(_arm_addsubdf3.o)
__swbuf                                           /opt/CodeSourcery/bin/../lib/gcc/arm-none-eabi/4.5.1/../../../../arm-none-eabi/lib/libc.a(lib_a-wbuf.o)
__swbuf_r                                         /opt/CodeSourcery/bin/../lib/gcc/arm-none-eabi/4.5.1/../../../../arm-none-eabi/lib/libc.a(lib_a-wbuf.o)
                                                  /opt/CodeSourcery/bin/../lib/gcc/arm-none-eabi/4.5.1/../../../../arm-none-eabi/lib/libc.a(lib_a-fputwc.o)
                                                  /opt/CodeSourcery/bin/../lib/gcc/arm-none-eabi/4.5.1/../../../../arm-none-eabi/lib/libc.a(lib_a-putc.o)
__swrite                                          /opt/CodeSourcery/bin/../lib/gcc/arm-none-eabi/4.5.1/../../../../arm-none-eabi/lib/libc.a(lib_a-stdio.o)
                                                  /opt/CodeSourcery/bin/../lib/gcc/arm-none-eabi/4.5.1/../../../../arm-none-eabi/lib/libc.a(lib_a-findfp.o)
__swsetup_r                                       /opt/CodeSourcery/bin/../lib/gcc/arm-none-eabi/4.5.1/../../../../arm-none-eabi/lib/libc.a(lib_a-wsetup.o)
                                                  /opt/CodeSourcery/bin/../lib/gcc/arm-none-eabi/4.5.1/../../../../arm-none-eabi/lib/libc.a(lib_a-wbuf.o)
                                                  /opt/CodeSourcery/bin/../lib/gcc/arm-none-eabi/4.5.1/../../../../arm-none-eabi/lib/libc.a(lib_a-vfiprintf.o)
                                                  /opt/CodeSourcery/bin/../lib/gcc/arm-none-eabi/4.5.1/../../../../arm-none-eabi/lib/libc.a(lib_a-fvwrite.o)
                                                  /opt/CodeSourcery/bin/../lib/gcc/arm-none-eabi/4.5.1/../../../../arm-none-eabi/lib/libc.a(lib_a-vfprintf.o)
__udivdi3                                         /opt/CodeSourcery/bin/../lib/gcc/arm-none-eabi/4.5.1/libgcc.a(_udivdi3.o)
                                                  /opt/CodeSourcery/bin/../lib/gcc/arm-none-eabi/4.5.1/libgcc.a(bpabi.o)
__udivsi3                                         /opt/CodeSourcery/bin/../lib/gcc/arm-none-eabi/4.5.1/libgcc.a(_udivsi3.o)
__ulp                                             /opt/CodeSourcery/bin/../lib/gcc/arm-none-eabi/4.5.1/../../../../arm-none-eabi/lib/libc.a(lib_a-mprec.o)
__wctomb                                          /opt/CodeSourcery/bin/../lib/gcc/arm-none-eabi/4.5.1/../../../../arm-none-eabi/lib/libc.a(lib_a-wctomb_r.o)
                                                  /opt/CodeSourcery/bin/../lib/gcc/arm-none-eabi/4.5.1/../../../../arm-none-eabi/lib/libc.a(lib_a-wcrtomb.o)
_calloc_r                                         /opt/CodeSourcery/bin/../lib/gcc/arm-none-eabi/4.5.1/../../../../arm-none-eabi/lib/libc.a(lib_a-callocr.o)
                                                  /opt/CodeSourcery/bin/../lib/gcc/arm-none-eabi/4.5.1/../../../../arm-none-eabi/lib/libc.a(lib_a-mprec.o)
_cleanup                                          /opt/CodeSourcery/bin/../lib/gcc/arm-none-eabi/4.5.1/../../../../arm-none-eabi/lib/libc.a(lib_a-findfp.o)
_cleanup_r                                        /opt/CodeSourcery/bin/../lib/gcc/arm-none-eabi/4.5.1/../../../../arm-none-eabi/lib/libc.a(lib_a-findfp.o)
                                                  /opt/CodeSourcery/bin/../lib/gcc/arm-none-eabi/4.5.1/../../../../arm-none-eabi/lib/libc.a(lib_a-makebuf.o)
_close                                            syscalls.o
_close_r                                          syscalls.o
                                                  /opt/CodeSourcery/bin/../lib/gcc/arm-none-eabi/4.5.1/../../../../arm-none-eabi/lib/libc.a(lib_a-stdio.o)
_data                                             asmfunc.o
_dtoa_r                                           /opt/CodeSourcery/bin/../lib/gcc/arm-none-eabi/4.5.1/../../../../arm-none-eabi/lib/libc.a(lib_a-dtoa.o)
                                                  /opt/CodeSourcery/bin/../lib/gcc/arm-none-eabi/4.5.1/../../../../arm-none-eabi/lib/libc.a(lib_a-vfprintf.o)
_edata                                            asmfunc.o
_etext                                            asmfunc.o
_exit                                             syscalls.o
_fclose_r                                         /opt/CodeSourcery/bin/../lib/gcc/arm-none-eabi/4.5.1/../../../../arm-none-eabi/lib/libc.a(lib_a-fclose.o)
_fflush_r                                         /opt/CodeSourcery/bin/../lib/gcc/arm-none-eabi/4.5.1/../../../../arm-none-eabi/lib/libc.a(lib_a-fflush.o)
                                                  /opt/CodeSourcery/bin/../lib/gcc/arm-none-eabi/4.5.1/../../../../arm-none-eabi/lib/libc.a(lib_a-fclose.o)
                                                  /opt/CodeSourcery/bin/../lib/gcc/arm-none-eabi/4.5.1/../../../../arm-none-eabi/lib/libc.a(lib_a-wbuf.o)
                                                  /opt/CodeSourcery/bin/../lib/gcc/arm-none-eabi/4.5.1/../../../../arm-none-eabi/lib/libc.a(lib_a-vfiprintf.o)
                                                  /opt/CodeSourcery/bin/../lib/gcc/arm-none-eabi/4.5.1/../../../../arm-none-eabi/lib/libc.a(lib_a-fvwrite.o)
                                                  /opt/CodeSourcery/bin/../lib/gcc/arm-none-eabi/4.5.1/../../../../arm-none-eabi/lib/libc.a(lib_a-vfprintf.o)
_fputwc_r                                         /opt/CodeSourcery/bin/../lib/gcc/arm-none-eabi/4.5.1/../../../../arm-none-eabi/lib/libc.a(lib_a-fputwc.o)
                                                  /opt/CodeSourcery/bin/../lib/gcc/arm-none-eabi/4.5.1/../../../../arm-none-eabi/lib/libc.a(lib_a-vfiprintf.o)
_free_r                                           /opt/CodeSourcery/bin/../lib/gcc/arm-none-eabi/4.5.1/../../../../arm-none-eabi/lib/libc.a(lib_a-freer.o)
                                                  /opt/CodeSourcery/bin/../lib/gcc/arm-none-eabi/4.5.1/../../../../arm-none-eabi/lib/libc.a(lib_a-reent.o)
                                                  /opt/CodeSourcery/bin/../lib/gcc/arm-none-eabi/4.5.1/../../../../arm-none-eabi/lib/libc.a(lib_a-fclose.o)
                                                  /opt/CodeSourcery/bin/../lib/gcc/arm-none-eabi/4.5.1/../../../../arm-none-eabi/lib/libc.a(lib_a-reallocr.o)
                                                  /opt/CodeSourcery/bin/../lib/gcc/arm-none-eabi/4.5.1/../../../../arm-none-eabi/lib/libc.a(lib_a-mallocr.o)
                                                  /opt/CodeSourcery/bin/../lib/gcc/arm-none-eabi/4.5.1/../../../../arm-none-eabi/lib/libc.a(lib_a-fvwrite.o)
                                                  /opt/CodeSourcery/bin/../lib/gcc/arm-none-eabi/4.5.1/../../../../arm-none-eabi/lib/libc.a(lib_a-fflush.o)
                                                  /opt/CodeSourcery/bin/../lib/gcc/arm-none-eabi/4.5.1/../../../../arm-none-eabi/lib/libc.a(lib_a-wsetup.o)
_fstat                                            syscalls.o
_fstat_r                                          syscalls.o
                                                  /opt/CodeSourcery/bin/../lib/gcc/arm-none-eabi/4.5.1/../../../../arm-none-eabi/lib/libc.a(lib_a-makebuf.o)
_fwalk                                            /opt/CodeSourcery/bin/../lib/gcc/arm-none-eabi/4.5.1/../../../../arm-none-eabi/lib/libc.a(lib_a-fwalk.o)
                                                  /opt/CodeSourcery/bin/../lib/gcc/arm-none-eabi/4.5.1/../../../../arm-none-eabi/lib/libc.a(lib_a-findfp.o)
_fwalk_reent                                      /opt/CodeSourcery/bin/../lib/gcc/arm-none-eabi/4.5.1/../../../../arm-none-eabi/lib/libc.a(lib_a-fwalk.o)
                                                  /opt/CodeSourcery/bin/../lib/gcc/arm-none-eabi/4.5.1/../../../../arm-none-eabi/lib/libc.a(lib_a-fflush.o)
_getpid                                           syscalls.o
_global_impure_ptr                                /opt/CodeSourcery/bin/../lib/gcc/arm-none-eabi/4.5.1/../../../../arm-none-eabi/lib/libc.a(lib_a-impure.o)
                                                  /opt/CodeSourcery/bin/../lib/gcc/arm-none-eabi/4.5.1/../../../../arm-none-eabi/lib/libc.a(lib_a-findfp.o)
                                                  /opt/CodeSourcery/bin/../lib/gcc/arm-none-eabi/4.5.1/../../../../arm-none-eabi/lib/libc.a(lib_a-fflush.o)
_impure_ptr                                       /opt/CodeSourcery/bin/../lib/gcc/arm-none-eabi/4.5.1/../../../../arm-none-eabi/lib/libc.a(lib_a-impure.o)
                                                  /opt/CodeSourcery/bin/../lib/gcc/arm-none-eabi/4.5.1/../../../../arm-none-eabi/lib/libc.a(lib_a-wcrtomb.o)
                                                  /opt/CodeSourcery/bin/../lib/gcc/arm-none-eabi/4.5.1/../../../../arm-none-eabi/lib/libc.a(lib_a-reent.o)
                                                  /opt/CodeSourcery/bin/../lib/gcc/arm-none-eabi/4.5.1/../../../../arm-none-eabi/lib/libc.a(lib_a-fputwc.o)
                                                  /opt/CodeSourcery/bin/../lib/gcc/arm-none-eabi/4.5.1/../../../../arm-none-eabi/lib/libc.a(lib_a-fclose.o)
                                                  /opt/CodeSourcery/bin/../lib/gcc/arm-none-eabi/4.5.1/../../../../arm-none-eabi/lib/libc.a(lib_a-wbuf.o)
                                                  /opt/CodeSourcery/bin/../lib/gcc/arm-none-eabi/4.5.1/../../../../arm-none-eabi/lib/libc.a(lib_a-vfiprintf.o)
                                                  /opt/CodeSourcery/bin/../lib/gcc/arm-none-eabi/4.5.1/../../../../arm-none-eabi/lib/libc.a(lib_a-putc.o)
                                                  /opt/CodeSourcery/bin/../lib/gcc/arm-none-eabi/4.5.1/../../../../arm-none-eabi/lib/libc.a(lib_a-locale.o)
                                                  /opt/CodeSourcery/bin/../lib/gcc/arm-none-eabi/4.5.1/../../../../arm-none-eabi/lib/libc.a(lib_a-findfp.o)
                                                  /opt/CodeSourcery/bin/../lib/gcc/arm-none-eabi/4.5.1/../../../../arm-none-eabi/lib/libc.a(lib_a-fflush.o)
                                                  /opt/CodeSourcery/bin/../lib/gcc/arm-none-eabi/4.5.1/../../../../arm-none-eabi/lib/libc.a(lib_a-wsetup.o)
                                                  /opt/CodeSourcery/bin/../lib/gcc/arm-none-eabi/4.5.1/../../../../arm-none-eabi/lib/libc.a(lib_a-vfprintf.o)
                                                  /opt/CodeSourcery/bin/../lib/gcc/arm-none-eabi/4.5.1/../../../../arm-none-eabi/lib/libc.a(lib_a-puts.o)
                                                  /opt/CodeSourcery/bin/../lib/gcc/arm-none-eabi/4.5.1/../../../../arm-none-eabi/lib/libc.a(lib_a-putchar.o)
                                                  /opt/CodeSourcery/bin/../lib/gcc/arm-none-eabi/4.5.1/../../../../arm-none-eabi/lib/libc.a(lib_a-printf.o)
_isatty                                           syscalls.o
                                                  /opt/CodeSourcery/bin/../lib/gcc/arm-none-eabi/4.5.1/../../../../arm-none-eabi/lib/libc.a(lib_a-isattyr.o)
_isatty_r                                         /opt/CodeSourcery/bin/../lib/gcc/arm-none-eabi/4.5.1/../../../../arm-none-eabi/lib/libc.a(lib_a-isattyr.o)
                                                  /opt/CodeSourcery/bin/../lib/gcc/arm-none-eabi/4.5.1/../../../../arm-none-eabi/lib/libc.a(lib_a-makebuf.o)
_kill                                             syscalls.o
_localeconv_r                                     /opt/CodeSourcery/bin/../lib/gcc/arm-none-eabi/4.5.1/../../../../arm-none-eabi/lib/libc.a(lib_a-locale.o)
                                                  /opt/CodeSourcery/bin/../lib/gcc/arm-none-eabi/4.5.1/../../../../arm-none-eabi/lib/libc.a(lib_a-vfprintf.o)
_lseek                                            syscalls.o
_lseek_r                                          syscalls.o
                                                  /opt/CodeSourcery/bin/../lib/gcc/arm-none-eabi/4.5.1/../../../../arm-none-eabi/lib/libc.a(lib_a-stdio.o)
_malloc_r                                         /opt/CodeSourcery/bin/../lib/gcc/arm-none-eabi/4.5.1/../../../../arm-none-eabi/lib/libc.a(lib_a-mallocr.o)
                                                  /opt/CodeSourcery/bin/../lib/gcc/arm-none-eabi/4.5.1/../../../../arm-none-eabi/lib/libc.a(lib_a-callocr.o)
                                                  /opt/CodeSourcery/bin/../lib/gcc/arm-none-eabi/4.5.1/../../../../arm-none-eabi/lib/libc.a(lib_a-reallocr.o)
                                                  /opt/CodeSourcery/bin/../lib/gcc/arm-none-eabi/4.5.1/../../../../arm-none-eabi/lib/libc.a(lib_a-makebuf.o)
                                                  /opt/CodeSourcery/bin/../lib/gcc/arm-none-eabi/4.5.1/../../../../arm-none-eabi/lib/libc.a(lib_a-fvwrite.o)
                                                  /opt/CodeSourcery/bin/../lib/gcc/arm-none-eabi/4.5.1/../../../../arm-none-eabi/lib/libc.a(lib_a-findfp.o)
_malloc_trim_r                                    /opt/CodeSourcery/bin/../lib/gcc/arm-none-eabi/4.5.1/../../../../arm-none-eabi/lib/libc.a(lib_a-freer.o)
_mprec_log10                                      /opt/CodeSourcery/bin/../lib/gcc/arm-none-eabi/4.5.1/../../../../arm-none-eabi/lib/libc.a(lib_a-mprec.o)
_open                                             syscalls.o
_printf_r                                         /opt/CodeSourcery/bin/../lib/gcc/arm-none-eabi/4.5.1/../../../../arm-none-eabi/lib/libc.a(lib_a-printf.o)
_putc_r                                           /opt/CodeSourcery/bin/../lib/gcc/arm-none-eabi/4.5.1/../../../../arm-none-eabi/lib/libc.a(lib_a-putc.o)
                                                  /opt/CodeSourcery/bin/../lib/gcc/arm-none-eabi/4.5.1/../../../../arm-none-eabi/lib/libc.a(lib_a-putchar.o)
_putchar_r                                        /opt/CodeSourcery/bin/../lib/gcc/arm-none-eabi/4.5.1/../../../../arm-none-eabi/lib/libc.a(lib_a-putchar.o)
_puts_r                                           /opt/CodeSourcery/bin/../lib/gcc/arm-none-eabi/4.5.1/../../../../arm-none-eabi/lib/libc.a(lib_a-puts.o)
_read                                             syscalls.o
_read_r                                           syscalls.o
                                                  /opt/CodeSourcery/bin/../lib/gcc/arm-none-eabi/4.5.1/../../../../arm-none-eabi/lib/libc.a(lib_a-stdio.o)
_realloc_r                                        /opt/CodeSourcery/bin/../lib/gcc/arm-none-eabi/4.5.1/../../../../arm-none-eabi/lib/libc.a(lib_a-reallocr.o)
                                                  /opt/CodeSourcery/bin/../lib/gcc/arm-none-eabi/4.5.1/../../../../arm-none-eabi/lib/libc.a(lib_a-fvwrite.o)
_reclaim_reent                                    /opt/CodeSourcery/bin/../lib/gcc/arm-none-eabi/4.5.1/../../../../arm-none-eabi/lib/libc.a(lib_a-reent.o)
_sbrk                                             syscalls.o
_sbrk_r                                           syscalls.o
                                                  /opt/CodeSourcery/bin/../lib/gcc/arm-none-eabi/4.5.1/../../../../arm-none-eabi/lib/libc.a(lib_a-mallocr.o)
                                                  /opt/CodeSourcery/bin/../lib/gcc/arm-none-eabi/4.5.1/../../../../arm-none-eabi/lib/libc.a(lib_a-freer.o)
_setlocale_r                                      /opt/CodeSourcery/bin/../lib/gcc/arm-none-eabi/4.5.1/../../../../arm-none-eabi/lib/libc.a(lib_a-locale.o)
_vfiprintf_r                                      /opt/CodeSourcery/bin/../lib/gcc/arm-none-eabi/4.5.1/../../../../arm-none-eabi/lib/libc.a(lib_a-vfiprintf.o)
_vfprintf_r                                       /opt/CodeSourcery/bin/../lib/gcc/arm-none-eabi/4.5.1/../../../../arm-none-eabi/lib/libc.a(lib_a-vfprintf.o)
                                                  /opt/CodeSourcery/bin/../lib/gcc/arm-none-eabi/4.5.1/../../../../arm-none-eabi/lib/libc.a(lib_a-printf.o)
_wcrtomb_r                                        /opt/CodeSourcery/bin/../lib/gcc/arm-none-eabi/4.5.1/../../../../arm-none-eabi/lib/libc.a(lib_a-wcrtomb.o)
                                                  /opt/CodeSourcery/bin/../lib/gcc/arm-none-eabi/4.5.1/../../../../arm-none-eabi/lib/libc.a(lib_a-fputwc.o)
_wctomb_r                                         /opt/CodeSourcery/bin/../lib/gcc/arm-none-eabi/4.5.1/../../../../arm-none-eabi/lib/libc.a(lib_a-wctomb_r.o)
_wrapup_reent                                     /opt/CodeSourcery/bin/../lib/gcc/arm-none-eabi/4.5.1/../../../../arm-none-eabi/lib/libc.a(lib_a-reent.o)
_write                                            syscalls.o
_write_r                                          syscalls.o
                                                  /opt/CodeSourcery/bin/../lib/gcc/arm-none-eabi/4.5.1/../../../../arm-none-eabi/lib/libc.a(lib_a-stdio.o)
cleanup_glue                                      /opt/CodeSourcery/bin/../lib/gcc/arm-none-eabi/4.5.1/../../../../arm-none-eabi/lib/libc.a(lib_a-reent.o)
create_task                                       main.o
end                                               syscalls.o
errno                                             /opt/CodeSourcery/bin/../lib/gcc/arm-none-eabi/4.5.1/../../../../arm-none-eabi/lib/libc.a(lib_a-reent.o)
                                                  /opt/CodeSourcery/bin/../lib/gcc/arm-none-eabi/4.5.1/../../../../arm-none-eabi/lib/libc.a(lib_a-isattyr.o)
fclose                                            /opt/CodeSourcery/bin/../lib/gcc/arm-none-eabi/4.5.1/../../../../arm-none-eabi/lib/libc.a(lib_a-fclose.o)
                                                  /opt/CodeSourcery/bin/../lib/gcc/arm-none-eabi/4.5.1/../../../../arm-none-eabi/lib/libc.a(lib_a-findfp.o)
fflush                                            /opt/CodeSourcery/bin/../lib/gcc/arm-none-eabi/4.5.1/../../../../arm-none-eabi/lib/libc.a(lib_a-fflush.o)
fiqregist                                         main.o
fputwc                                            /opt/CodeSourcery/bin/../lib/gcc/arm-none-eabi/4.5.1/../../../../arm-none-eabi/lib/libc.a(lib_a-fputwc.o)
i2cErr                                            i2clib.o
                                                  main.o
i2cmasterset                                      i2clib.o
i2crestart                                        i2clib.o
i2csender                                         i2clib.o
i2cstart                                          i2clib.o
i2cstop                                           i2clib.o
i2enable                                          i2clib.o
                                                  target.o
init_VIC                                          irq.o
                                                  target.o
install_irq                                       irq.o
irqregist                                         main.o
isatty                                            syscalls.o
issrgetbit                                        main.o
kill_task                                         main.o
localeconv                                        /opt/CodeSourcery/bin/../lib/gcc/arm-none-eabi/4.5.1/../../../../arm-none-eabi/lib/libc.a(lib_a-locale.o)
main                                              main.o
                                                  asmfunc.o
memchr                                            /opt/CodeSourcery/bin/../lib/gcc/arm-none-eabi/4.5.1/../../../../arm-none-eabi/lib/libc.a(lib_a-memchr.o)
                                                  /opt/CodeSourcery/bin/../lib/gcc/arm-none-eabi/4.5.1/../../../../arm-none-eabi/lib/libc.a(lib_a-vfiprintf.o)
                                                  /opt/CodeSourcery/bin/../lib/gcc/arm-none-eabi/4.5.1/../../../../arm-none-eabi/lib/libc.a(lib_a-fvwrite.o)
                                                  /opt/CodeSourcery/bin/../lib/gcc/arm-none-eabi/4.5.1/../../../../arm-none-eabi/lib/libc.a(lib_a-vfprintf.o)
memcpy                                            /opt/CodeSourcery/bin/../lib/gcc/arm-none-eabi/4.5.1/../../../../arm-none-eabi/lib/libc.a(lib_a-memcpy.o)
                                                  /opt/CodeSourcery/bin/../lib/gcc/arm-none-eabi/4.5.1/../../../../arm-none-eabi/lib/libc.a(lib_a-mprec.o)
                                                  /opt/CodeSourcery/bin/../lib/gcc/arm-none-eabi/4.5.1/../../../../arm-none-eabi/lib/libc.a(lib_a-fvwrite.o)
                                                  /opt/CodeSourcery/bin/../lib/gcc/arm-none-eabi/4.5.1/../../../../arm-none-eabi/lib/libc.a(lib_a-dtoa.o)
memmove                                           /opt/CodeSourcery/bin/../lib/gcc/arm-none-eabi/4.5.1/../../../../arm-none-eabi/lib/libc.a(lib_a-memmove.o)
                                                  /opt/CodeSourcery/bin/../lib/gcc/arm-none-eabi/4.5.1/../../../../arm-none-eabi/lib/libc.a(lib_a-reallocr.o)
                                                  /opt/CodeSourcery/bin/../lib/gcc/arm-none-eabi/4.5.1/../../../../arm-none-eabi/lib/libc.a(lib_a-fvwrite.o)
memset                                            /opt/CodeSourcery/bin/../lib/gcc/arm-none-eabi/4.5.1/../../../../arm-none-eabi/lib/libc.a(lib_a-memset.o)
                                                  /opt/CodeSourcery/bin/../lib/gcc/arm-none-eabi/4.5.1/../../../../arm-none-eabi/lib/libc.a(lib_a-callocr.o)
                                                  /opt/CodeSourcery/bin/../lib/gcc/arm-none-eabi/4.5.1/../../../../arm-none-eabi/lib/libc.a(lib_a-findfp.o)
printf                                            /opt/CodeSourcery/bin/../lib/gcc/arm-none-eabi/4.5.1/../../../../arm-none-eabi/lib/libc.a(lib_a-printf.o)
                                                  main.o
putc                                              /opt/CodeSourcery/bin/../lib/gcc/arm-none-eabi/4.5.1/../../../../arm-none-eabi/lib/libc.a(lib_a-putc.o)
putchar                                           /opt/CodeSourcery/bin/../lib/gcc/arm-none-eabi/4.5.1/../../../../arm-none-eabi/lib/libc.a(lib_a-putchar.o)
                                                  main.o
puts                                              /opt/CodeSourcery/bin/../lib/gcc/arm-none-eabi/4.5.1/../../../../arm-none-eabi/lib/libc.a(lib_a-puts.o)
                                                  main.o
run_task                                          main.o
setlocale                                         /opt/CodeSourcery/bin/../lib/gcc/arm-none-eabi/4.5.1/../../../../arm-none-eabi/lib/libc.a(lib_a-locale.o)
strcmp                                            /opt/CodeSourcery/bin/../lib/gcc/arm-none-eabi/4.5.1/../../../../arm-none-eabi/lib/libc.a(lib_a-strcmp.o)
                                                  /opt/CodeSourcery/bin/../lib/gcc/arm-none-eabi/4.5.1/../../../../arm-none-eabi/lib/libc.a(lib_a-locale.o)
strlen                                            /opt/CodeSourcery/bin/../lib/gcc/arm-none-eabi/4.5.1/../../../../arm-none-eabi/lib/libc.a(lib_a-strlen.o)
                                                  /opt/CodeSourcery/bin/../lib/gcc/arm-none-eabi/4.5.1/../../../../arm-none-eabi/lib/libc.a(lib_a-vfiprintf.o)
                                                  /opt/CodeSourcery/bin/../lib/gcc/arm-none-eabi/4.5.1/../../../../arm-none-eabi/lib/libc.a(lib_a-vfprintf.o)
                                                  /opt/CodeSourcery/bin/../lib/gcc/arm-none-eabi/4.5.1/../../../../arm-none-eabi/lib/libc.a(lib_a-puts.o)